Component: ARM Compiler 6.16 Tool: armlink [5dfeaa00]

==============================================================================

Section Cross References

    startup_stm32f401xc.o(STACK) refers (Special) to heapauxi.o(.text) for __use_two_region_memory
    startup_stm32f401xc.o(HEAP) refers (Special) to heapauxi.o(.text) for __use_two_region_memory
    startup_stm32f401xc.o(RESET) refers (Special) to heapauxi.o(.text) for __use_two_region_memory
    startup_stm32f401xc.o(RESET) refers to startup_stm32f401xc.o(STACK) for __initial_sp
    startup_stm32f401xc.o(RESET) refers to startup_stm32f401xc.o(.text) for Reset_Handler
    startup_stm32f401xc.o(RESET) refers to lto-llvm-958a2f.o(.text.NMI_Handler) for NMI_Handler
    startup_stm32f401xc.o(RESET) refers to lto-llvm-958a2f.o(.text.HardFault_Handler) for HardFault_Handler
    startup_stm32f401xc.o(RESET) refers to lto-llvm-958a2f.o(.text.MemManage_Handler) for MemManage_Handler
    startup_stm32f401xc.o(RESET) refers to lto-llvm-958a2f.o(.text.BusFault_Handler) for BusFault_Handler
    startup_stm32f401xc.o(RESET) refers to lto-llvm-958a2f.o(.text.UsageFault_Handler) for UsageFault_Handler
    startup_stm32f401xc.o(RESET) refers to lto-llvm-958a2f.o(.text.SVC_Handler) for SVC_Handler
    startup_stm32f401xc.o(RESET) refers to lto-llvm-958a2f.o(.text.DebugMon_Handler) for DebugMon_Handler
    startup_stm32f401xc.o(RESET) refers to lto-llvm-958a2f.o(.text.PendSV_Handler) for PendSV_Handler
    startup_stm32f401xc.o(RESET) refers to lto-llvm-958a2f.o(.text.SysTick_Handler) for SysTick_Handler
    startup_stm32f401xc.o(RESET) refers to lto-llvm-958a2f.o(.text.TIM1_BRK_TIM9_IRQHandler) for TIM1_BRK_TIM9_IRQHandler
    startup_stm32f401xc.o(RESET) refers to lto-llvm-958a2f.o(.text.TIM1_UP_TIM10_IRQHandler) for TIM1_UP_TIM10_IRQHandler
    startup_stm32f401xc.o(RESET) refers to lto-llvm-958a2f.o(.text.TIM1_TRG_COM_TIM11_IRQHandler) for TIM1_TRG_COM_TIM11_IRQHandler
    startup_stm32f401xc.o(RESET) refers to lto-llvm-958a2f.o(.text.TIM2_IRQHandler) for TIM2_IRQHandler
    startup_stm32f401xc.o(RESET) refers to lto-llvm-958a2f.o(.text.EXTI15_10_IRQHandler) for EXTI15_10_IRQHandler
    startup_stm32f401xc.o(RESET) refers to lto-llvm-958a2f.o(.text.DMA2_Stream2_IRQHandler) for DMA2_Stream2_IRQHandler
    startup_stm32f401xc.o(.text) refers (Special) to heapauxi.o(.text) for __use_two_region_memory
    startup_stm32f401xc.o(.text) refers to lto-llvm-958a2f.o(.text.SystemInit) for SystemInit
    startup_stm32f401xc.o(.text) refers to __main.o(!!!main) for __main
    startup_stm32f401xc.o(.text) refers to startup_stm32f401xc.o(HEAP) for Heap_Mem
    startup_stm32f401xc.o(.text) refers to startup_stm32f401xc.o(STACK) for Stack_Mem
    __2sprintf.o(.text) refers to _printf_char_common.o(.text) for _printf_char_common
    __2sprintf.o(.text) refers to _sputc.o(.text) for _sputc
    noretval__2sprintf.o(.text) refers to _printf_char_common.o(.text) for _printf_char_common
    noretval__2sprintf.o(.text) refers to _sputc.o(.text) for _sputc
    __printf.o(.text) refers to _printf_percent.o(.ARM.Collect$$_printf_percent$$00000000) for _printf_percent
    __printf_flags.o(.text) refers to _printf_percent.o(.ARM.Collect$$_printf_percent$$00000000) for _printf_percent
    __printf_flags.o(.text) refers to __printf_flags.o(.constdata) for .constdata
    __printf_ss.o(.text) refers to _printf_percent.o(.ARM.Collect$$_printf_percent$$00000000) for _printf_percent
    __printf_flags_ss.o(.text) refers to _printf_percent.o(.ARM.Collect$$_printf_percent$$00000000) for _printf_percent
    __printf_flags_ss.o(.text) refers to __printf_flags_ss.o(.constdata) for .constdata
    __printf_wp.o(.text) refers to __printf_wp.o(i._is_digit) for _is_digit
    __printf_wp.o(.text) refers to _printf_percent.o(.ARM.Collect$$_printf_percent$$00000000) for _printf_percent
    __printf_flags_wp.o(.text) refers to __printf_wp.o(i._is_digit) for _is_digit
    __printf_flags_wp.o(.text) refers to _printf_percent.o(.ARM.Collect$$_printf_percent$$00000000) for _printf_percent
    __printf_flags_wp.o(.text) refers to __printf_flags_wp.o(.constdata) for .constdata
    __printf_ss_wp.o(.text) refers to __printf_wp.o(i._is_digit) for _is_digit
    __printf_ss_wp.o(.text) refers to _printf_percent.o(.ARM.Collect$$_printf_percent$$00000000) for _printf_percent
    __printf_flags_ss_wp.o(.text) refers to __printf_wp.o(i._is_digit) for _is_digit
    __printf_flags_ss_wp.o(.text) refers to _printf_percent.o(.ARM.Collect$$_printf_percent$$00000000) for _printf_percent
    __printf_flags_ss_wp.o(.text) refers to __printf_flags_ss_wp.o(.constdata) for .constdata
    _printf_percent.o(.ARM.Collect$$_printf_percent$$00000000) refers (Special) to _printf_percent_end.o(.ARM.Collect$$_printf_percent$$00000017) for _printf_percent_end
    __0sscanf.o(.text) refers to scanf_char.o(.text) for __vfscanf_char
    __0sscanf.o(.text) refers to _sgetc.o(.text) for _sgetc
[...]
    lto-llvm-958a2f.o(.ARM.exidx.text.pvPortMalloc) refers (Special) to _scanf_int.o(.text) for _scanf_int
    lto-llvm-958a2f.o(.ARM.exidx.text.pvPortMalloc) refers (Special) to _scanf_str.o(.text) for _scanf_string
    lto-llvm-958a2f.o(.ARM.exidx.text.pvPortMalloc) refers to lto-llvm-958a2f.o(.text.pvPortMalloc) for [Anonymous Symbol]
    lto-llvm-958a2f.o(.text.vPortFree) refers (Special) to _printf_percent.o(.ARM.Collect$$_printf_percent$$00000000) for _printf_percent
    lto-llvm-958a2f.o(.text.vPortFree) refers (Special) to _scanf_int.o(.text) for _scanf_int
    lto-llvm-958a2f.o(.text.vPortFree) refers (Special) to _scanf_str.o(.text) for _scanf_string
    lto-llvm-958a2f.o(.text.vPortFree) refers to lto-llvm-958a2f.o(.bss) for xBlockAllocatedBit
    lto-llvm-958a2f.o(.text.vPortFree) refers to lto-llvm-958a2f.o(.text.xTaskResumeAll) for xTaskResumeAll
    lto-llvm-958a2f.o(.ARM.exidx.text.vPortFree) refers (Special) to _printf_percent.o(.ARM.Collect$$_printf_percent$$00000000) for _printf_percent
    lto-llvm-958a2f.o(.ARM.exidx.text.vPortFree) refers (Special) to _scanf_int.o(.text) for _scanf_int
    lto-llvm-958a2f.o(.ARM.exidx.text.vPortFree) refers (Special) to _scanf_str.o(.text) for _scanf_string
    lto-llvm-958a2f.o(.ARM.exidx.text.vPortFree) refers to lto-llvm-958a2f.o(.text.vPortFree) for [Anonymous Symbol]
    lto-llvm-958a2f.o(.text.prvTaskExitError) refers (Special) to _printf_percent.o(.ARM.Collect$$_printf_percent$$00000000) for _printf_percent
    lto-llvm-958a2f.o(.text.prvTaskExitError) refers (Special) to _scanf_int.o(.text) for _scanf_int
    lto-llvm-958a2f.o(.text.prvTaskExitError) refers (Special) to _scanf_str.o(.text) for _scanf_string
    lto-llvm-958a2f.o(.text.prvTaskExitError) refers to lto-llvm-958a2f.o(.data) for uxCriticalNesting
    lto-llvm-958a2f.o(.ARM.exidx.text.prvTaskExitError) refers (Special) to _printf_percent.o(.ARM.Collect$$_printf_percent$$00000000) for _printf_percent
    lto-llvm-958a2f.o(.ARM.exidx.text.prvTaskExitError) refers (Special) to _scanf_int.o(.text) for _scanf_int
    lto-llvm-958a2f.o(.ARM.exidx.text.prvTaskExitError) refers (Special) to _scanf_str.o(.text) for _scanf_string
    lto-llvm-958a2f.o(.ARM.exidx.text.prvTaskExitError) refers to lto-llvm-958a2f.o(.text.prvTaskExitError) for [Anonymous Symbol]
    lto-llvm-958a2f.o(.text.SVC_Handler) refers (Special) to _printf_percent.o(.ARM.Collect$$_printf_percent$$00000000) for _printf_percent
    lto-llvm-958a2f.o(.text.SVC_Handler) refers (Special) to _scanf_int.o(.text) for _scanf_int
    lto-llvm-958a2f.o(.text.SVC_Handler) refers (Special) to _scanf_str.o(.text) for _scanf_string
    lto-llvm-958a2f.o(.text.SVC_Handler) refers to lto-llvm-958a2f.o(.bss) for [Anonymous Symbol]
    lto-llvm-958a2f.o(.ARM.exidx.text.SVC_Handler) refers (Special) to _printf_percent.o(.ARM.Collect$$_printf_percent$$00000000) for _printf_percent
    lto-llvm-958a2f.o(.ARM.exidx.text.SVC_Handler) refers (Special) to _scanf_int.o(.text) for _scanf_int
    lto-llvm-958a2f.o(.ARM.exidx.text.SVC_Handler) refers (Special) to _scanf_str.o(.text) for _scanf_string
    lto-llvm-958a2f.o(.ARM.exidx.text.SVC_Handler) refers to lto-llvm-958a2f.o(.text.SVC_Handler) for [Anonymous Symbol]
    lto-llvm-958a2f.o(.text.vPortEnableVFP) refers (Special) to _printf_percent.o(.ARM.Collect$$_printf_percent$$00000000) for _printf_percent
    lto-llvm-958a2f.o(.text.vPortEnableVFP) refers (Special) to _scanf_int.o(.text) for _scanf_int
    lto-llvm-958a2f.o(.text.vPortEnableVFP) refers (Special) to _scanf_str.o(.text) for _scanf_string
    lto-llvm-958a2f.o(.ARM.exidx.text.vPortEnableVFP) refers (Special) to _printf_percent.o(.ARM.Collect$$_printf_percent$$00000000) for _printf_percent
    lto-llvm-958a2f.o(.ARM.exidx.text.vPortEnableVFP) refers (Special) to _scanf_int.o(.text) for _scanf_int
    lto-llvm-958a2f.o(.ARM.exidx.text.vPortEnableVFP) refers (Special) to _scanf_str.o(.text) for _scanf_string
    lto-llvm-958a2f.o(.ARM.exidx.text.vPortEnableVFP) refers to lto-llvm-958a2f.o(.text.vPortEnableVFP) for [Anonymous Symbol]
    lto-llvm-958a2f.o(.text.prvPortStartFirstTask) refers (Special) to _printf_percent.o(.ARM.Collect$$_printf_percent$$00000000) for _printf_percent
    lto-llvm-958a2f.o(.text.prvPortStartFirstTask) refers (Special) to _scanf_int.o(.text) for _scanf_int
    lto-llvm-958a2f.o(.text.prvPortStartFirstTask) refers (Special) to _scanf_str.o(.text) for _scanf_string
    lto-llvm-958a2f.o(.ARM.exidx.text.prvPortStartFirstTask) refers (Special) to _printf_percent.o(.ARM.Collect$$_printf_percent$$00000000) for _printf_percent
    lto-llvm-958a2f.o(.ARM.exidx.text.prvPortStartFirstTask) refers (Special) to _scanf_int.o(.text) for _scanf_int
    lto-llvm-958a2f.o(.ARM.exidx.text.prvPortStartFirstTask) refers (Special) to _scanf_str.o(.text) for _scanf_string
    lto-llvm-958a2f.o(.ARM.exidx.text.prvPortStartFirstTask) refers to lto-llvm-958a2f.o(.text.prvPortStartFirstTask) for [Anonymous Symbol]
    lto-llvm-958a2f.o(.text.PendSV_Handler) refers (Special) to _printf_percent.o(.ARM.Collect$$_printf_percent$$00000000) for _printf_percent
    lto-llvm-958a2f.o(.text.PendSV_Handler) refers (Special) to _scanf_int.o(.text) for _scanf_int
    lto-llvm-958a2f.o(.text.PendSV_Handler) refers (Special) to _scanf_str.o(.text) for _scanf_string
    lto-llvm-958a2f.o(.text.PendSV_Handler) refers to lto-llvm-958a2f.o(.text.vTaskSwitchContext) for vTaskSwitchContext
    lto-llvm-958a2f.o(.text.PendSV_Handler) refers to lto-llvm-958a2f.o(.bss) for [Anonymous Symbol]
    lto-llvm-958a2f.o(.ARM.exidx.text.PendSV_Handler) refers (Special) to _printf_percent.o(.ARM.Collect$$_printf_percent$$00000000) for _printf_percent
    lto-llvm-958a2f.o(.ARM.exidx.text.PendSV_Handler) refers (Special) to _scanf_int.o(.text) for _scanf_int
    lto-llvm-958a2f.o(.ARM.exidx.text.PendSV_Handler) refers (Special) to _scanf_str.o(.text) for _scanf_string
    lto-llvm-958a2f.o(.ARM.exidx.text.PendSV_Handler) refers to lto-llvm-958a2f.o(.text.PendSV_Handler) for [Anonymous Symbol]
    lto-llvm-958a2f.o(.text.SysTick_Handler) refers (Special) to _printf_percent.o(.ARM.Collect$$_printf_percent$$00000000) for _printf_percent
    lto-llvm-958a2f.o(.text.SysTick_Handler) refers (Special) to _scanf_int.o(.text) for _scanf_int
    lto-llvm-958a2f.o(.text.SysTick_Handler) refers (Special) to _scanf_str.o(.text) for _scanf_string
    lto-llvm-958a2f.o(.text.SysTick_Handler) refers to lto-llvm-958a2f.o(.text.xTaskIncrementTick) for xTaskIncrementTick
    lto-llvm-958a2f.o(.ARM.exidx.text.SysTick_Handler) refers (Special) to _printf_percent.o(.ARM.Collect$$_printf_percent$$00000000) for _printf_percent
    lto-llvm-958a2f.o(.ARM.exidx.text.SysTick_Handler) refers (Special) to _scanf_int.o(.text) for _scanf_int
    lto-llvm-958a2f.o(.ARM.exidx.text.SysTick_Handler) refers (Special) to _scanf_str.o(.text) for _scanf_string
    lto-llvm-958a2f.o(.ARM.exidx.text.SysTick_Handler) refers to lto-llvm-958a2f.o(.text.SysTick_Handler) for [Anonymous Symbol]
    lto-llvm-958a2f.o(.text.drv8255_make_steps) refers (Special) to _printf_percent.o(.ARM.Collect$$_printf_percent$$00000000) for _printf_percent
    lto-llvm-958a2f.o(.text.drv8255_make_steps) refers (Special) to _scanf_int.o(.text) for _scanf_int
    lto-llvm-958a2f.o(.text.drv8255_make_steps) refers (Special) to _scanf_str.o(.text) for _scanf_string
    lto-llvm-958a2f.o(.text.drv8255_make_steps) refers to lto-llvm-958a2f.o(.text.osDelay) for osDelay
    lto-llvm-958a2f.o(.ARM.exidx.text.drv8255_make_steps) refers (Special) to _printf_percent.o(.ARM.Collect$$_printf_percent$$00000000) for _printf_percent
    lto-llvm-958a2f.o(.ARM.exidx.text.drv8255_make_steps) refers (Special) to _scanf_int.o(.text) for _scanf_int
    lto-llvm-958a2f.o(.ARM.exidx.text.drv8255_make_steps) refers (Special) to _scanf_str.o(.text) for _scanf_string
    lto-llvm-958a2f.o(.ARM.exidx.text.drv8255_make_steps) refers to lto-llvm-958a2f.o(.text.drv8255_make_steps) for [Anonymous Symbol]
    lto-llvm-958a2f.o(.ARM.use_no_argv) refers (Special) to _printf_percent.o(.ARM.Collect$$_printf_percent$$00000000) for _printf_percent
    lto-llvm-958a2f.o(.ARM.use_no_argv) refers (Special) to _scanf_int.o(.text) for _scanf_int
    lto-llvm-958a2f.o(.ARM.use_no_argv) refers (Special) to _scanf_str.o(.text) for _scanf_string
    lto-llvm-958a2f.o(.bss) refers (Special) to _printf_percent.o(.ARM.Collect$$_printf_percent$$00000000) for _printf_percent
    lto-llvm-958a2f.o(.bss) refers (Special) to _scanf_int.o(.text) for _scanf_int
    lto-llvm-958a2f.o(.bss) refers (Special) to _scanf_str.o(.text) for _scanf_string
    lto-llvm-958a2f.o(.data) refers (Special) to _printf_percent.o(.ARM.Collect$$_printf_percent$$00000000) for _printf_percent
    lto-llvm-958a2f.o(.data) refers (Special) to _scanf_int.o(.text) for _scanf_int
    lto-llvm-958a2f.o(.data) refers (Special) to _scanf_str.o(.text) for _scanf_string
    lto-llvm-958a2f.o(.data) refers to lto-llvm-958a2f.o(.bss) for [Anonymous Symbol]
    lto-llvm-958a2f.o(.rodata.cst8) refers (Special) to _printf_percent.o(.ARM.Collect$$_printf_percent$$00000000) for _printf_percent
    lto-llvm-958a2f.o(.rodata.cst8) refers (Special) to _scanf_int.o(.text) for _scanf_int
    lto-llvm-958a2f.o(.rodata.cst8) refers (Special) to _scanf_str.o(.text) for _scanf_string
    lto-llvm-958a2f.o(.rodata.str1.1) refers (Special) to _printf_percent.o(.ARM.Collect$$_printf_percent$$00000000) for _printf_percent
    lto-llvm-958a2f.o(.rodata.str1.1) refers (Special) to _scanf_int.o(.text) for _scanf_int
    lto-llvm-958a2f.o(.rodata.str1.1) refers (Special) to _scanf_str.o(.text) for _scanf_string
    rt_memclr.o(.text) refers to rt_memclr_w.o(.text) for _memset_w
    aeabi_ldiv0_sigfpe.o(.text) refers to rt_div0.o(.text) for __rt_div0
    rt_div0.o(.text) refers to defsig_fpe_outer.o(.text) for __rt_SIGFPE
    defsig_fpe_outer.o(.text) refers to defsig_fpe_inner.o(.text) for __rt_SIGFPE_inner
    defsig_fpe_outer.o(.text) refers to defsig_exit.o(.text) for __sig_exit
    defsig_fpe_formal.o(.text) refers to rt_raise.o(.text) for __rt_raise


==============================================================================

Removing Unused input sections from the image.

    Removing lto-llvm-958a2f.o(.text), (0 bytes).
    Removing lto-llvm-958a2f.o(.ARM.exidx.text.main), (8 bytes).
    Removing lto-llvm-958a2f.o(.ARM.exidx.text.StartTask05), (8 bytes).
    Removing lto-llvm-958a2f.o(.ARM.exidx.text.__NVIC_SystemReset), (8 bytes).
    Removing lto-llvm-958a2f.o(.ARM.exidx.text.StartTask04), (8 bytes).
    Removing lto-llvm-958a2f.o(.ARM.exidx.text.StartTask03), (8 bytes).
    Removing lto-llvm-958a2f.o(.ARM.exidx.text.StartTask02), (8 bytes).
    Removing lto-llvm-958a2f.o(.ARM.exidx.text.StartDefaultTask), (8 bytes).
    Removing lto-llvm-958a2f.o(.ARM.exidx.text.NMI_Handler), (8 bytes).
    Removing lto-llvm-958a2f.o(.ARM.exidx.text.HardFault_Handler), (8 bytes).
    Removing lto-llvm-958a2f.o(.ARM.exidx.text.MemManage_Handler), (8 bytes).
    Removing lto-llvm-958a2f.o(.ARM.exidx.text.BusFault_Handler), (8 bytes).
    Removing lto-llvm-958a2f.o(.ARM.exidx.text.UsageFault_Handler), (8 bytes).
    Removing lto-llvm-958a2f.o(.ARM.exidx.text.DebugMon_Handler), (8 bytes).
    Removing lto-llvm-958a2f.o(.ARM.exidx.text.TIM1_BRK_TIM9_IRQHandler), (8 bytes).
    Removing lto-llvm-958a2f.o(.ARM.exidx.text.TIM1_UP_TIM10_IRQHandler), (8 bytes).
    Removing lto-llvm-958a2f.o(.ARM.exidx.text.TIM1_TRG_COM_TIM11_IRQHandler), (8 bytes).
    Removing lto-llvm-958a2f.o(.ARM.exidx.text.TIM2_IRQHandler), (8 bytes).
    Removing lto-llvm-958a2f.o(.ARM.exidx.text.EXTI15_10_IRQHandler), (8 bytes).
    Removing lto-llvm-958a2f.o(.ARM.exidx.text.DMA2_Stream2_IRQHandler), (8 bytes).
    Removing lto-llvm-958a2f.o(.ARM.exidx.text.HAL_InitTick), (8 bytes).
    Removing lto-llvm-958a2f.o(.ARM.exidx.text.HAL_GPIO_Init), (8 bytes).
    Removing lto-llvm-958a2f.o(.ARM.exidx.text.HAL_TIM_Base_Init), (8 bytes).
    Removing lto-llvm-958a2f.o(.ARM.exidx.text.TIM_Base_SetConfig), (8 bytes).
    Removing lto-llvm-958a2f.o(.ARM.exidx.text.HAL_TIM_PWM_Stop_IT), (8 bytes).
    Removing lto-llvm-958a2f.o(.ARM.exidx.text.HAL_TIM_IRQHandler), (8 bytes).
    Removing lto-llvm-958a2f.o(.ARM.exidx.text.HAL_TIM_ConfigClockSource), (8 bytes).
    Removing lto-llvm-958a2f.o(.ARM.exidx.text.HAL_UART_Transmit), (8 bytes).
    Removing lto-llvm-958a2f.o(.ARM.exidx.text.UART_DMAError), (8 bytes).
    Removing lto-llvm-958a2f.o(.ARM.exidx.text.HAL_UART_Receive_DMA), (8 bytes).
    Removing lto-llvm-958a2f.o(.ARM.exidx.text.UART_DMAReceiveCplt), (8 bytes).
    Removing lto-llvm-958a2f.o(.ARM.exidx.text.UART_DMARxHalfCplt), (8 bytes).
    Removing lto-llvm-958a2f.o(.ARM.exidx.text.SystemInit), (8 bytes).
    Removing lto-llvm-958a2f.o(.ARM.exidx.text.vTaskSwitchContext), (8 bytes).
    Removing lto-llvm-958a2f.o(.ARM.exidx.text.xTaskCreate), (8 bytes).
    Removing lto-llvm-958a2f.o(.ARM.exidx.text.xTaskResumeAll), (8 bytes).
    Removing lto-llvm-958a2f.o(.ARM.exidx.text.xTaskIncrementTick), (8 bytes).
    Removing lto-llvm-958a2f.o(.ARM.exidx.text.prvIdleTask), (8 bytes).
    Removing lto-llvm-958a2f.o(.ARM.exidx.text.osDelay), (8 bytes).
    Removing lto-llvm-958a2f.o(.ARM.exidx.text.pvPortMalloc), (8 bytes).
    Removing lto-llvm-958a2f.o(.ARM.exidx.text.vPortFree), (8 bytes).
    Removing lto-llvm-958a2f.o(.ARM.exidx.text.prvTaskExitError), (8 bytes).
    Removing lto-llvm-958a2f.o(.ARM.exidx.text.SVC_Handler), (8 bytes).
    Removing lto-llvm-958a2f.o(.ARM.exidx.text.vPortEnableVFP), (8 bytes).
    Removing lto-llvm-958a2f.o(.ARM.exidx.text.prvPortStartFirstTask), (8 bytes).
    Removing lto-llvm-958a2f.o(.ARM.exidx.text.PendSV_Handler), (8 bytes).
    Removing lto-llvm-958a2f.o(.ARM.exidx.text.SysTick_Handler), (8 bytes).
    Removing lto-llvm-958a2f.o(.ARM.exidx.text.drv8255_make_steps), (8 bytes).
    Removing lto-llvm-958a2f.o(.ARM.use_no_argv), (4 bytes).

49 unused section(s) (total 380 bytes) removed from the image.

==============================================================================

Image Symbol Table

    Local Symbols

    Symbol Name                              Value     Ov Type        Size  Object(Section)

    ../clib/angel/boardlib.s                 0x00000000   Number         0  boardinit1.o ABSOLUTE
    ../clib/angel/boardlib.s                 0x00000000   Number         0  boardinit2.o ABSOLUTE
    ../clib/angel/boardlib.s                 0x00000000   Number         0  boardinit3.o ABSOLUTE
    ../clib/angel/boardlib.s                 0x00000000   Number         0  boardshut.o ABSOLUTE
    ../clib/angel/dczerorl2.s                0x00000000   Number         0  __dczerorl2.o ABSOLUTE
    ../clib/angel/handlers.s                 0x00000000   Number         0  __scatter_zi.o ABSOLUTE
    ../clib/angel/kernel.s                   0x00000000   Number         0  __rtentry.o ABSOLUTE
    ../clib/angel/kernel.s                   0x00000000   Number         0  __rtentry2.o ABSOLUTE
    ../clib/angel/kernel.s                   0x00000000   Number         0  __rtentry4.o ABSOLUTE
    ../clib/angel/kernel.s                   0x00000000   Number         0  rtexit.o ABSOLUTE
    ../clib/angel/kernel.s                   0x00000000   Number         0  rtexit2.o ABSOLUTE
    ../clib/angel/rt.s                       0x00000000   Number         0  rt_ctype_table.o ABSOLUTE
    ../clib/angel/rt.s                       0x00000000   Number         0  rt_locale.o ABSOLUTE
    ../clib/angel/rt.s                       0x00000000   Number         0  rt_locale_intlibspace.o ABSOLUTE
    ../clib/angel/rt.s                       0x00000000   Number         0  rt_raise.o ABSOLUTE
    ../clib/angel/rt.s                       0x00000000   Number         0  aeabi_ldiv0.o ABSOLUTE
    ../clib/angel/rt.s                       0x00000000   Number         0  aeabi_ldiv0_sigfpe.o ABSOLUTE
    ../clib/angel/rt.s                       0x00000000   Number         0  rt_div0.o ABSOLUTE
    ../clib/angel/scatter.s                  0x00000000   Number         0  __scatter.o ABSOLUTE
    ../clib/angel/startup.s                  0x00000000   Number         0  __main.o ABSOLUTE
    ../clib/angel/sys.s                      0x00000000   Number         0  sys_stackheap_outer.o ABSOLUTE
    ../clib/angel/sys.s                      0x00000000   Number         0  libspace.o ABSOLUTE
    ../clib/angel/sys.s                      0x00000000   Number         0  use_no_semi.o ABSOLUTE
    ../clib/angel/sys.s                      0x00000000   Number         0  indicate_semi.o ABSOLUTE
    ../clib/angel/sysapp.c                   0x00000000   Number         0  sys_exit.o ABSOLUTE
    ../clib/angel/sysapp.c                   0x00000000   Number         0  sys_exit_hlt.o ABSOLUTE
    ../clib/angel/sysapp.c                   0x00000000   Number         0  sys_command.o ABSOLUTE
    ../clib/angel/sysapp.c                   0x00000000   Number         0  sys_command_hlt.o ABSOLUTE
    ../clib/angel/sysapp.c                   0x00000000   Number         0  sys_wrch.o ABSOLUTE
    ../clib/angel/sysapp.c                   0x00000000   Number         0  sys_wrch_hlt.o ABSOLUTE
    ../clib/armsys.c                         0x00000000   Number         0  argv_veneer.o ABSOLUTE
    ../clib/armsys.c                         0x00000000   Number         0  argv_veneer.o ABSOLUTE
    ../clib/armsys.c                         0x00000000   Number         0  _get_argv_nomalloc.o ABSOLUTE
    ../clib/armsys.c                         0x00000000   Number         0  no_argv.o ABSOLUTE
    ../clib/ctype.c                          0x00000000   Number         0  isspace.o ABSOLUTE
    ../clib/heapalloc.c                      0x00000000   Number         0  hrguard.o ABSOLUTE
    ../clib/heapaux.c                        0x00000000   Number         0  heapauxi.o ABSOLUTE
    ../clib/libinit.s                        0x00000000   Number         0  libinit.o ABSOLUTE
    ../clib/libinit.s                        0x00000000   Number         0  libinit2.o ABSOLUTE
    ../clib/libinit.s                        0x00000000   Number         0  libshutdown.o ABSOLUTE
    ../clib/libinit.s                        0x00000000   Number         0  libshutdown2.o ABSOLUTE
    ../clib/locale.s                         0x00000000   Number         0  lc_ctype_c.o ABSOLUTE
    ../clib/longlong.s                       0x00000000   Number         0  lludivv7m.o ABSOLUTE
    ../clib/memcpset.s                       0x00000000   Number         0  strcmpv7em.o ABSOLUTE
    ../clib/memcpset.s                       0x00000000   Number         0  rt_memclr.o ABSOLUTE
    ../clib/memcpset.s                       0x00000000   Number         0  rt_memclr_w.o ABSOLUTE
    ../clib/printf.c                         0x00000000   Number         0  __2sprintf.o ABSOLUTE
    ../clib/printf.c                         0x00000000   Number         0  noretval__2sprintf.o ABSOLUTE
    ../clib/printf.c                         0x00000000   Number         0  __printf.o ABSOLUTE
    ../clib/printf.c                         0x00000000   Number         0  __printf_flags.o ABSOLUTE
    ../clib/printf.c                         0x00000000   Number         0  __printf_ss.o ABSOLUTE
    ../clib/printf.c                         0x00000000   Number         0  __printf_flags_ss.o ABSOLUTE
    ../clib/printf.c                         0x00000000   Number         0  __printf_wp.o ABSOLUTE
    ../clib/printf.c                         0x00000000   Number         0  __printf_flags_wp.o ABSOLUTE
    ../clib/printf.c                         0x00000000   Number         0  __printf_ss_wp.o ABSOLUTE
    ../clib/printf.c                         0x00000000   Number         0  __printf_flags_ss_wp.o ABSOLUTE
    ../clib/printf.c                         0x00000000   Number         0  _printf_char_common.o ABSOLUTE
    ../clib/printf.c                         0x00000000   Number         0  _sputc.o ABSOLUTE
    ../clib/printf.c                         0x00000000   Number         0  __printf_nopercent.o ABSOLUTE
    ../clib/printf_percent.s                 0x00000000   Number         0  _printf_percent.o ABSOLUTE
    ../clib/printf_percent.s                 0x00000000   Number         0  _printf_percent_end.o ABSOLUTE
    ../clib/scanf.c                          0x00000000   Number         0  __0sscanf.o ABSOLUTE
    ../clib/scanf.c                          0x00000000   Number         0  _scanf_int.o ABSOLUTE
    ../clib/scanf.c                          0x00000000   Number         0  _scanf_str.o ABSOLUTE
    ../clib/scanf.c                          0x00000000   Number         0  _chval.o ABSOLUTE
    ../clib/scanf.c                          0x00000000   Number         0  scanf_char.o ABSOLUTE
    ../clib/scanf.c                          0x00000000   Number         0  _sgetc.o ABSOLUTE
    ../clib/scanf.c                          0x00000000   Number         0  _scanf.o ABSOLUTE
    ../clib/signal.c                         0x00000000   Number         0  defsig_rtmem_outer.o ABSOLUTE
    ../clib/signal.c                         0x00000000   Number         0  defsig_rtmem_formal.o ABSOLUTE
    ../clib/signal.c                         0x00000000   Number         0  defsig_exit.o ABSOLUTE
    ../clib/signal.c                         0x00000000   Number         0  defsig_rtmem_inner.o ABSOLUTE
    ../clib/signal.c                         0x00000000   Number         0  __raise.o ABSOLUTE
    ../clib/signal.c                         0x00000000   Number         0  defsig_general.o ABSOLUTE
    ../clib/signal.c                         0x00000000   Number         0  defsig_abrt_inner.o ABSOLUTE
    ../clib/signal.c                         0x00000000   Number         0  defsig_fpe_inner.o ABSOLUTE
    ../clib/signal.c                         0x00000000   Number         0  defsig_rtred_inner.o ABSOLUTE
    ../clib/signal.c                         0x00000000   Number         0  defsig_stak_inner.o ABSOLUTE
    ../clib/signal.c                         0x00000000   Number         0  defsig_pvfn_inner.o ABSOLUTE
    ../clib/signal.c                         0x00000000   Number         0  defsig_cppl_inner.o ABSOLUTE
    ../clib/signal.c                         0x00000000   Number         0  defsig_segv_inner.o ABSOLUTE
    ../clib/signal.c                         0x00000000   Number         0  defsig_other.o ABSOLUTE
    ../clib/signal.c                         0x00000000   Number         0  defsig_fpe_outer.o ABSOLUTE
    ../clib/signal.c                         0x00000000   Number         0  defsig_fpe_formal.o ABSOLUTE
    ../clib/signal.s                         0x00000000   Number         0  defsig.o ABSOLUTE
    ../clib/stdlib.c                         0x00000000   Number         0  exit.o ABSOLUTE
    ../clib/string.c                         0x00000000   Number         0  memcmp.o ABSOLUTE
    ../clib/string.c                         0x00000000   Number         0  strlen.o ABSOLUTE
    ../fplib/fpinit.s                        0x00000000   Number         0  fpinit.o ABSOLUTE
    dc.s                                     0x00000000   Number         0  dc.o ABSOLUTE
    ld-temp.o                                0x00000000   Number         0  lto-llvm-958a2f.o ABSOLUTE
    startup_stm32f401xc.s                    0x00000000   Number         0  startup_stm32f401xc.o ABSOLUTE
    RESET                                    0x08000000   Section      404  startup_stm32f401xc.o(RESET)
    !!!main                                  0x08000194   Section        8  __main.o(!!!main)
    !!!scatter                               0x0800019c   Section       52  __scatter.o(!!!scatter)
    !!dczerorl2                              0x080001d0   Section       90  __dczerorl2.o(!!dczerorl2)
    !!handler_zi                             0x0800022c   Section       28  __scatter_zi.o(!!handler_zi)
    .ARM.Collect$$_printf_percent$$00000000  0x08000248   Section        0  _printf_percent.o(.ARM.Collect$$_printf_percent$$00000000)
    .ARM.Collect$$_printf_percent$$00000017  0x08000248   Section        4  _printf_percent_end.o(.ARM.Collect$$_printf_percent$$00000017)
    .ARM.Collect$$libinit$$00000000          0x0800024c   Section        2  libinit.o(.ARM.Collect$$libinit$$00000000)
    .ARM.Collect$$libinit$$00000001          0x0800024e   Section        4  libinit2.o(.ARM.Collect$$libinit$$00000001)
    .ARM.Collect$$libinit$$00000004          0x08000252   Section        0  libinit2.o(.ARM.Collect$$libinit$$00000004)
    .ARM.Collect$$libinit$$0000000A          0x08000252   Section        0  libinit2.o(.ARM.Collect$$libinit$$0000000A)
    .ARM.Collect$$libinit$$0000000C          0x08000252   Section        0  libinit2.o(.ARM.Collect$$libinit$$0000000C)
    .ARM.Collect$$libinit$$0000000E          0x08000252   Section        0  libinit2.o(.ARM.Collect$$libinit$$0000000E)
    .ARM.Collect$$libinit$$0000000F          0x08000252   Section        6  libinit2.o(.ARM.Collect$$libinit$$0000000F)
    .ARM.Collect$$libinit$$00000011          0x08000258   Section        0  libinit2.o(.ARM.Collect$$libinit$$00000011)
    .ARM.Collect$$libinit$$00000012          0x08000258   Section       12  libinit2.o(.ARM.Collect$$libinit$$00000012)
    .ARM.Collect$$libinit$$00000013          0x08000264   Section        0  libinit2.o(.ARM.Collect$$libinit$$00000013)
    .ARM.Collect$$libinit$$00000015          0x08000264   Section        0  libinit2.o(.ARM.Collect$$libinit$$00000015)
    .ARM.Collect$$libinit$$00000017          0x08000264   Section        0  libinit2.o(.ARM.Collect$$libinit$$00000017)
    .ARM.Collect$$libinit$$00000019          0x08000264   Section        0  libinit2.o(.ARM.Collect$$libinit$$00000019)
    .ARM.Collect$$libinit$$0000001B          0x08000264   Section        0  libinit2.o(.ARM.Collect$$libinit$$0000001B)
    .ARM.Collect$$libinit$$0000001D          0x08000264   Section        0  libinit2.o(.ARM.Collect$$libinit$$0000001D)
    .ARM.Collect$$libinit$$0000001F          0x08000264   Section        0  libinit2.o(.ARM.Collect$$libinit$$0000001F)
    .ARM.Collect$$libinit$$00000021          0x08000264   Section        0  libinit2.o(.ARM.Collect$$libinit$$00000021)
    .ARM.Collect$$libinit$$00000023          0x08000264   Section        0  libinit2.o(.ARM.Collect$$libinit$$00000023)
    .ARM.Collect$$libinit$$00000025          0x08000264   Section        0  libinit2.o(.ARM.Collect$$libinit$$00000025)
    .ARM.Collect$$libinit$$0000002C          0x08000264   Section        0  libinit2.o(.ARM.Collect$$libinit$$0000002C)
    .ARM.Collect$$libinit$$0000002E          0x08000264   Section        0  libinit2.o(.ARM.Collect$$libinit$$0000002E)
    .ARM.Collect$$libinit$$00000030          0x08000264   Section        0  libinit2.o(.ARM.Collect$$libinit$$00000030)
    .ARM.Collect$$libinit$$00000032          0x08000264   Section        0  libinit2.o(.ARM.Collect$$libinit$$00000032)
    .ARM.Collect$$libinit$$00000033          0x08000264   Section        2  libinit2.o(.ARM.Collect$$libinit$$00000033)
    .ARM.Collect$$libshutdown$$00000000      0x08000266   Section        2  libshutdown.o(.ARM.Collect$$libshutdown$$00000000)
    .ARM.Collect$$libshutdown$$00000002      0x08000268   Section        0  libshutdown2.o(.ARM.Collect$$libshutdown$$00000002)
    .ARM.Collect$$libshutdown$$00000004      0x08000268   Section        0  libshutdown2.o(.ARM.Collect$$libshutdown$$00000004)
    .ARM.Collect$$libshutdown$$00000007      0x08000268   Section        0  libshutdown2.o(.ARM.Collect$$libshutdown$$00000007)
    .ARM.Collect$$libshutdown$$0000000A      0x08000268   Section        0  libshutdown2.o(.ARM.Collect$$libshutdown$$0000000A)
    .ARM.Collect$$libshutdown$$0000000C      0x08000268   Section        0  libshutdown2.o(.ARM.Collect$$libshutdown$$0000000C)
    .ARM.Collect$$libshutdown$$0000000F      0x08000268   Section        0  libshutdown2.o(.ARM.Collect$$libshutdown$$0000000F)
    .ARM.Collect$$libshutdown$$00000010      0x08000268   Section        2  libshutdown2.o(.ARM.Collect$$libshutdown$$00000010)
    .ARM.Collect$$rtentry$$00000000          0x0800026a   Section        0  __rtentry.o(.ARM.Collect$$rtentry$$00000000)
    .ARM.Collect$$rtentry$$00000002          0x0800026a   Section        0  __rtentry2.o(.ARM.Collect$$rtentry$$00000002)
    .ARM.Collect$$rtentry$$00000004          0x0800026a   Section        6  __rtentry4.o(.ARM.Collect$$rtentry$$00000004)
    .ARM.Collect$$rtentry$$00000009          0x08000270   Section        0  __rtentry2.o(.ARM.Collect$$rtentry$$00000009)
    .ARM.Collect$$rtentry$$0000000A          0x08000270   Section        4  __rtentry2.o(.ARM.Collect$$rtentry$$0000000A)
    .ARM.Collect$$rtentry$$0000000C          0x08000274   Section        0  __rtentry2.o(.ARM.Collect$$rtentry$$0000000C)
    .ARM.Collect$$rtentry$$0000000D          0x08000274   Section        8  __rtentry2.o(.ARM.Collect$$rtentry$$0000000D)
    .ARM.Collect$$rtexit$$00000000           0x0800027c   Section        2  rtexit.o(.ARM.Collect$$rtexit$$00000000)
    .ARM.Collect$$rtexit$$00000002           0x0800027e   Section        0  rtexit2.o(.ARM.Collect$$rtexit$$00000002)
    .ARM.Collect$$rtexit$$00000003           0x0800027e   Section        4  rtexit2.o(.ARM.Collect$$rtexit$$00000003)
    .ARM.Collect$$rtexit$$00000004           0x08000282   Section        6  rtexit2.o(.ARM.Collect$$rtexit$$00000004)
    $v0                                      0x08000288   Number         0  startup_stm32f401xc.o(.text)
    .text                                    0x08000288   Section       64  startup_stm32f401xc.o(.text)
    .text                                    0x080002c8   Section        0  noretval__2sprintf.o(.text)
    .text                                    0x080002f0   Section        0  __printf.o(.text)
    .text                                    0x08000358   Section        0  __0sscanf.o(.text)
    .text                                    0x08000394   Section        0  _scanf_int.o(.text)
    .text                                    0x080004e0   Section        0  _scanf_str.o(.text)
    .text                                    0x080005c0   Section        0  memcmp.o(.text)
    .text                                    0x08000618   Section        0  strlen.o(.text)
    .text                                    0x08000656   Section        0  heapauxi.o(.text)
    _printf_input_char                       0x0800065d   Thumb Code    10  _printf_char_common.o(.text)
    .text                                    0x0800065c   Section        0  _printf_char_common.o(.text)
    .text                                    0x0800068c   Section        0  _sputc.o(.text)
    .text                                    0x08000696   Section        0  _chval.o(.text)
    _scanf_char_input                        0x080006b5   Thumb Code    12  scanf_char.o(.text)
    .text                                    0x080006b4   Section        0  scanf_char.o(.text)
    .text                                    0x080006e0   Section        0  _sgetc.o(.text)
    .text                                    0x08000720   Section        0  isspace.o(.text)
    .text                                    0x08000734   Section        0  _scanf.o(.text)
    .text                                    0x08000aa8   Section       74  sys_stackheap_outer.o(.text)
    .text                                    0x08000af4   Section       16  rt_ctype_table.o(.text)
    .text                                    0x08000b04   Section        0  exit.o(.text)
    .text                                    0x08000b18   Section        8  libspace.o(.text)
    .text                                    0x08000b20   Section        8  rt_locale_intlibspace.o(.text)
    .text                                    0x08000b28   Section      124  strcmpv7em.o(.text)
    .text                                    0x08000ba4   Section        0  sys_exit.o(.text)
    .text                                    0x08000bb0   Section        2  use_no_semi.o(.text)
    .text                                    0x08000bb2   Section        0  indicate_semi.o(.text)
    .text                                    0x08000bb2   Section      240  lludivv7m.o(.text)
    .text                                    0x08000ca2   Section       68  rt_memclr.o(.text)
    .text                                    0x08000ce6   Section       78  rt_memclr_w.o(.text)
    [Anonymous Symbol]                       0x08000d34   Section        0  lto-llvm-958a2f.o(.text.BusFault_Handler)
    [Anonymous Symbol]                       0x08000d38   Section        0  lto-llvm-958a2f.o(.text.DMA2_Stream2_IRQHandler)
    [Anonymous Symbol]                       0x08000ee4   Section        0  lto-llvm-958a2f.o(.text.DebugMon_Handler)
    [Anonymous Symbol]                       0x08000ee8   Section        0  lto-llvm-958a2f.o(.text.EXTI15_10_IRQHandler)
    HAL_GPIO_Init                            0x08001061   Thumb Code   438  lto-llvm-958a2f.o(.text.HAL_GPIO_Init)
    [Anonymous Symbol]                       0x08001060   Section        0  lto-llvm-958a2f.o(.text.HAL_GPIO_Init)
    HAL_InitTick                             0x08001219   Thumb Code   352  lto-llvm-958a2f.o(.text.HAL_InitTick)
    [Anonymous Symbol]                       0x08001218   Section        0  lto-llvm-958a2f.o(.text.HAL_InitTick)
    HAL_TIM_Base_Init                        0x08001379   Thumb Code   380  lto-llvm-958a2f.o(.text.HAL_TIM_Base_Init)
    [Anonymous Symbol]                       0x08001378   Section        0  lto-llvm-958a2f.o(.text.HAL_TIM_Base_Init)
    HAL_TIM_ConfigClockSource                0x080014f5   Thumb Code   406  lto-llvm-958a2f.o(.text.HAL_TIM_ConfigClockSource)
    [Anonymous Symbol]                       0x080014f4   Section        0  lto-llvm-958a2f.o(.text.HAL_TIM_ConfigClockSource)
    HAL_TIM_IRQHandler                       0x0800168d   Thumb Code  1348  lto-llvm-958a2f.o(.text.HAL_TIM_IRQHandler)
    [Anonymous Symbol]                       0x0800168c   Section        0  lto-llvm-958a2f.o(.text.HAL_TIM_IRQHandler)
    HAL_TIM_PWM_Stop_IT                      0x08001bd1   Thumb Code   196  lto-llvm-958a2f.o(.text.HAL_TIM_PWM_Stop_IT)
    [Anonymous Symbol]                       0x08001bd0   Section        0  lto-llvm-958a2f.o(.text.HAL_TIM_PWM_Stop_IT)
    HAL_UART_Receive_DMA                     0x08001ca5   Thumb Code   352  lto-llvm-958a2f.o(.text.HAL_UART_Receive_DMA)
    [Anonymous Symbol]                       0x08001ca4   Section        0  lto-llvm-958a2f.o(.text.HAL_UART_Receive_DMA)
    HAL_UART_Transmit                        0x08001e05   Thumb Code   414  lto-llvm-958a2f.o(.text.HAL_UART_Transmit)
    [Anonymous Symbol]                       0x08001e04   Section        0  lto-llvm-958a2f.o(.text.HAL_UART_Transmit)
    [Anonymous Symbol]                       0x08001fa4   Section        0  lto-llvm-958a2f.o(.text.HardFault_Handler)
    [Anonymous Symbol]                       0x08001fa8   Section        0  lto-llvm-958a2f.o(.text.MemManage_Handler)
    [Anonymous Symbol]                       0x08001fac   Section        0  lto-llvm-958a2f.o(.text.NMI_Handler)
    [Anonymous Symbol]                       0x08001fb0   Section        0  lto-llvm-958a2f.o(.text.PendSV_Handler)
    pxCurrentTCBConst                        0x08002010   Number         0  lto-llvm-958a2f.o(.text.PendSV_Handler)
    [Anonymous Symbol]                       0x08002020   Section        0  lto-llvm-958a2f.o(.text.SVC_Handler)
    pxCurrentTCBConst2                       0x08002040   Number         0  lto-llvm-958a2f.o(.text.SVC_Handler)
    StartDefaultTask                         0x08002045   Thumb Code  1200  lto-llvm-958a2f.o(.text.StartDefaultTask)
    [Anonymous Symbol]                       0x08002044   Section        0  lto-llvm-958a2f.o(.text.StartDefaultTask)
    StartTask02                              0x080025bd   Thumb Code   476  lto-llvm-958a2f.o(.text.StartTask02)
    [Anonymous Symbol]                       0x080025bc   Section        0  lto-llvm-958a2f.o(.text.StartTask02)
    StartTask03                              0x080027bd   Thumb Code   596  lto-llvm-958a2f.o(.text.StartTask03)
    [Anonymous Symbol]                       0x080027bc   Section        0  lto-llvm-958a2f.o(.text.StartTask03)
    StartTask04                              0x08002a49   Thumb Code   852  lto-llvm-958a2f.o(.text.StartTask04)
    [Anonymous Symbol]                       0x08002a48   Section        0  lto-llvm-958a2f.o(.text.StartTask04)
    StartTask05                              0x08002dd5   Thumb Code   584  lto-llvm-958a2f.o(.text.StartTask05)
    [Anonymous Symbol]                       0x08002dd4   Section        0  lto-llvm-958a2f.o(.text.StartTask05)
    [Anonymous Symbol]                       0x0800307c   Section        0  lto-llvm-958a2f.o(.text.SysTick_Handler)
    [Anonymous Symbol]                       0x080030ac   Section        0  lto-llvm-958a2f.o(.text.SystemInit)
    [Anonymous Symbol]                       0x080030c0   Section        0  lto-llvm-958a2f.o(.text.TIM1_BRK_TIM9_IRQHandler)
    [Anonymous Symbol]                       0x080030cc   Section        0  lto-llvm-958a2f.o(.text.TIM1_TRG_COM_TIM11_IRQHandler)
    [Anonymous Symbol]                       0x080030ec   Section        0  lto-llvm-958a2f.o(.text.TIM1_UP_TIM10_IRQHandler)
    [Anonymous Symbol]                       0x080030f8   Section        0  lto-llvm-958a2f.o(.text.TIM2_IRQHandler)
    TIM_Base_SetConfig                       0x08003105   Thumb Code   218  lto-llvm-958a2f.o(.text.TIM_Base_SetConfig)
    [Anonymous Symbol]                       0x08003104   Section        0  lto-llvm-958a2f.o(.text.TIM_Base_SetConfig)
    UART_DMAError                            0x080031e1   Thumb Code   272  lto-llvm-958a2f.o(.text.UART_DMAError)
    [Anonymous Symbol]                       0x080031e0   Section        0  lto-llvm-958a2f.o(.text.UART_DMAError)
    UART_DMAReceiveCplt                      0x080032f1   Thumb Code   284  lto-llvm-958a2f.o(.text.UART_DMAReceiveCplt)
    [Anonymous Symbol]                       0x080032f0   Section        0  lto-llvm-958a2f.o(.text.UART_DMAReceiveCplt)
    UART_DMARxHalfCplt                       0x0800340d   Thumb Code     6  lto-llvm-958a2f.o(.text.UART_DMARxHalfCplt)
    [Anonymous Symbol]                       0x0800340c   Section        0  lto-llvm-958a2f.o(.text.UART_DMARxHalfCplt)
    [Anonymous Symbol]                       0x08003414   Section        0  lto-llvm-958a2f.o(.text.UsageFault_Handler)
    __NVIC_SystemReset                       0x08003419   Thumb Code    36  lto-llvm-958a2f.o(.text.__NVIC_SystemReset)
    [Anonymous Symbol]                       0x08003418   Section        0  lto-llvm-958a2f.o(.text.__NVIC_SystemReset)
    drv8255_make_steps                       0x0800343d   Thumb Code   500  lto-llvm-958a2f.o(.text.drv8255_make_steps)
    [Anonymous Symbol]                       0x0800343c   Section        0  lto-llvm-958a2f.o(.text.drv8255_make_steps)
    [Anonymous Symbol]                       0x08003630   Section        0  lto-llvm-958a2f.o(.text.main)
    AHBPrescTable                            0x080042f0   Number         0  lto-llvm-958a2f.o(.text.main)
    osDelay                                  0x08004345   Thumb Code   346  lto-llvm-958a2f.o(.text.osDelay)
    [Anonymous Symbol]                       0x08004344   Section        0  lto-llvm-958a2f.o(.text.osDelay)
    prvIdleTask                              0x080044a1   Thumb Code   258  lto-llvm-958a2f.o(.text.prvIdleTask)
    [Anonymous Symbol]                       0x080044a0   Section        0  lto-llvm-958a2f.o(.text.prvIdleTask)
    prvPortStartFirstTask                    0x080045a5   Thumb Code    40  lto-llvm-958a2f.o(.text.prvPortStartFirstTask)
    [Anonymous Symbol]                       0x080045a4   Section        0  lto-llvm-958a2f.o(.text.prvPortStartFirstTask)
    prvTaskExitError                         0x080045cd   Thumb Code    50  lto-llvm-958a2f.o(.text.prvTaskExitError)
    [Anonymous Symbol]                       0x080045cc   Section        0  lto-llvm-958a2f.o(.text.prvTaskExitError)
    pvPortMalloc                             0x08004601   Thumb Code   510  lto-llvm-958a2f.o(.text.pvPortMalloc)
    [Anonymous Symbol]                       0x08004600   Section        0  lto-llvm-958a2f.o(.text.pvPortMalloc)
    vPortEnableVFP                           0x08004801   Thumb Code    20  lto-llvm-958a2f.o(.text.vPortEnableVFP)
    [Anonymous Symbol]                       0x08004800   Section        0  lto-llvm-958a2f.o(.text.vPortEnableVFP)
    vPortFree                                0x08004815   Thumb Code   220  lto-llvm-958a2f.o(.text.vPortFree)
    [Anonymous Symbol]                       0x08004814   Section        0  lto-llvm-958a2f.o(.text.vPortFree)
    __tagsym$$used.0                         0x080048f0   Number         0  lto-llvm-958a2f.o(.text.vTaskSwitchContext)
    [Anonymous Symbol]                       0x080048f0   Section        0  lto-llvm-958a2f.o(.text.vTaskSwitchContext)
    xTaskCreate                              0x08004975   Thumb Code   658  lto-llvm-958a2f.o(.text.xTaskCreate)
    [Anonymous Symbol]                       0x08004974   Section        0  lto-llvm-958a2f.o(.text.xTaskCreate)
    xTaskIncrementTick                       0x08004c09   Thumb Code   452  lto-llvm-958a2f.o(.text.xTaskIncrementTick)
    [Anonymous Symbol]                       0x08004c08   Section        0  lto-llvm-958a2f.o(.text.xTaskIncrementTick)
    xTaskResumeAll                           0x08004dcd   Thumb Code   522  lto-llvm-958a2f.o(.text.xTaskResumeAll)
    [Anonymous Symbol]                       0x08004dcc   Section        0  lto-llvm-958a2f.o(.text.xTaskResumeAll)
    locale$$code                             0x08004fd8   Section       44  lc_ctype_c.o(locale$$code)
    $v0                                      0x08005004   Number         0  fpinit.o(x$fpl$fpinit)
    x$fpl$fpinit                             0x08005004   Section       26  fpinit.o(x$fpl$fpinit)
    APBPrescTable                            0x0800501e   Data           8  lto-llvm-958a2f.o(.rodata.cst8)
    [Anonymous Symbol]                       0x0800501e   Section        0  lto-llvm-958a2f.o(.rodata.cst8)
    .L.str.2.228                             0x08005026   Data           4  lto-llvm-958a2f.o(.rodata.str1.1)
    [Anonymous Symbol]                       0x08005026   Section        0  lto-llvm-958a2f.o(.rodata.str1.1)
    .L.str.19.212                            0x0800502a   Data         346  lto-llvm-958a2f.o(.rodata.str1.1)
    .L.str.9.202                             0x08005184   Data           8  lto-llvm-958a2f.o(.rodata.str1.1)
    .L.str.11.204                            0x0800518c   Data           8  lto-llvm-958a2f.o(.rodata.str1.1)
    .L.str.13.206                            0x08005194   Data           8  lto-llvm-958a2f.o(.rodata.str1.1)
    .L.str.10.203                            0x0800519c   Data          15  lto-llvm-958a2f.o(.rodata.str1.1)
    .L.str.12.205                            0x080051ab   Data          15  lto-llvm-958a2f.o(.rodata.str1.1)
    locale$$data                             0x080051dc   Section      272  lc_ctype_c.o(locale$$data)
    __lcctype_c_name                         0x080051e0   Data           2  lc_ctype_c.o(locale$$data)
    __lcctype_c_start                        0x080051e8   Data           0  lc_ctype_c.o(locale$$data)
    __lcctype_c_end                          0x080052ec   Data           0  lc_ctype_c.o(locale$$data)
    uwTickPrio                               0x20000000   Data           4  lto-llvm-958a2f.o(.data)
    [Anonymous Symbol]                       0x20000000   Section        0  lto-llvm-958a2f.o(.data)
    SystemCoreClock                          0x20000004   Data           4  lto-llvm-958a2f.o(.data)
    uxCriticalNesting                        0x20000008   Data           4  lto-llvm-958a2f.o(.data)
    servo_1                                  0x2000000c   Data          52  lto-llvm-958a2f.o(.data)
    step_2                                   0x20000040   Data          52  lto-llvm-958a2f.o(.data)
    step_1                                   0x20000074   Data          52  lto-llvm-958a2f.o(.data)
    uart                                     0x200000a8   Data         708  lto-llvm-958a2f.o(.data)
    .bss                                     0x20000370   Section       96  libspace.o(.bss)
    task                                     0x200003d0   Data           1  lto-llvm-958a2f.o(.bss)
    [Anonymous Symbol]                       0x200003d0   Section        0  lto-llvm-958a2f.o(.bss)
    defaultTaskHandle                        0x200003d4   Data           4  lto-llvm-958a2f.o(.bss)
    myServo1Handle                           0x200003d8   Data           4  lto-llvm-958a2f.o(.bss)
    myServo2Handle                           0x200003dc   Data           4  lto-llvm-958a2f.o(.bss)
    myStepperHandle                          0x200003e0   Data           4  lto-llvm-958a2f.o(.bss)
    myServo3Handle                           0x200003e4   Data           4  lto-llvm-958a2f.o(.bss)
    htim1                                    0x200003e8   Data          72  lto-llvm-958a2f.o(.bss)
    htim2                                    0x20000430   Data          72  lto-llvm-958a2f.o(.bss)
    huart1                                   0x20000478   Data          68  lto-llvm-958a2f.o(.bss)
    hdma_usart1_rx                           0x200004bc   Data          96  lto-llvm-958a2f.o(.bss)
    htim11                                   0x2000051c   Data          72  lto-llvm-958a2f.o(.bss)
    uwTick                                   0x20000564   Data           4  lto-llvm-958a2f.o(.bss)
    pxCurrentTCB                             0x20000568   Data           4  lto-llvm-958a2f.o(.bss)
    uxSchedulerSuspended                     0x2000056c   Data           4  lto-llvm-958a2f.o(.bss)
    xYieldPending                            0x20000570   Data           4  lto-llvm-958a2f.o(.bss)
    uxTopReadyPriority                       0x20000574   Data           4  lto-llvm-958a2f.o(.bss)
    pxReadyTasksLists                        0x20000578   Data         140  lto-llvm-958a2f.o(.bss)
    uxCurrentNumberOfTasks                   0x20000604   Data           4  lto-llvm-958a2f.o(.bss)
    xSchedulerRunning                        0x20000608   Data           4  lto-llvm-958a2f.o(.bss)
    uxTaskNumber                             0x2000060c   Data           4  lto-llvm-958a2f.o(.bss)
    xDelayedTaskList1                        0x20000610   Data          20  lto-llvm-958a2f.o(.bss)
    xDelayedTaskList2                        0x20000624   Data          20  lto-llvm-958a2f.o(.bss)
    xPendingReadyList                        0x20000638   Data          20  lto-llvm-958a2f.o(.bss)
    xTasksWaitingTermination                 0x2000064c   Data          20  lto-llvm-958a2f.o(.bss)
    xSuspendedTaskList                       0x20000660   Data          20  lto-llvm-958a2f.o(.bss)
    pxDelayedTaskList                        0x20000674   Data           4  lto-llvm-958a2f.o(.bss)
    pxOverflowDelayedTaskList                0x20000678   Data           4  lto-llvm-958a2f.o(.bss)
    uxDeletedTasksWaitingCleanUp             0x2000067c   Data           4  lto-llvm-958a2f.o(.bss)
    xNextTaskUnblockTime                     0x20000680   Data           4  lto-llvm-958a2f.o(.bss)
    xPendedTicks                             0x20000684   Data           4  lto-llvm-958a2f.o(.bss)
    xTickCount                               0x20000688   Data           4  lto-llvm-958a2f.o(.bss)
    xNumOfOverflows                          0x2000068c   Data           4  lto-llvm-958a2f.o(.bss)
    xIdleTaskHandle                          0x20000690   Data           4  lto-llvm-958a2f.o(.bss)
    pxEnd                                    0x20000694   Data           4  lto-llvm-958a2f.o(.bss)
    xBlockAllocatedBit                       0x20000698   Data           1  lto-llvm-958a2f.o(.bss)
    xFreeBytesRemaining                      0x2000069c   Data           4  lto-llvm-958a2f.o(.bss)
    xStart                                   0x200006a0   Data           8  lto-llvm-958a2f.o(.bss)
    xMinimumEverFreeBytesRemaining           0x200006a8   Data           4  lto-llvm-958a2f.o(.bss)
    xNumberOfSuccessfulAllocations           0x200006ac   Data           4  lto-llvm-958a2f.o(.bss)
    ucHeap                                   0x200006b0   Data       15360  lto-llvm-958a2f.o(.bss)
    xNumberOfSuccessfulFrees                 0x200042b0   Data           4  lto-llvm-958a2f.o(.bss)
    ulMaxPRIGROUPValue                       0x200042b4   Data           4  lto-llvm-958a2f.o(.bss)
    parsed_data                              0x200042b8   Data          36  lto-llvm-958a2f.o(.bss)
    parser.3                                 0x200042dc   Data           1  lto-llvm-958a2f.o(.bss)
    word_desc.2                              0x200042dd   Data           1  lto-llvm-958a2f.o(.bss)
    word_desc.3                              0x200042de   Data           1  lto-llvm-958a2f.o(.bss)
    Heap_Mem                                 0x200042e0   Data         512  startup_stm32f401xc.o(HEAP)
    HEAP                                     0x200042e0   Section      512  startup_stm32f401xc.o(HEAP)
    Stack_Mem                                0x200044e0   Data        1024  startup_stm32f401xc.o(STACK)
    STACK                                    0x200044e0   Section     1024  startup_stm32f401xc.o(STACK)
    __initial_sp                             0x200048e0   Data           0  startup_stm32f401xc.o(STACK)

    Global Symbols

    Symbol Name                              Value     Ov Type        Size  Object(Section)

    BuildAttributes$$THM_ISAv4$E$P$D$K$B$S$7EM$VFPi3$EXTD16$VFPS$VFMA$PE$A:L22UL41UL21$X:L11$S22US41US21$IEEE1$IW$~IW$USESV6$~STKCKD$USESV7$~SHL$OTIME$ROPI$IEEEF$EBA8$UX$STANDARDLIB$REQ8$PRES8$EABIv2 0x00000000   Number         0  anon$$obj.o ABSOLUTE
    __ARM_exceptions_init                     - Undefined Weak Reference
    __alloca_initialize                       - Undefined Weak Reference
    __arm_preinit_                            - Undefined Weak Reference
    __cpp_initialize__aeabi_                  - Undefined Weak Reference
    __cxa_finalize                            - Undefined Weak Reference
    __sigvec_lookup                           - Undefined Weak Reference
    _atexit_init                              - Undefined Weak Reference
    _call_atexit_fns                          - Undefined Weak Reference
    _clock_init                               - Undefined Weak Reference
    _fp_trap_init                             - Undefined Weak Reference
    _fp_trap_shutdown                         - Undefined Weak Reference
    _get_lc_collate                           - Undefined Weak Reference
    _get_lc_monetary                          - Undefined Weak Reference
    _get_lc_numeric                           - Undefined Weak Reference
    _get_lc_time                              - Undefined Weak Reference
    _getenv_init                              - Undefined Weak Reference
    _handle_redirection                       - Undefined Weak Reference
    _init_alloc                               - Undefined Weak Reference
    _init_user_alloc                          - Undefined Weak Reference
    _initio                                   - Undefined Weak Reference
    _rand_init                                - Undefined Weak Reference
    _scanf_longlong                           - Undefined Weak Reference
    _scanf_mbtowc                             - Undefined Weak Reference
    _scanf_real                               - Undefined Weak Reference
    _scanf_wctomb                             - Undefined Weak Reference
    _scanf_wstring                            - Undefined Weak Reference
    _signal_finish                            - Undefined Weak Reference
    _signal_init                              - Undefined Weak Reference
    _terminate_alloc                          - Undefined Weak Reference
    _terminate_user_alloc                     - Undefined Weak Reference
    _terminateio                              - Undefined Weak Reference
    __Vectors_Size                           0x00000194   Number         0  startup_stm32f401xc.o ABSOLUTE
    __Vectors                                0x08000000   Data           4  startup_stm32f401xc.o(RESET)
    __Vectors_End                            0x08000194   Data           0  startup_stm32f401xc.o(RESET)
    __main                                   0x08000195   Thumb Code     8  __main.o(!!!main)
    __scatterload                            0x0800019d   Thumb Code     0  __scatter.o(!!!scatter)
    __scatterload_rt2                        0x0800019d   Thumb Code    44  __scatter.o(!!!scatter)
    __scatterload_rt2_thumb_only             0x0800019d   Thumb Code     0  __scatter.o(!!!scatter)
    __scatterload_null                       0x080001ab   Thumb Code     0  __scatter.o(!!!scatter)
    __decompress                             0x080001d1   Thumb Code    90  __dczerorl2.o(!!dczerorl2)
    __decompress1                            0x080001d1   Thumb Code     0  __dczerorl2.o(!!dczerorl2)
    __scatterload_zeroinit                   0x0800022d   Thumb Code    28  __scatter_zi.o(!!handler_zi)
    _printf_percent                          0x08000249   Thumb Code     0  _printf_percent.o(.ARM.Collect$$_printf_percent$$00000000)
    _printf_percent_end                      0x08000249   Thumb Code     0  _printf_percent_end.o(.ARM.Collect$$_printf_percent$$00000017)
    __rt_lib_init                            0x0800024d   Thumb Code     0  libinit.o(.ARM.Collect$$libinit$$00000000)
    __rt_lib_init_fp_1                       0x0800024f   Thumb Code     0  libinit2.o(.ARM.Collect$$libinit$$00000001)
    __rt_lib_init_heap_1                     0x08000253   Thumb Code     0  libinit2.o(.ARM.Collect$$libinit$$0000000A)
    __rt_lib_init_lc_common                  0x08000253   Thumb Code     0  libinit2.o(.ARM.Collect$$libinit$$0000000F)
    __rt_lib_init_preinit_1                  0x08000253   Thumb Code     0  libinit2.o(.ARM.Collect$$libinit$$00000004)
    __rt_lib_init_rand_1                     0x08000253   Thumb Code     0  libinit2.o(.ARM.Collect$$libinit$$0000000E)
    __rt_lib_init_user_alloc_1               0x08000253   Thumb Code     0  libinit2.o(.ARM.Collect$$libinit$$0000000C)
    __rt_lib_init_lc_collate_1               0x08000259   Thumb Code     0  libinit2.o(.ARM.Collect$$libinit$$00000011)
    __rt_lib_init_lc_ctype_2                 0x08000259   Thumb Code     0  libinit2.o(.ARM.Collect$$libinit$$00000012)
    __rt_lib_init_alloca_1                   0x08000265   Thumb Code     0  libinit2.o(.ARM.Collect$$libinit$$0000002E)
    __rt_lib_init_argv_1                     0x08000265   Thumb Code     0  libinit2.o(.ARM.Collect$$libinit$$0000002C)
    __rt_lib_init_atexit_1                   0x08000265   Thumb Code     0  libinit2.o(.ARM.Collect$$libinit$$0000001B)
    __rt_lib_init_clock_1                    0x08000265   Thumb Code     0  libinit2.o(.ARM.Collect$$libinit$$00000021)
    __rt_lib_init_cpp_1                      0x08000265   Thumb Code     0  libinit2.o(.ARM.Collect$$libinit$$00000032)
    __rt_lib_init_exceptions_1               0x08000265   Thumb Code     0  libinit2.o(.ARM.Collect$$libinit$$00000030)
    __rt_lib_init_fp_trap_1                  0x08000265   Thumb Code     0  libinit2.o(.ARM.Collect$$libinit$$0000001F)
    __rt_lib_init_getenv_1                   0x08000265   Thumb Code     0  libinit2.o(.ARM.Collect$$libinit$$00000023)
    __rt_lib_init_lc_ctype_1                 0x08000265   Thumb Code     0  libinit2.o(.ARM.Collect$$libinit$$00000013)
    __rt_lib_init_lc_monetary_1              0x08000265   Thumb Code     0  libinit2.o(.ARM.Collect$$libinit$$00000015)
    __rt_lib_init_lc_numeric_1               0x08000265   Thumb Code     0  libinit2.o(.ARM.Collect$$libinit$$00000017)
    __rt_lib_init_lc_time_1                  0x08000265   Thumb Code     0  libinit2.o(.ARM.Collect$$libinit$$00000019)
    __rt_lib_init_return                     0x08000265   Thumb Code     0  libinit2.o(.ARM.Collect$$libinit$$00000033)
    __rt_lib_init_signal_1                   0x08000265   Thumb Code     0  libinit2.o(.ARM.Collect$$libinit$$0000001D)
    __rt_lib_init_stdio_1                    0x08000265   Thumb Code     0  libinit2.o(.ARM.Collect$$libinit$$00000025)
    __rt_lib_shutdown                        0x08000267   Thumb Code     0  libshutdown.o(.ARM.Collect$$libshutdown$$00000000)
    __rt_lib_shutdown_cpp_1                  0x08000269   Thumb Code     0  libshutdown2.o(.ARM.Collect$$libshutdown$$00000002)
    __rt_lib_shutdown_fp_trap_1              0x08000269   Thumb Code     0  libshutdown2.o(.ARM.Collect$$libshutdown$$00000007)
    __rt_lib_shutdown_heap_1                 0x08000269   Thumb Code     0  libshutdown2.o(.ARM.Collect$$libshutdown$$0000000F)
    __rt_lib_shutdown_return                 0x08000269   Thumb Code     0  libshutdown2.o(.ARM.Collect$$libshutdown$$00000010)
    __rt_lib_shutdown_signal_1               0x08000269   Thumb Code     0  libshutdown2.o(.ARM.Collect$$libshutdown$$0000000A)
    __rt_lib_shutdown_stdio_1                0x08000269   Thumb Code     0  libshutdown2.o(.ARM.Collect$$libshutdown$$00000004)
    __rt_lib_shutdown_user_alloc_1           0x08000269   Thumb Code     0  libshutdown2.o(.ARM.Collect$$libshutdown$$0000000C)
    __rt_entry                               0x0800026b   Thumb Code     0  __rtentry.o(.ARM.Collect$$rtentry$$00000000)
    __rt_entry_presh_1                       0x0800026b   Thumb Code     0  __rtentry2.o(.ARM.Collect$$rtentry$$00000002)
    __rt_entry_sh                            0x0800026b   Thumb Code     0  __rtentry4.o(.ARM.Collect$$rtentry$$00000004)
    __rt_entry_li                            0x08000271   Thumb Code     0  __rtentry2.o(.ARM.Collect$$rtentry$$0000000A)
    __rt_entry_postsh_1                      0x08000271   Thumb Code     0  __rtentry2.o(.ARM.Collect$$rtentry$$00000009)
    __rt_entry_main                          0x08000275   Thumb Code     0  __rtentry2.o(.ARM.Collect$$rtentry$$0000000D)
    __rt_entry_postli_1                      0x08000275   Thumb Code     0  __rtentry2.o(.ARM.Collect$$rtentry$$0000000C)
    __rt_exit                                0x0800027d   Thumb Code     0  rtexit.o(.ARM.Collect$$rtexit$$00000000)
    __rt_exit_ls                             0x0800027f   Thumb Code     0  rtexit2.o(.ARM.Collect$$rtexit$$00000003)
    __rt_exit_prels_1                        0x0800027f   Thumb Code     0  rtexit2.o(.ARM.Collect$$rtexit$$00000002)
    __rt_exit_exit                           0x08000283   Thumb Code     0  rtexit2.o(.ARM.Collect$$rtexit$$00000004)
    Reset_Handler                            0x08000289   Thumb Code     8  startup_stm32f401xc.o(.text)
    ADC_IRQHandler                           0x080002a3   Thumb Code     0  startup_stm32f401xc.o(.text)
    DMA1_Stream0_IRQHandler                  0x080002a3   Thumb Code     0  startup_stm32f401xc.o(.text)
    DMA1_Stream1_IRQHandler                  0x080002a3   Thumb Code     0  startup_stm32f401xc.o(.text)
    DMA1_Stream2_IRQHandler                  0x080002a3   Thumb Code     0  startup_stm32f401xc.o(.text)
    DMA1_Stream3_IRQHandler                  0x080002a3   Thumb Code     0  startup_stm32f401xc.o(.text)
    DMA1_Stream4_IRQHandler                  0x080002a3   Thumb Code     0  startup_stm32f401xc.o(.text)
    DMA1_Stream5_IRQHandler                  0x080002a3   Thumb Code     0  startup_stm32f401xc.o(.text)
    DMA1_Stream6_IRQHandler                  0x080002a3   Thumb Code     0  startup_stm32f401xc.o(.text)
    DMA1_Stream7_IRQHandler                  0x080002a3   Thumb Code     0  startup_stm32f401xc.o(.text)
    DMA2_Stream0_IRQHandler                  0x080002a3   Thumb Code     0  startup_stm32f401xc.o(.text)
    DMA2_Stream1_IRQHandler                  0x080002a3   Thumb Code     0  startup_stm32f401xc.o(.text)
    DMA2_Stream3_IRQHandler                  0x080002a3   Thumb Code     0  startup_stm32f401xc.o(.text)
    DMA2_Stream4_IRQHandler                  0x080002a3   Thumb Code     0  startup_stm32f401xc.o(.text)
    DMA2_Stream5_IRQHandler                  0x080002a3   Thumb Code     0  startup_stm32f401xc.o(.text)
    DMA2_Stream6_IRQHandler                  0x080002a3   Thumb Code     0  startup_stm32f401xc.o(.text)
    DMA2_Stream7_IRQHandler                  0x080002a3   Thumb Code     0  startup_stm32f401xc.o(.text)
    EXTI0_IRQHandler                         0x080002a3   Thumb Code     0  startup_stm32f401xc.o(.text)
    EXTI1_IRQHandler                         0x080002a3   Thumb Code     0  startup_stm32f401xc.o(.text)
    EXTI2_IRQHandler                         0x080002a3   Thumb Code     0  startup_stm32f401xc.o(.text)
    EXTI3_IRQHandler                         0x080002a3   Thumb Code     0  startup_stm32f401xc.o(.text)
    EXTI4_IRQHandler                         0x080002a3   Thumb Code     0  startup_stm32f401xc.o(.text)
    EXTI9_5_IRQHandler                       0x080002a3   Thumb Code     0  startup_stm32f401xc.o(.text)
    FLASH_IRQHandler                         0x080002a3   Thumb Code     0  startup_stm32f401xc.o(.text)
    FPU_IRQHandler                           0x080002a3   Thumb Code     0  startup_stm32f401xc.o(.text)
    I2C1_ER_IRQHandler                       0x080002a3   Thumb Code     0  startup_stm32f401xc.o(.text)
    I2C1_EV_IRQHandler                       0x080002a3   Thumb Code     0  startup_stm32f401xc.o(.text)
    I2C2_ER_IRQHandler                       0x080002a3   Thumb Code     0  startup_stm32f401xc.o(.text)
    I2C2_EV_IRQHandler                       0x080002a3   Thumb Code     0  startup_stm32f401xc.o(.text)
    I2C3_ER_IRQHandler                       0x080002a3   Thumb Code     0  startup_stm32f401xc.o(.text)
    I2C3_EV_IRQHandler                       0x080002a3   Thumb Code     0  startup_stm32f401xc.o(.text)
    OTG_FS_IRQHandler                        0x080002a3   Thumb Code     0  startup_stm32f401xc.o(.text)
    OTG_FS_WKUP_IRQHandler                   0x080002a3   Thumb Code     0  startup_stm32f401xc.o(.text)
    PVD_IRQHandler                           0x080002a3   Thumb Code     0  startup_stm32f401xc.o(.text)
    RCC_IRQHandler                           0x080002a3   Thumb Code     0  startup_stm32f401xc.o(.text)
    RTC_Alarm_IRQHandler                     0x080002a3   Thumb Code     0  startup_stm32f401xc.o(.text)
    RTC_WKUP_IRQHandler                      0x080002a3   Thumb Code     0  startup_stm32f401xc.o(.text)
    SDIO_IRQHandler                          0x080002a3   Thumb Code     0  startup_stm32f401xc.o(.text)
    SPI1_IRQHandler                          0x080002a3   Thumb Code     0  startup_stm32f401xc.o(.text)
    SPI2_IRQHandler                          0x080002a3   Thumb Code     0  startup_stm32f401xc.o(.text)
    SPI3_IRQHandler                          0x080002a3   Thumb Code     0  startup_stm32f401xc.o(.text)
    SPI4_IRQHandler                          0x080002a3   Thumb Code     0  startup_stm32f401xc.o(.text)
    TAMP_STAMP_IRQHandler                    0x080002a3   Thumb Code     0  startup_stm32f401xc.o(.text)
    TIM1_CC_IRQHandler                       0x080002a3   Thumb Code     0  startup_stm32f401xc.o(.text)
    TIM3_IRQHandler                          0x080002a3   Thumb Code     0  startup_stm32f401xc.o(.text)
    TIM4_IRQHandler                          0x080002a3   Thumb Code     0  startup_stm32f401xc.o(.text)
    TIM5_IRQHandler                          0x080002a3   Thumb Code     0  startup_stm32f401xc.o(.text)
    USART1_IRQHandler                        0x080002a3   Thumb Code     0  startup_stm32f401xc.o(.text)
    USART2_IRQHandler                        0x080002a3   Thumb Code     0  startup_stm32f401xc.o(.text)
    USART6_IRQHandler                        0x080002a3   Thumb Code     0  startup_stm32f401xc.o(.text)
    WWDG_IRQHandler                          0x080002a3   Thumb Code     0  startup_stm32f401xc.o(.text)
    __user_initial_stackheap                 0x080002a5   Thumb Code     0  startup_stm32f401xc.o(.text)
    __2sprintf                               0x080002c9   Thumb Code    34  noretval__2sprintf.o(.text)
    __printf                                 0x080002f1   Thumb Code   104  __printf.o(.text)
    __0sscanf                                0x08000359   Thumb Code    52  __0sscanf.o(.text)
    _scanf_int                               0x08000395   Thumb Code   332  _scanf_int.o(.text)
    _scanf_string                            0x080004e1   Thumb Code   224  _scanf_str.o(.text)
    memcmp                                   0x080005c1   Thumb Code    88  memcmp.o(.text)
    strlen                                   0x08000619   Thumb Code    62  strlen.o(.text)
    __use_two_region_memory                  0x08000657   Thumb Code     2  heapauxi.o(.text)
    __rt_heap_escrow$2region                 0x08000659   Thumb Code     2  heapauxi.o(.text)
    __rt_heap_expand$2region                 0x0800065b   Thumb Code     2  heapauxi.o(.text)
    _printf_char_common                      0x08000667   Thumb Code    32  _printf_char_common.o(.text)
    _sputc                                   0x0800068d   Thumb Code    10  _sputc.o(.text)
    _chval                                   0x08000697   Thumb Code    28  _chval.o(.text)
    __vfscanf_char                           0x080006c1   Thumb Code    24  scanf_char.o(.text)
    _sgetc                                   0x080006e1   Thumb Code    30  _sgetc.o(.text)
    _sbackspace                              0x080006ff   Thumb Code    34  _sgetc.o(.text)
    isspace                                  0x08000721   Thumb Code    18  isspace.o(.text)
    __vfscanf                                0x08000735   Thumb Code   878  _scanf.o(.text)
    __user_setup_stackheap                   0x08000aa9   Thumb Code    74  sys_stackheap_outer.o(.text)
    __rt_ctype_table                         0x08000af5   Thumb Code    16  rt_ctype_table.o(.text)
    exit                                     0x08000b05   Thumb Code    18  exit.o(.text)
    __user_libspace                          0x08000b19   Thumb Code     8  libspace.o(.text)
    __user_perproc_libspace                  0x08000b19   Thumb Code     0  libspace.o(.text)
    __user_perthread_libspace                0x08000b19   Thumb Code     0  libspace.o(.text)
    __rt_locale                              0x08000b21   Thumb Code     8  rt_locale_intlibspace.o(.text)
    strcmp                                   0x08000b29   Thumb Code   124  strcmpv7em.o(.text)
    _sys_exit                                0x08000ba5   Thumb Code     8  sys_exit.o(.text)
    __I$use$semihosting                      0x08000bb1   Thumb Code     0  use_no_semi.o(.text)
    __use_no_semihosting_swi                 0x08000bb1   Thumb Code     2  use_no_semi.o(.text)
    __aeabi_uldivmod                         0x08000bb3   Thumb Code     0  lludivv7m.o(.text)
    __semihosting_library_function           0x08000bb3   Thumb Code     0  indicate_semi.o(.text)
    _ll_udiv                                 0x08000bb3   Thumb Code   240  lludivv7m.o(.text)
    __aeabi_memclr                           0x08000ca3   Thumb Code     0  rt_memclr.o(.text)
    __rt_memclr                              0x08000ca3   Thumb Code     0  rt_memclr.o(.text)
    _memset                                  0x08000ca7   Thumb Code    64  rt_memclr.o(.text)
    __aeabi_memclr4                          0x08000ce7   Thumb Code     0  rt_memclr_w.o(.text)
    __aeabi_memclr8                          0x08000ce7   Thumb Code     0  rt_memclr_w.o(.text)
    __rt_memclr_w                            0x08000ce7   Thumb Code     0  rt_memclr_w.o(.text)
    _memset_w                                0x08000ceb   Thumb Code    74  rt_memclr_w.o(.text)
    BusFault_Handler                         0x08000d35   Thumb Code     2  lto-llvm-958a2f.o(.text.BusFault_Handler)
    DMA2_Stream2_IRQHandler                  0x08000d39   Thumb Code   426  lto-llvm-958a2f.o(.text.DMA2_Stream2_IRQHandler)
    DebugMon_Handler                         0x08000ee5   Thumb Code     2  lto-llvm-958a2f.o(.text.DebugMon_Handler)
    EXTI15_10_IRQHandler                     0x08000ee9   Thumb Code   316  lto-llvm-958a2f.o(.text.EXTI15_10_IRQHandler)
    HardFault_Handler                        0x08001fa5   Thumb Code     2  lto-llvm-958a2f.o(.text.HardFault_Handler)
    MemManage_Handler                        0x08001fa9   Thumb Code     2  lto-llvm-958a2f.o(.text.MemManage_Handler)
    NMI_Handler                              0x08001fad   Thumb Code     2  lto-llvm-958a2f.o(.text.NMI_Handler)
    PendSV_Handler                           0x08001fb1   Thumb Code   100  lto-llvm-958a2f.o(.text.PendSV_Handler)
    SVC_Handler                              0x08002021   Thumb Code    36  lto-llvm-958a2f.o(.text.SVC_Handler)
    SysTick_Handler                          0x0800307d   Thumb Code    46  lto-llvm-958a2f.o(.text.SysTick_Handler)
    SystemInit                               0x080030ad   Thumb Code    18  lto-llvm-958a2f.o(.text.SystemInit)
    TIM1_BRK_TIM9_IRQHandler                 0x080030c1   Thumb Code    12  lto-llvm-958a2f.o(.text.TIM1_BRK_TIM9_IRQHandler)
    TIM1_TRG_COM_TIM11_IRQHandler            0x080030cd   Thumb Code    30  lto-llvm-958a2f.o(.text.TIM1_TRG_COM_TIM11_IRQHandler)
    TIM1_UP_TIM10_IRQHandler                 0x080030ed   Thumb Code    12  lto-llvm-958a2f.o(.text.TIM1_UP_TIM10_IRQHandler)
    TIM2_IRQHandler                          0x080030f9   Thumb Code    12  lto-llvm-958a2f.o(.text.TIM2_IRQHandler)
    UsageFault_Handler                       0x08003415   Thumb Code     2  lto-llvm-958a2f.o(.text.UsageFault_Handler)
    main                                     0x08003631   Thumb Code  3264  lto-llvm-958a2f.o(.text.main)
    vTaskSwitchContext                       0x080048f1   Thumb Code   130  lto-llvm-958a2f.o(.text.vTaskSwitchContext)
    _get_lc_ctype                            0x08004fd9   Thumb Code    44  lc_ctype_c.o(locale$$code)
    _fp_init                                 0x08005005   Thumb Code    26  fpinit.o(x$fpl$fpinit)
    __fplib_config_fpu_vfp                   0x0800501d   Thumb Code     0  fpinit.o(x$fpl$fpinit)
    __fplib_config_pureend_doubles           0x0800501d   Thumb Code     0  fpinit.o(x$fpl$fpinit)
    Region$$Table$$Base                      0x080051bc   Number         0  anon$$obj.o(Region$$Table)
    Region$$Table$$Limit                     0x080051dc   Number         0  anon$$obj.o(Region$$Table)
    __ctype                                  0x080051e9   Data           0  lc_ctype_c.o(locale$$data)
    __libspace_start                         0x20000370   Data          96  libspace.o(.bss)
    __temporary_stack_top$libspace           0x200003d0   Data           0  libspace.o(.bss)



==============================================================================

Memory Map of the image

  Image Entry point : 0x08000195

  Load Region LR_IROM1 (Base: 0x08000000, Size: 0x00005660, Max: 0x00040000, ABSOLUTE, COMPRESSED[0x00005340])

    Execution Region ER_IROM1 (Exec base: 0x08000000, Load base: 0x08000000, Size: 0x000052ec, Max: 0x00040000, ABSOLUTE)

    Exec Addr    Load Addr    Size         Type   Attr      Idx    E Section Name        Object

    0x08000000   0x08000000   0x00000194   Data   RO            3    RESET               startup_stm32f401xc.o
    0x08000194   0x08000194   0x00000008   Code   RO           91  * !!!main             c_w.l(__main.o)
    0x0800019c   0x0800019c   0x00000034   Code   RO          408    !!!scatter          c_w.l(__scatter.o)
    0x080001d0   0x080001d0   0x0000005a   Code   RO          406    !!dczerorl2         c_w.l(__dczerorl2.o)
    0x0800022a   0x0800022a   0x00000002   PAD
    0x0800022c   0x0800022c   0x0000001c   Code   RO          410    !!handler_zi        c_w.l(__scatter_zi.o)
    0x08000248   0x08000248   0x00000000   Code   RO           78    .ARM.Collect$$_printf_percent$$00000000  c_w.l(_printf_percent.o)
    0x08000248   0x08000248   0x00000004   Code   RO           98    .ARM.Collect$$_printf_percent$$00000017  c_w.l(_printf_percent_end.o)
    0x0800024c   0x0800024c   0x00000002   Code   RO          137    .ARM.Collect$$libinit$$00000000  c_w.l(libinit.o)
    0x0800024e   0x0800024e   0x00000004   Code   RO          151    .ARM.Collect$$libinit$$00000001  c_w.l(libinit2.o)
    0x08000252   0x08000252   0x00000000   Code   RO          154    .ARM.Collect$$libinit$$00000004  c_w.l(libinit2.o)
    0x08000252   0x08000252   0x00000000   Code   RO          157    .ARM.Collect$$libinit$$0000000A  c_w.l(libinit2.o)
    0x08000252   0x08000252   0x00000000   Code   RO          159    .ARM.Collect$$libinit$$0000000C  c_w.l(libinit2.o)
    0x08000252   0x08000252   0x00000000   Code   RO          161    .ARM.Collect$$libinit$$0000000E  c_w.l(libinit2.o)
    0x08000252   0x08000252   0x00000006   Code   RO          162    .ARM.Collect$$libinit$$0000000F  c_w.l(libinit2.o)
    0x08000258   0x08000258   0x00000000   Code   RO          164    .ARM.Collect$$libinit$$00000011  c_w.l(libinit2.o)
    0x08000258   0x08000258   0x0000000c   Code   RO          165    .ARM.Collect$$libinit$$00000012  c_w.l(libinit2.o)
    0x08000264   0x08000264   0x00000000   Code   RO          166    .ARM.Collect$$libinit$$00000013  c_w.l(libinit2.o)
    0x08000264   0x08000264   0x00000000   Code   RO          168    .ARM.Collect$$libinit$$00000015  c_w.l(libinit2.o)
    0x08000264   0x08000264   0x00000000   Code   RO          170    .ARM.Collect$$libinit$$00000017  c_w.l(libinit2.o)
    0x08000264   0x08000264   0x00000000   Code   RO          172    .ARM.Collect$$libinit$$00000019  c_w.l(libinit2.o)
    0x08000264   0x08000264   0x00000000   Code   RO          174    .ARM.Collect$$libinit$$0000001B  c_w.l(libinit2.o)
    0x08000264   0x08000264   0x00000000   Code   RO          176    .ARM.Collect$$libinit$$0000001D  c_w.l(libinit2.o)
    0x08000264   0x08000264   0x00000000   Code   RO          178    .ARM.Collect$$libinit$$0000001F  c_w.l(libinit2.o)
    0x08000264   0x08000264   0x00000000   Code   RO          180    .ARM.Collect$$libinit$$00000021  c_w.l(libinit2.o)
    0x08000264   0x08000264   0x00000000   Code   RO          182    .ARM.Collect$$libinit$$00000023  c_w.l(libinit2.o)
    0x08000264   0x08000264   0x00000000   Code   RO          184    .ARM.Collect$$libinit$$00000025  c_w.l(libinit2.o)
    0x08000264   0x08000264   0x00000000   Code   RO          188    .ARM.Collect$$libinit$$0000002C  c_w.l(libinit2.o)
    0x08000264   0x08000264   0x00000000   Code   RO          190    .ARM.Collect$$libinit$$0000002E  c_w.l(libinit2.o)
    0x08000264   0x08000264   0x00000000   Code   RO          192    .ARM.Collect$$libinit$$00000030  c_w.l(libinit2.o)
    0x08000264   0x08000264   0x00000000   Code   RO          194    .ARM.Collect$$libinit$$00000032  c_w.l(libinit2.o)
    0x08000264   0x08000264   0x00000002   Code   RO          195    .ARM.Collect$$libinit$$00000033  c_w.l(libinit2.o)
    0x08000266   0x08000266   0x00000002   Code   RO          219    .ARM.Collect$$libshutdown$$00000000  c_w.l(libshutdown.o)
    0x08000268   0x08000268   0x00000000   Code   RO          234    .ARM.Collect$$libshutdown$$00000002  c_w.l(libshutdown2.o)
    0x08000268   0x08000268   0x00000000   Code   RO          236    .ARM.Collect$$libshutdown$$00000004  c_w.l(libshutdown2.o)
    0x08000268   0x08000268   0x00000000   Code   RO          239    .ARM.Collect$$libshutdown$$00000007  c_w.l(libshutdown2.o)
    0x08000268   0x08000268   0x00000000   Code   RO          242    .ARM.Collect$$libshutdown$$0000000A  c_w.l(libshutdown2.o)
    0x08000268   0x08000268   0x00000000   Code   RO          244    .ARM.Collect$$libshutdown$$0000000C  c_w.l(libshutdown2.o)
    0x08000268   0x08000268   0x00000000   Code   RO          247    .ARM.Collect$$libshutdown$$0000000F  c_w.l(libshutdown2.o)
    0x08000268   0x08000268   0x00000002   Code   RO          248    .ARM.Collect$$libshutdown$$00000010  c_w.l(libshutdown2.o)
    0x0800026a   0x0800026a   0x00000000   Code   RO           93    .ARM.Collect$$rtentry$$00000000  c_w.l(__rtentry.o)
    0x0800026a   0x0800026a   0x00000000   Code   RO          106    .ARM.Collect$$rtentry$$00000002  c_w.l(__rtentry2.o)
    0x0800026a   0x0800026a   0x00000006   Code   RO          118    .ARM.Collect$$rtentry$$00000004  c_w.l(__rtentry4.o)
    0x08000270   0x08000270   0x00000000   Code   RO          108    .ARM.Collect$$rtentry$$00000009  c_w.l(__rtentry2.o)
    0x08000270   0x08000270   0x00000004   Code   RO          109    .ARM.Collect$$rtentry$$0000000A  c_w.l(__rtentry2.o)
    0x08000274   0x08000274   0x00000000   Code   RO          111    .ARM.Collect$$rtentry$$0000000C  c_w.l(__rtentry2.o)
    0x08000274   0x08000274   0x00000008   Code   RO          112    .ARM.Collect$$rtentry$$0000000D  c_w.l(__rtentry2.o)
    0x0800027c   0x0800027c   0x00000002   Code   RO          141    .ARM.Collect$$rtexit$$00000000  c_w.l(rtexit.o)
    0x0800027e   0x0800027e   0x00000000   Code   RO          197    .ARM.Collect$$rtexit$$00000002  c_w.l(rtexit2.o)
    0x0800027e   0x0800027e   0x00000004   Code   RO          198    .ARM.Collect$$rtexit$$00000003  c_w.l(rtexit2.o)
    0x08000282   0x08000282   0x00000006   Code   RO          199    .ARM.Collect$$rtexit$$00000004  c_w.l(rtexit2.o)
    0x08000288   0x08000288   0x00000040   Code   RO            4    .text               startup_stm32f401xc.o
    0x080002c8   0x080002c8   0x00000028   Code   RO           54    .text               c_w.l(noretval__2sprintf.o)
    0x080002f0   0x080002f0   0x00000068   Code   RO           56    .text               c_w.l(__printf.o)
    0x08000358   0x08000358   0x0000003c   Code   RO           79    .text               c_w.l(__0sscanf.o)
    0x08000394   0x08000394   0x0000014c   Code   RO           81    .text               c_w.l(_scanf_int.o)
    0x080004e0   0x080004e0   0x000000e0   Code   RO           83    .text               c_w.l(_scanf_str.o)
    0x080005c0   0x080005c0   0x00000058   Code   RO           85    .text               c_w.l(memcmp.o)
    0x08000618   0x08000618   0x0000003e   Code   RO           87    .text               c_w.l(strlen.o)
    0x08000656   0x08000656   0x00000006   Code   RO           89    .text               c_w.l(heapauxi.o)
    0x0800065c   0x0800065c   0x00000030   Code   RO           94    .text               c_w.l(_printf_char_common.o)
    0x0800068c   0x0800068c   0x0000000a   Code   RO           96    .text               c_w.l(_sputc.o)
    0x08000696   0x08000696   0x0000001c   Code   RO           99    .text               c_w.l(_chval.o)
    0x080006b2   0x080006b2   0x00000002   PAD
    0x080006b4   0x080006b4   0x0000002c   Code   RO          101    .text               c_w.l(scanf_char.o)
    0x080006e0   0x080006e0   0x00000040   Code   RO          103    .text               c_w.l(_sgetc.o)
    0x08000720   0x08000720   0x00000012   Code   RO          120    .text               c_w.l(isspace.o)
    0x08000732   0x08000732   0x00000002   PAD
    0x08000734   0x08000734   0x00000374   Code   RO          124    .text               c_w.l(_scanf.o)
    0x08000aa8   0x08000aa8   0x0000004a   Code   RO          126    .text               c_w.l(sys_stackheap_outer.o)
    0x08000af2   0x08000af2   0x00000002   PAD
    0x08000af4   0x08000af4   0x00000010   Code   RO          128    .text               c_w.l(rt_ctype_table.o)
    0x08000b04   0x08000b04   0x00000012   Code   RO          130    .text               c_w.l(exit.o)
    0x08000b16   0x08000b16   0x00000002   PAD
    0x08000b18   0x08000b18   0x00000008   Code   RO          138    .text               c_w.l(libspace.o)
    0x08000b20   0x08000b20   0x00000008   Code   RO          146    .text               c_w.l(rt_locale_intlibspace.o)
    0x08000b28   0x08000b28   0x0000007c   Code   RO          203    .text               c_w.l(strcmpv7em.o)
    0x08000ba4   0x08000ba4   0x0000000c   Code   RO          209    .text               c_w.l(sys_exit.o)
    0x08000bb0   0x08000bb0   0x00000002   Code   RO          224    .text               c_w.l(use_no_semi.o)
    0x08000bb2   0x08000bb2   0x00000000   Code   RO          226    .text               c_w.l(indicate_semi.o)
    0x08000bb2   0x08000bb2   0x000000f0   Code   RO          388    .text               c_w.l(lludivv7m.o)
    0x08000ca2   0x08000ca2   0x00000044   Code   RO          390    .text               c_w.l(rt_memclr.o)
    0x08000ce6   0x08000ce6   0x0000004e   Code   RO          392    .text               c_w.l(rt_memclr_w.o)
    0x08000d34   0x08000d34   0x00000002   Code   RO          302    .text.BusFault_Handler  lto-llvm-958a2f.o
    0x08000d36   0x08000d36   0x00000002   PAD
    0x08000d38   0x08000d38   0x000001aa   Code   RO          318    .text.DMA2_Stream2_IRQHandler  lto-llvm-958a2f.o
    0x08000ee2   0x08000ee2   0x00000002   PAD
    0x08000ee4   0x08000ee4   0x00000002   Code   RO          306    .text.DebugMon_Handler  lto-llvm-958a2f.o
    0x08000ee6   0x08000ee6   0x00000002   PAD
    0x08000ee8   0x08000ee8   0x00000178   Code   RO          316    .text.EXTI15_10_IRQHandler  lto-llvm-958a2f.o
    0x08001060   0x08001060   0x000001b6   Code   RO          322    .text.HAL_GPIO_Init  lto-llvm-958a2f.o
    0x08001216   0x08001216   0x00000002   PAD
    0x08001218   0x08001218   0x00000160   Code   RO          320    .text.HAL_InitTick  lto-llvm-958a2f.o
    0x08001378   0x08001378   0x0000017c   Code   RO          324    .text.HAL_TIM_Base_Init  lto-llvm-958a2f.o
    0x080014f4   0x080014f4   0x00000196   Code   RO          332    .text.HAL_TIM_ConfigClockSource  lto-llvm-958a2f.o
    0x0800168a   0x0800168a   0x00000002   PAD
    0x0800168c   0x0800168c   0x00000544   Code   RO          330    .text.HAL_TIM_IRQHandler  lto-llvm-958a2f.o
    0x08001bd0   0x08001bd0   0x000000d4   Code   RO          328    .text.HAL_TIM_PWM_Stop_IT  lto-llvm-958a2f.o
    0x08001ca4   0x08001ca4   0x00000160   Code   RO          338    .text.HAL_UART_Receive_DMA  lto-llvm-958a2f.o
    0x08001e04   0x08001e04   0x0000019e   Code   RO          334    .text.HAL_UART_Transmit  lto-llvm-958a2f.o
    0x08001fa2   0x08001fa2   0x00000002   PAD
    0x08001fa4   0x08001fa4   0x00000002   Code   RO          298    .text.HardFault_Handler  lto-llvm-958a2f.o
    0x08001fa6   0x08001fa6   0x00000002   PAD
    0x08001fa8   0x08001fa8   0x00000002   Code   RO          300    .text.MemManage_Handler  lto-llvm-958a2f.o
    0x08001faa   0x08001faa   0x00000002   PAD
    0x08001fac   0x08001fac   0x00000002   Code   RO          296    .text.NMI_Handler   lto-llvm-958a2f.o
    0x08001fae   0x08001fae   0x00000002   PAD
    0x08001fb0   0x08001fb0   0x00000064   Code   RO          370    .text.PendSV_Handler  lto-llvm-958a2f.o
    0x08002014   0x08002014   0x0000000c   PAD
    0x08002020   0x08002020   0x00000024   Code   RO          364    .text.SVC_Handler   lto-llvm-958a2f.o
    0x08002044   0x08002044   0x00000578   Code   RO          294    .text.StartDefaultTask  lto-llvm-958a2f.o
    0x080025bc   0x080025bc   0x00000200   Code   RO          292    .text.StartTask02   lto-llvm-958a2f.o
    0x080027bc   0x080027bc   0x0000028c   Code   RO          290    .text.StartTask03   lto-llvm-958a2f.o
    0x08002a48   0x08002a48   0x0000038c   Code   RO          288    .text.StartTask04   lto-llvm-958a2f.o
    0x08002dd4   0x08002dd4   0x000002a8   Code   RO          284    .text.StartTask05   lto-llvm-958a2f.o
    0x0800307c   0x0800307c   0x0000002e   Code   RO          372    .text.SysTick_Handler  lto-llvm-958a2f.o
    0x080030aa   0x080030aa   0x00000002   PAD
    0x080030ac   0x080030ac   0x00000012   Code   RO          344    .text.SystemInit    lto-llvm-958a2f.o
    0x080030be   0x080030be   0x00000002   PAD
    0x080030c0   0x080030c0   0x0000000c   Code   RO          308    .text.TIM1_BRK_TIM9_IRQHandler  lto-llvm-958a2f.o
    0x080030cc   0x080030cc   0x0000001e   Code   RO          312    .text.TIM1_TRG_COM_TIM11_IRQHandler  lto-llvm-958a2f.o
    0x080030ea   0x080030ea   0x00000002   PAD
    0x080030ec   0x080030ec   0x0000000c   Code   RO          310    .text.TIM1_UP_TIM10_IRQHandler  lto-llvm-958a2f.o
    0x080030f8   0x080030f8   0x0000000c   Code   RO          314    .text.TIM2_IRQHandler  lto-llvm-958a2f.o
    0x08003104   0x08003104   0x000000da   Code   RO          326    .text.TIM_Base_SetConfig  lto-llvm-958a2f.o
    0x080031de   0x080031de   0x00000002   PAD
    0x080031e0   0x080031e0   0x00000110   Code   RO          336    .text.UART_DMAError  lto-llvm-958a2f.o
    0x080032f0   0x080032f0   0x0000011c   Code   RO          340    .text.UART_DMAReceiveCplt  lto-llvm-958a2f.o
    0x0800340c   0x0800340c   0x00000006   Code   RO          342    .text.UART_DMARxHalfCplt  lto-llvm-958a2f.o
    0x08003412   0x08003412   0x00000002   PAD
    0x08003414   0x08003414   0x00000002   Code   RO          304    .text.UsageFault_Handler  lto-llvm-958a2f.o
    0x08003416   0x08003416   0x00000002   PAD
    0x08003418   0x08003418   0x00000024   Code   RO          286    .text.__NVIC_SystemReset  lto-llvm-958a2f.o
    0x0800343c   0x0800343c   0x000001f4   Code   RO          374    .text.drv8255_make_steps  lto-llvm-958a2f.o
    0x08003630   0x08003630   0x00000d14   Code   RO          282    .text.main          lto-llvm-958a2f.o
    0x08004344   0x08004344   0x0000015a   Code   RO          356    .text.osDelay       lto-llvm-958a2f.o
    0x0800449e   0x0800449e   0x00000002   PAD
    0x080044a0   0x080044a0   0x00000102   Code   RO          354    .text.prvIdleTask   lto-llvm-958a2f.o
    0x080045a2   0x080045a2   0x00000002   PAD
    0x080045a4   0x080045a4   0x00000028   Code   RO          368    .text.prvPortStartFirstTask  lto-llvm-958a2f.o
    0x080045cc   0x080045cc   0x00000032   Code   RO          362    .text.prvTaskExitError  lto-llvm-958a2f.o
    0x080045fe   0x080045fe   0x00000002   PAD
    0x08004600   0x08004600   0x000001fe   Code   RO          358    .text.pvPortMalloc  lto-llvm-958a2f.o
    0x080047fe   0x080047fe   0x00000002   PAD
    0x08004800   0x08004800   0x00000014   Code   RO          366    .text.vPortEnableVFP  lto-llvm-958a2f.o
    0x08004814   0x08004814   0x000000dc   Code   RO          360    .text.vPortFree     lto-llvm-958a2f.o
    0x080048f0   0x080048f0   0x00000082   Code   RO          346    .text.vTaskSwitchContext  lto-llvm-958a2f.o
    0x08004972   0x08004972   0x00000002   PAD
    0x08004974   0x08004974   0x00000292   Code   RO          348    .text.xTaskCreate   lto-llvm-958a2f.o
    0x08004c06   0x08004c06   0x00000002   PAD
    0x08004c08   0x08004c08   0x000001c4   Code   RO          352    .text.xTaskIncrementTick  lto-llvm-958a2f.o
    0x08004dcc   0x08004dcc   0x0000020a   Code   RO          350    .text.xTaskResumeAll  lto-llvm-958a2f.o
    0x08004fd6   0x08004fd6   0x00000002   PAD
    0x08004fd8   0x08004fd8   0x0000002c   Code   RO          149    locale$$code        c_w.l(lc_ctype_c.o)
    0x08005004   0x08005004   0x0000001a   Code   RO          207    x$fpl$fpinit        fz_wm.l(fpinit.o)
    0x0800501e   0x0800501e   0x00000008   Data   RO          379    .rodata.cst8        lto-llvm-958a2f.o
    0x08005026   0x08005026   0x00000194   Data   RO          380    .rodata.str1.1      lto-llvm-958a2f.o
    0x080051ba   0x080051ba   0x00000002   PAD
    0x080051bc   0x080051bc   0x00000020   Data   RO          405    Region$$Table       anon$$obj.o
    0x080051dc   0x080051dc   0x00000110   Data   RO          148    locale$$data        c_w.l(lc_ctype_c.o)


    Execution Region RW_IRAM1 (Exec base: 0x20000000, Load base: 0x080052f0, Size: 0x000048e0, Max: 0x00010000, ABSOLUTE, COMPRESSED[0x00000050])

    Exec Addr    Load Addr    Size         Type   Attr      Idx    E Section Name        Object

    0x20000000   COMPRESSED   0x0000036c   Data   RW          378    .data               lto-llvm-958a2f.o
    0x2000036c   COMPRESSED   0x00000004   PAD
    0x20000370        -       0x00000060   Zero   RW          139    .bss                c_w.l(libspace.o)
    0x200003d0        -       0x00003f0f   Zero   RW          377    .bss                lto-llvm-958a2f.o
    0x200042df   COMPRESSED   0x00000001   PAD
    0x200042e0        -       0x00000200   Zero   RW            2    HEAP                startup_stm32f401xc.o
    0x200044e0        -       0x00000400   Zero   RW            1    STACK               startup_stm32f401xc.o


==============================================================================

Image component sizes


      Code (inc. data)   RO Data    RW Data    ZI Data      Debug   Object Name

     17004        632        412        876      16143     106827   lto-llvm-958a2f.o
        64         26        404          0       1536        840   startup_stm32f401xc.o

    ----------------------------------------------------------------------
     17124        670        850        876      17684     107667   Object Totals
         0          0         32          0          0          0   (incl. Generated)
        56         12          2          0          5          0   (incl. Padding)

    ----------------------------------------------------------------------

      Code (inc. data)   RO Data    RW Data    ZI Data      Debug   Library Member Name

        60          8          0          0          0         84   __0sscanf.o
        90          0          0          0          0          0   __dczerorl2.o
         8          0          0          0          0         68   __main.o
       104          0          0          0          0         84   __printf.o
         0          0          0          0          0          0   __rtentry.o
        12          0          0          0          0          0   __rtentry2.o
         6          0          0          0          0          0   __rtentry4.o
        52          8          0          0          0          0   __scatter.o
        28          0          0          0          0          0   __scatter_zi.o
        28          0          0          0          0         68   _chval.o
        48          6          0          0          0         96   _printf_char_common.o
         0          0          0          0          0          0   _printf_percent.o
         4          0          0          0          0          0   _printf_percent_end.o
       884          6          0          0          0        100   _scanf.o
       332          0          0          0          0         96   _scanf_int.o
       224          0          0          0          0         96   _scanf_str.o
        64          0          0          0          0         84   _sgetc.o
        10          0          0          0          0         68   _sputc.o
        18          0          0          0          0         80   exit.o
         6          0          0          0          0        152   heapauxi.o
         0          0          0          0          0          0   indicate_semi.o
        18          0          0          0          0         76   isspace.o
        44         10        272          0          0         76   lc_ctype_c.o
         2          0          0          0          0          0   libinit.o
        24          0          0          0          0          0   libinit2.o
         2          0          0          0          0          0   libshutdown.o
         2          0          0          0          0          0   libshutdown2.o
         8          4          0          0         96         68   libspace.o
       240          0          0          0          0        100   lludivv7m.o
        88          0          0          0          0         76   memcmp.o
        40          6          0          0          0         84   noretval__2sprintf.o
        16          4          0          0          0         76   rt_ctype_table.o
         8          4          0          0          0         68   rt_locale_intlibspace.o
        68          0          0          0          0         68   rt_memclr.o
        78          0          0          0          0         80   rt_memclr_w.o
         2          0          0          0          0          0   rtexit.o
        10          0          0          0          0          0   rtexit2.o
        44          8          0          0          0         84   scanf_char.o
       124          0          0          0          0         88   strcmpv7em.o
        62          0          0          0          0         76   strlen.o
        12          4          0          0          0         68   sys_exit.o
        74          0          0          0          0         80   sys_stackheap_outer.o
         2          0          0          0          0         68   use_no_semi.o
        26          0          0          0          0        116   fpinit.o

    ----------------------------------------------------------------------
      2982         68        272          0         96       2428   Library Totals
        10          0          0          0          0          0   (incl. Padding)

    ----------------------------------------------------------------------

      Code (inc. data)   RO Data    RW Data    ZI Data      Debug   Library Name

      2946         68        272          0         96       2312   c_w.l
        26          0          0          0          0        116   fz_wm.l

    ----------------------------------------------------------------------
      2982         68        272          0         96       2428   Library Totals

    ----------------------------------------------------------------------

==============================================================================


      Code (inc. data)   RO Data    RW Data    ZI Data      Debug   

     20106        738       1122        876      17780     108847   Grand Totals
     20106        738       1122         80      17780     108847   ELF Image Totals (compressed)
     20106        738       1122         80          0          0   ROM Totals

==============================================================================

    Total RO  Size (Code + RO Data)                21228 (  20.73kB)
    Total RW  Size (RW Data + ZI Data)             18656 (  18.22kB)
    Total ROM Size (Code + RO Data + RW Data)      21308 (  20.81kB)

==============================================================================

