Component: ARM Compiler 6.16 Tool: armlink [5dfeaa00]

==============================================================================

Section Cross References

    startup_stm32f401xc.o(STACK) refers (Special) to heapauxi.o(.text) for __use_two_region_memory
    startup_stm32f401xc.o(HEAP) refers (Special) to heapauxi.o(.text) for __use_two_region_memory
    startup_stm32f401xc.o(RESET) refers (Special) to heapauxi.o(.text) for __use_two_region_memory
    startup_stm32f401xc.o(RESET) refers to startup_stm32f401xc.o(STACK) for __initial_sp
    startup_stm32f401xc.o(RESET) refers to startup_stm32f401xc.o(.text) for Reset_Handler
    startup_stm32f401xc.o(RESET) refers to stm32f4xx_it.o(.text.NMI_Handler) for NMI_Handler
    startup_stm32f401xc.o(RESET) refers to stm32f4xx_it.o(.text.HardFault_Handler) for HardFault_Handler
    startup_stm32f401xc.o(RESET) refers to stm32f4xx_it.o(.text.MemManage_Handler) for MemManage_Handler
    startup_stm32f401xc.o(RESET) refers to stm32f4xx_it.o(.text.BusFault_Handler) for BusFault_Handler
    startup_stm32f401xc.o(RESET) refers to stm32f4xx_it.o(.text.UsageFault_Handler) for UsageFault_Handler
    startup_stm32f401xc.o(RESET) refers to stm32f4xx_it.o(.text.SVC_Handler) for SVC_Handler
    startup_stm32f401xc.o(RESET) refers to stm32f4xx_it.o(.text.DebugMon_Handler) for DebugMon_Handler
    startup_stm32f401xc.o(RESET) refers to stm32f4xx_it.o(.text.PendSV_Handler) for PendSV_Handler
    startup_stm32f401xc.o(RESET) refers to stm32f4xx_it.o(.text.SysTick_Handler) for SysTick_Handler
    startup_stm32f401xc.o(RESET) refers to stm32f4xx_it.o(.text.TIM1_BRK_TIM9_IRQHandler) for TIM1_BRK_TIM9_IRQHandler
    startup_stm32f401xc.o(RESET) refers to stm32f4xx_it.o(.text.EXTI15_10_IRQHandler) for EXTI15_10_IRQHandler
    startup_stm32f401xc.o(RESET) refers to stm32f4xx_it.o(.text.OTG_FS_IRQHandler) for OTG_FS_IRQHandler
    startup_stm32f401xc.o(.text) refers (Special) to heapauxi.o(.text) for __use_two_region_memory
    startup_stm32f401xc.o(.text) refers to system_stm32f4xx.o(.text.SystemInit) for SystemInit
    startup_stm32f401xc.o(.text) refers to __main.o(!!!main) for __main
    startup_stm32f401xc.o(.text) refers to startup_stm32f401xc.o(HEAP) for Heap_Mem
    startup_stm32f401xc.o(.text) refers to startup_stm32f401xc.o(STACK) for Stack_Mem
    main.o(.text.main) refers to stm32f4xx_hal.o(.text.HAL_Init) for HAL_Init
    main.o(.text.main) refers to main.o(.text.SystemClock_Config) for SystemClock_Config
    main.o(.text.main) refers to main.o(.text.MX_GPIO_Init) for MX_GPIO_Init
    main.o(.text.main) refers to usb_device.o(.text.MX_USB_DEVICE_Init) for MX_USB_DEVICE_Init
    main.o(.text.main) refers to main.o(.text.MX_TIM1_Init) for MX_TIM1_Init
    main.o(.text.main) refers to main.o(.text.DWT_Init) for DWT_Init
    main.o(.text.main) refers to main.o(.data.run_flag) for run_flag
    main.o(.text.main) refers to main.o(.bss.USBbuffer) for USBbuffer
    main.o(.text.main) refers to main.o(.bss.position_sensor) for position_sensor
    main.o(.text.main) refers to main.o(.bss.TXBuffer) for TXBuffer
    main.o(.text.main) refers to stm32f4xx_hal_cortex.o(.text.HAL_NVIC_DisableIRQ) for HAL_NVIC_DisableIRQ
    main.o(.text.main) refers to usbd_cdc_if.o(.text.CDC_Transmit_FS) for CDC_Transmit_FS
    main.o(.text.main) refers to stm32f4xx_hal_cortex.o(.text.HAL_NVIC_SetPriority) for HAL_NVIC_SetPriority
    main.o(.text.main) refers to stm32f4xx_hal_cortex.o(.text.HAL_NVIC_EnableIRQ) for HAL_NVIC_EnableIRQ
    main.o(.text.main) refers to main.o(.text.setdir) for setdir
    main.o(.text.main) refers to main.o(.text.delay_us) for delay_us
    main.o(.text.main) refers to main.o(.text.step_run) for step_run
    main.o(.ARM.exidx.text.main) refers to main.o(.text.main) for [Anonymous Symbol]
    main.o(.text.SystemClock_Config) refers to rt_memclr_w.o(.text) for __aeabi_memclr4
    main.o(.text.SystemClock_Config) refers to stm32f4xx_hal_rcc.o(.text.HAL_RCC_OscConfig) for HAL_RCC_OscConfig
    main.o(.text.SystemClock_Config) refers to stm32f4xx_hal_rcc.o(.text.HAL_RCC_ClockConfig) for HAL_RCC_ClockConfig
    main.o(.text.SystemClock_Config) refers to main.o(.text.Error_Handler) for Error_Handler
    main.o(.ARM.exidx.text.SystemClock_Config) refers to main.o(.text.SystemClock_Config) for [Anonymous Symbol]
    main.o(.text.MX_GPIO_Init) refers to stm32f4xx_hal_gpio.o(.text.HAL_GPIO_WritePin) for HAL_GPIO_WritePin
    main.o(.text.MX_GPIO_Init) refers to stm32f4xx_hal_gpio.o(.text.HAL_GPIO_Init) for HAL_GPIO_Init
    main.o(.text.MX_GPIO_Init) refers to stm32f4xx_hal_cortex.o(.text.HAL_NVIC_SetPriority) for HAL_NVIC_SetPriority
    main.o(.text.MX_GPIO_Init) refers to stm32f4xx_hal_cortex.o(.text.HAL_NVIC_EnableIRQ) for HAL_NVIC_EnableIRQ
    main.o(.ARM.exidx.text.MX_GPIO_Init) refers to main.o(.text.MX_GPIO_Init) for [Anonymous Symbol]
    main.o(.text.MX_TIM1_Init) refers to main.o(.bss.htim1) for htim1
[...]
    [Anonymous Symbol]                       0x08003278   Section        0  usbd_ctlreq.o(.text.USBD_StdItfReq)
    [Anonymous Symbol]                       0x080032dc   Section        0  usbd_conf.o(.text.USBD_static_free)
    [Anonymous Symbol]                       0x080032e0   Section        0  usbd_conf.o(.text.USBD_static_malloc)
    [Anonymous Symbol]                       0x080032ec   Section        0  stm32f4xx_ll_usb.o(.text.USB_ActivateEndpoint)
    [Anonymous Symbol]                       0x08003384   Section        0  stm32f4xx_ll_usb.o(.text.USB_ActivateSetup)
    [Anonymous Symbol]                       0x080033a4   Section        0  stm32f4xx_ll_usb.o(.text.USB_CoreInit)
    USB_CoreReset                            0x0800341d   Thumb Code    76  stm32f4xx_ll_usb.o(.text.USB_CoreReset)
    [Anonymous Symbol]                       0x0800341c   Section        0  stm32f4xx_ll_usb.o(.text.USB_CoreReset)
    [Anonymous Symbol]                       0x08003468   Section        0  stm32f4xx_ll_usb.o(.text.USB_DeactivateEndpoint)
    [Anonymous Symbol]                       0x080034fc   Section        0  stm32f4xx_ll_usb.o(.text.USB_DevConnect)
    [Anonymous Symbol]                       0x0800351c   Section        0  stm32f4xx_ll_usb.o(.text.USB_DevDisconnect)
    [Anonymous Symbol]                       0x0800353c   Section        0  stm32f4xx_ll_usb.o(.text.USB_DevInit)
    [Anonymous Symbol]                       0x0800369c   Section        0  stm32f4xx_ll_usb.o(.text.USB_DisableGlobalInt)
    [Anonymous Symbol]                       0x080036ac   Section        0  stm32f4xx_ll_usb.o(.text.USB_EP0StartXfer)
    [Anonymous Symbol]                       0x080037a8   Section        0  stm32f4xx_ll_usb.o(.text.USB_EP0_OutStart)
    [Anonymous Symbol]                       0x08003804   Section        0  stm32f4xx_ll_usb.o(.text.USB_EPClearStall)
    [Anonymous Symbol]                       0x08003854   Section        0  stm32f4xx_ll_usb.o(.text.USB_EPSetStall)
    [Anonymous Symbol]                       0x080038a4   Section        0  stm32f4xx_ll_usb.o(.text.USB_EPStartXfer)
    [Anonymous Symbol]                       0x08003a58   Section        0  stm32f4xx_ll_usb.o(.text.USB_EnableGlobalInt)
    [Anonymous Symbol]                       0x08003a68   Section        0  stm32f4xx_ll_usb.o(.text.USB_FlushRxFifo)
    [Anonymous Symbol]                       0x08003a98   Section        0  stm32f4xx_ll_usb.o(.text.USB_FlushTxFifo)
    [Anonymous Symbol]                       0x08003ac8   Section        0  stm32f4xx_ll_usb.o(.text.USB_GetDevSpeed)
    [Anonymous Symbol]                       0x08003ae4   Section        0  stm32f4xx_ll_usb.o(.text.USB_GetMode)
    [Anonymous Symbol]                       0x08003aec   Section        0  stm32f4xx_ll_usb.o(.text.USB_ReadDevAllInEpInterrupt)
    [Anonymous Symbol]                       0x08003afc   Section        0  stm32f4xx_ll_usb.o(.text.USB_ReadDevAllOutEpInterrupt)
    [Anonymous Symbol]                       0x08003b0c   Section        0  stm32f4xx_ll_usb.o(.text.USB_ReadDevInEPInterrupt)
    [Anonymous Symbol]                       0x08003b30   Section        0  stm32f4xx_ll_usb.o(.text.USB_ReadDevOutEPInterrupt)
    [Anonymous Symbol]                       0x08003b40   Section        0  stm32f4xx_ll_usb.o(.text.USB_ReadInterrupts)
    [Anonymous Symbol]                       0x08003b48   Section        0  stm32f4xx_ll_usb.o(.text.USB_ReadPacket)
    [Anonymous Symbol]                       0x08003b94   Section        0  stm32f4xx_ll_usb.o(.text.USB_SetCurrentMode)
    [Anonymous Symbol]                       0x08003bfc   Section        0  stm32f4xx_ll_usb.o(.text.USB_SetDevAddress)
    [Anonymous Symbol]                       0x08003c20   Section        0  stm32f4xx_ll_usb.o(.text.USB_SetDevSpeed)
    [Anonymous Symbol]                       0x08003c30   Section        0  stm32f4xx_ll_usb.o(.text.USB_SetTurnaroundTime)
    [Anonymous Symbol]                       0x08003d48   Section        0  stm32f4xx_ll_usb.o(.text.USB_WritePacket)
    [Anonymous Symbol]                       0x08003d7c   Section        0  stm32f4xx_it.o(.text.UsageFault_Handler)
    __NVIC_ClearPendingIRQ                   0x08003d81   Thumb Code    16  main.o(.text.__NVIC_ClearPendingIRQ)
    [Anonymous Symbol]                       0x08003d80   Section        0  main.o(.text.__NVIC_ClearPendingIRQ)
    __NVIC_DisableIRQ                        0x08003d91   Thumb Code    40  stm32f4xx_hal_cortex.o(.text.__NVIC_DisableIRQ)
    [Anonymous Symbol]                       0x08003d90   Section        0  stm32f4xx_hal_cortex.o(.text.__NVIC_DisableIRQ)
    __NVIC_EnableIRQ                         0x08003db9   Thumb Code    32  stm32f4xx_hal_cortex.o(.text.__NVIC_EnableIRQ)
    [Anonymous Symbol]                       0x08003db8   Section        0  stm32f4xx_hal_cortex.o(.text.__NVIC_EnableIRQ)
    __NVIC_GetPriorityGrouping               0x08003dd9   Thumb Code    16  stm32f4xx_hal_cortex.o(.text.__NVIC_GetPriorityGrouping)
    [Anonymous Symbol]                       0x08003dd8   Section        0  stm32f4xx_hal_cortex.o(.text.__NVIC_GetPriorityGrouping)
    __NVIC_SetPriority                       0x08003de9   Thumb Code    34  stm32f4xx_hal_cortex.o(.text.__NVIC_SetPriority)
    [Anonymous Symbol]                       0x08003de8   Section        0  stm32f4xx_hal_cortex.o(.text.__NVIC_SetPriority)
    __NVIC_SetPriorityGrouping               0x08003e0d   Thumb Code    32  stm32f4xx_hal_cortex.o(.text.__NVIC_SetPriorityGrouping)
    [Anonymous Symbol]                       0x08003e0c   Section        0  stm32f4xx_hal_cortex.o(.text.__NVIC_SetPriorityGrouping)
    delay_us                                 0x08003e2d   Thumb Code    48  main.o(.text.delay_us)
    [Anonymous Symbol]                       0x08003e2c   Section        0  main.o(.text.delay_us)
    [Anonymous Symbol]                       0x08003e5c   Section        0  main.o(.text.main)
    [Anonymous Symbol]                       0x08003ef4   Section        0  main.o(.text.send_stop)
    [Anonymous Symbol]                       0x08003f3c   Section        0  main.o(.text.setdir)
    [Anonymous Symbol]                       0x08003fe0   Section        0  main.o(.text.step_run)
    $v0                                      0x080040c0   Number         0  fpinit.o(x$fpl$fpinit)
    x$fpl$fpinit                             0x080040c0   Section       26  fpinit.o(x$fpl$fpinit)
    USBD_CDC_CfgFSDesc                       0x20000058   Data          67  usbd_cdc.o(.data.USBD_CDC_CfgFSDesc)
    [Anonymous Symbol]                       0x20000058   Section        0  usbd_cdc.o(.data.USBD_CDC_CfgFSDesc)
    USBD_CDC_CfgHSDesc                       0x2000009c   Data          67  usbd_cdc.o(.data.USBD_CDC_CfgHSDesc)
    [Anonymous Symbol]                       0x2000009c   Section        0  usbd_cdc.o(.data.USBD_CDC_CfgHSDesc)
    USBD_CDC_DeviceQualifierDesc             0x200000e0   Data          10  usbd_cdc.o(.data.USBD_CDC_DeviceQualifierDesc)
    [Anonymous Symbol]                       0x200000e0   Section        0  usbd_cdc.o(.data.USBD_CDC_DeviceQualifierDesc)
    USBD_CDC_OtherSpeedCfgDesc               0x200000ec   Data          67  usbd_cdc.o(.data.USBD_CDC_OtherSpeedCfgDesc)
    [Anonymous Symbol]                       0x200000ec   Section        0  usbd_cdc.o(.data.USBD_CDC_OtherSpeedCfgDesc)
    .bss                                     0x20000180   Section       96  libspace.o(.bss)
    USBD_SetConfig.cfgidx                    0x200001f4   Data           1  usbd_ctlreq.o(.bss.USBD_SetConfig.cfgidx)
    [Anonymous Symbol]                       0x200001f4   Section        0  usbd_ctlreq.o(.bss.USBD_SetConfig.cfgidx)
    USBD_static_malloc.mem                   0x200003f8   Data         544  usbd_conf.o(.bss.USBD_static_malloc.mem)
    [Anonymous Symbol]                       0x200003f8   Section        0  usbd_conf.o(.bss.USBD_static_malloc.mem)
    Heap_Mem                                 0x20001520   Data         512  startup_stm32f401xc.o(HEAP)
    HEAP                                     0x20001520   Section      512  startup_stm32f401xc.o(HEAP)
    Stack_Mem                                0x20001720   Data        1024  startup_stm32f401xc.o(STACK)
    STACK                                    0x20001720   Section     1024  startup_stm32f401xc.o(STACK)
    __initial_sp                             0x20001b20   Data           0  startup_stm32f401xc.o(STACK)

    Global Symbols

    Symbol Name                              Value     Ov Type        Size  Object(Section)

    BuildAttributes$$THM_ISAv4$E$P$D$K$B$S$7EM$VFPi3$EXTD16$VFPS$VFMA$PE$A:L22UL41UL21$X:L11$S22US41US21$IEEE1$IW$~IW$USESV6$~STKCKD$USESV7$~SHL$OTIME$ROPI$EBA8$UX$STANDARDLIB$REQ8$PRES8$EABIv2 0x00000000   Number         0  anon$$obj.o ABSOLUTE
    __ARM_exceptions_init                     - Undefined Weak Reference
    __alloca_initialize                       - Undefined Weak Reference
    __arm_preinit_                            - Undefined Weak Reference
    __cpp_initialize__aeabi_                  - Undefined Weak Reference
    __cxa_finalize                            - Undefined Weak Reference
    __rt_locale                               - Undefined Weak Reference
    __sigvec_lookup                           - Undefined Weak Reference
    _atexit_init                              - Undefined Weak Reference
    _call_atexit_fns                          - Undefined Weak Reference
    _clock_init                               - Undefined Weak Reference
    _fp_trap_init                             - Undefined Weak Reference
    _fp_trap_shutdown                         - Undefined Weak Reference
    _get_lc_collate                           - Undefined Weak Reference
    _get_lc_ctype                             - Undefined Weak Reference
    _get_lc_monetary                          - Undefined Weak Reference
    _get_lc_numeric                           - Undefined Weak Reference
    _get_lc_time                              - Undefined Weak Reference
    _getenv_init                              - Undefined Weak Reference
    _handle_redirection                       - Undefined Weak Reference
    _init_alloc                               - Undefined Weak Reference
    _init_user_alloc                          - Undefined Weak Reference
    _initio                                   - Undefined Weak Reference
    _rand_init                                - Undefined Weak Reference
    _signal_finish                            - Undefined Weak Reference
    _signal_init                              - Undefined Weak Reference
    _terminate_alloc                          - Undefined Weak Reference
    _terminate_user_alloc                     - Undefined Weak Reference
    _terminateio                              - Undefined Weak Reference
    __Vectors_Size                           0x00000194   Number         0  startup_stm32f401xc.o ABSOLUTE
    __Vectors                                0x08000000   Data           4  startup_stm32f401xc.o(RESET)
    __Vectors_End                            0x08000194   Data           0  startup_stm32f401xc.o(RESET)
    __main                                   0x08000195   Thumb Code     8  __main.o(!!!main)
    __scatterload                            0x0800019d   Thumb Code     0  __scatter.o(!!!scatter)
    __scatterload_rt2                        0x0800019d   Thumb Code    44  __scatter.o(!!!scatter)
    __scatterload_rt2_thumb_only             0x0800019d   Thumb Code     0  __scatter.o(!!!scatter)
    __scatterload_null                       0x080001ab   Thumb Code     0  __scatter.o(!!!scatter)
    __decompress                             0x080001d1   Thumb Code    90  __dczerorl2.o(!!dczerorl2)
    __decompress1                            0x080001d1   Thumb Code     0  __dczerorl2.o(!!dczerorl2)
    __scatterload_zeroinit                   0x0800022d   Thumb Code    28  __scatter_zi.o(!!handler_zi)
    __rt_lib_init                            0x08000249   Thumb Code     0  libinit.o(.ARM.Collect$$libinit$$00000000)
    __rt_lib_init_fp_1                       0x0800024b   Thumb Code     0  libinit2.o(.ARM.Collect$$libinit$$00000001)
    __rt_lib_init_alloca_1                   0x0800024f   Thumb Code     0  libinit2.o(.ARM.Collect$$libinit$$0000002E)
    __rt_lib_init_argv_1                     0x0800024f   Thumb Code     0  libinit2.o(.ARM.Collect$$libinit$$0000002C)
    __rt_lib_init_atexit_1                   0x0800024f   Thumb Code     0  libinit2.o(.ARM.Collect$$libinit$$0000001B)
    __rt_lib_init_clock_1                    0x0800024f   Thumb Code     0  libinit2.o(.ARM.Collect$$libinit$$00000021)
    __rt_lib_init_cpp_1                      0x0800024f   Thumb Code     0  libinit2.o(.ARM.Collect$$libinit$$00000032)
    __rt_lib_init_exceptions_1               0x0800024f   Thumb Code     0  libinit2.o(.ARM.Collect$$libinit$$00000030)
    __rt_lib_init_fp_trap_1                  0x0800024f   Thumb Code     0  libinit2.o(.ARM.Collect$$libinit$$0000001F)
    __rt_lib_init_getenv_1                   0x0800024f   Thumb Code     0  libinit2.o(.ARM.Collect$$libinit$$00000023)
    __rt_lib_init_heap_1                     0x0800024f   Thumb Code     0  libinit2.o(.ARM.Collect$$libinit$$0000000A)
    __rt_lib_init_lc_collate_1               0x0800024f   Thumb Code     0  libinit2.o(.ARM.Collect$$libinit$$00000011)
    __rt_lib_init_lc_ctype_1                 0x0800024f   Thumb Code     0  libinit2.o(.ARM.Collect$$libinit$$00000013)
    __rt_lib_init_lc_monetary_1              0x0800024f   Thumb Code     0  libinit2.o(.ARM.Collect$$libinit$$00000015)
    __rt_lib_init_lc_numeric_1               0x0800024f   Thumb Code     0  libinit2.o(.ARM.Collect$$libinit$$00000017)
    __rt_lib_init_lc_time_1                  0x0800024f   Thumb Code     0  libinit2.o(.ARM.Collect$$libinit$$00000019)
    __rt_lib_init_preinit_1                  0x0800024f   Thumb Code     0  libinit2.o(.ARM.Collect$$libinit$$00000004)
    __rt_lib_init_rand_1                     0x0800024f   Thumb Code     0  libinit2.o(.ARM.Collect$$libinit$$0000000E)
    __rt_lib_init_return                     0x0800024f   Thumb Code     0  libinit2.o(.ARM.Collect$$libinit$$00000033)
    __rt_lib_init_signal_1                   0x0800024f   Thumb Code     0  libinit2.o(.ARM.Collect$$libinit$$0000001D)
    __rt_lib_init_stdio_1                    0x0800024f   Thumb Code     0  libinit2.o(.ARM.Collect$$libinit$$00000025)
    __rt_lib_init_user_alloc_1               0x0800024f   Thumb Code     0  libinit2.o(.ARM.Collect$$libinit$$0000000C)
    __rt_lib_shutdown                        0x08000251   Thumb Code     0  libshutdown.o(.ARM.Collect$$libshutdown$$00000000)
    __rt_lib_shutdown_cpp_1                  0x08000253   Thumb Code     0  libshutdown2.o(.ARM.Collect$$libshutdown$$00000002)
    __rt_lib_shutdown_fp_trap_1              0x08000253   Thumb Code     0  libshutdown2.o(.ARM.Collect$$libshutdown$$00000007)
    __rt_lib_shutdown_heap_1                 0x08000253   Thumb Code     0  libshutdown2.o(.ARM.Collect$$libshutdown$$0000000F)
    __rt_lib_shutdown_return                 0x08000253   Thumb Code     0  libshutdown2.o(.ARM.Collect$$libshutdown$$00000010)
    __rt_lib_shutdown_signal_1               0x08000253   Thumb Code     0  libshutdown2.o(.ARM.Collect$$libshutdown$$0000000A)
    __rt_lib_shutdown_stdio_1                0x08000253   Thumb Code     0  libshutdown2.o(.ARM.Collect$$libshutdown$$00000004)
    __rt_lib_shutdown_user_alloc_1           0x08000253   Thumb Code     0  libshutdown2.o(.ARM.Collect$$libshutdown$$0000000C)
    __rt_entry                               0x08000255   Thumb Code     0  __rtentry.o(.ARM.Collect$$rtentry$$00000000)
    __rt_entry_presh_1                       0x08000255   Thumb Code     0  __rtentry2.o(.ARM.Collect$$rtentry$$00000002)
    __rt_entry_sh                            0x08000255   Thumb Code     0  __rtentry4.o(.ARM.Collect$$rtentry$$00000004)
    __rt_entry_li                            0x0800025b   Thumb Code     0  __rtentry2.o(.ARM.Collect$$rtentry$$0000000A)
    __rt_entry_postsh_1                      0x0800025b   Thumb Code     0  __rtentry2.o(.ARM.Collect$$rtentry$$00000009)
    __rt_entry_main                          0x0800025f   Thumb Code     0  __rtentry2.o(.ARM.Collect$$rtentry$$0000000D)
    __rt_entry_postli_1                      0x0800025f   Thumb Code     0  __rtentry2.o(.ARM.Collect$$rtentry$$0000000C)
    __rt_exit                                0x08000267   Thumb Code     0  rtexit.o(.ARM.Collect$$rtexit$$00000000)
    __rt_exit_ls                             0x08000269   Thumb Code     0  rtexit2.o(.ARM.Collect$$rtexit$$00000003)
    __rt_exit_prels_1                        0x08000269   Thumb Code     0  rtexit2.o(.ARM.Collect$$rtexit$$00000002)
    __rt_exit_exit                           0x0800026d   Thumb Code     0  rtexit2.o(.ARM.Collect$$rtexit$$00000004)
    Reset_Handler                            0x08000275   Thumb Code     8  startup_stm32f401xc.o(.text)
    ADC_IRQHandler                           0x0800028f   Thumb Code     0  startup_stm32f401xc.o(.text)
    DMA1_Stream0_IRQHandler                  0x0800028f   Thumb Code     0  startup_stm32f401xc.o(.text)
    DMA1_Stream1_IRQHandler                  0x0800028f   Thumb Code     0  startup_stm32f401xc.o(.text)
    DMA1_Stream2_IRQHandler                  0x0800028f   Thumb Code     0  startup_stm32f401xc.o(.text)
    DMA1_Stream3_IRQHandler                  0x0800028f   Thumb Code     0  startup_stm32f401xc.o(.text)
    DMA1_Stream4_IRQHandler                  0x0800028f   Thumb Code     0  startup_stm32f401xc.o(.text)
    DMA1_Stream5_IRQHandler                  0x0800028f   Thumb Code     0  startup_stm32f401xc.o(.text)
    DMA1_Stream6_IRQHandler                  0x0800028f   Thumb Code     0  startup_stm32f401xc.o(.text)
    DMA1_Stream7_IRQHandler                  0x0800028f   Thumb Code     0  startup_stm32f401xc.o(.text)
    DMA2_Stream0_IRQHandler                  0x0800028f   Thumb Code     0  startup_stm32f401xc.o(.text)
    DMA2_Stream1_IRQHandler                  0x0800028f   Thumb Code     0  startup_stm32f401xc.o(.text)
    DMA2_Stream2_IRQHandler                  0x0800028f   Thumb Code     0  startup_stm32f401xc.o(.text)
    DMA2_Stream3_IRQHandler                  0x0800028f   Thumb Code     0  startup_stm32f401xc.o(.text)
    DMA2_Stream4_IRQHandler                  0x0800028f   Thumb Code     0  startup_stm32f401xc.o(.text)
    DMA2_Stream5_IRQHandler                  0x0800028f   Thumb Code     0  startup_stm32f401xc.o(.text)
    DMA2_Stream6_IRQHandler                  0x0800028f   Thumb Code     0  startup_stm32f401xc.o(.text)
    DMA2_Stream7_IRQHandler                  0x0800028f   Thumb Code     0  startup_stm32f401xc.o(.text)
    EXTI0_IRQHandler                         0x0800028f   Thumb Code     0  startup_stm32f401xc.o(.text)
    EXTI1_IRQHandler                         0x0800028f   Thumb Code     0  startup_stm32f401xc.o(.text)
    EXTI2_IRQHandler                         0x0800028f   Thumb Code     0  startup_stm32f401xc.o(.text)
    EXTI3_IRQHandler                         0x0800028f   Thumb Code     0  startup_stm32f401xc.o(.text)
    EXTI4_IRQHandler                         0x0800028f   Thumb Code     0  startup_stm32f401xc.o(.text)
    EXTI9_5_IRQHandler                       0x0800028f   Thumb Code     0  startup_stm32f401xc.o(.text)
    FLASH_IRQHandler                         0x0800028f   Thumb Code     0  startup_stm32f401xc.o(.text)
    FPU_IRQHandler                           0x0800028f   Thumb Code     0  startup_stm32f401xc.o(.text)
    I2C1_ER_IRQHandler                       0x0800028f   Thumb Code     0  startup_stm32f401xc.o(.text)
    I2C1_EV_IRQHandler                       0x0800028f   Thumb Code     0  startup_stm32f401xc.o(.text)
    I2C2_ER_IRQHandler                       0x0800028f   Thumb Code     0  startup_stm32f401xc.o(.text)
    I2C2_EV_IRQHandler                       0x0800028f   Thumb Code     0  startup_stm32f401xc.o(.text)
    I2C3_ER_IRQHandler                       0x0800028f   Thumb Code     0  startup_stm32f401xc.o(.text)
    I2C3_EV_IRQHandler                       0x0800028f   Thumb Code     0  startup_stm32f401xc.o(.text)
    OTG_FS_WKUP_IRQHandler                   0x0800028f   Thumb Code     0  startup_stm32f401xc.o(.text)
    PVD_IRQHandler                           0x0800028f   Thumb Code     0  startup_stm32f401xc.o(.text)
    RCC_IRQHandler                           0x0800028f   Thumb Code     0  startup_stm32f401xc.o(.text)
    RTC_Alarm_IRQHandler                     0x0800028f   Thumb Code     0  startup_stm32f401xc.o(.text)
    RTC_WKUP_IRQHandler                      0x0800028f   Thumb Code     0  startup_stm32f401xc.o(.text)
    SDIO_IRQHandler                          0x0800028f   Thumb Code     0  startup_stm32f401xc.o(.text)
    SPI1_IRQHandler                          0x0800028f   Thumb Code     0  startup_stm32f401xc.o(.text)
    SPI2_IRQHandler                          0x0800028f   Thumb Code     0  startup_stm32f401xc.o(.text)
    SPI3_IRQHandler                          0x0800028f   Thumb Code     0  startup_stm32f401xc.o(.text)
    SPI4_IRQHandler                          0x0800028f   Thumb Code     0  startup_stm32f401xc.o(.text)
    TAMP_STAMP_IRQHandler                    0x0800028f   Thumb Code     0  startup_stm32f401xc.o(.text)
    TIM1_CC_IRQHandler                       0x0800028f   Thumb Code     0  startup_stm32f401xc.o(.text)
    TIM1_TRG_COM_TIM11_IRQHandler            0x0800028f   Thumb Code     0  startup_stm32f401xc.o(.text)
    TIM1_UP_TIM10_IRQHandler                 0x0800028f   Thumb Code     0  startup_stm32f401xc.o(.text)
    TIM2_IRQHandler                          0x0800028f   Thumb Code     0  startup_stm32f401xc.o(.text)
    TIM3_IRQHandler                          0x0800028f   Thumb Code     0  startup_stm32f401xc.o(.text)
    TIM4_IRQHandler                          0x0800028f   Thumb Code     0  startup_stm32f401xc.o(.text)
    TIM5_IRQHandler                          0x0800028f   Thumb Code     0  startup_stm32f401xc.o(.text)
    USART1_IRQHandler                        0x0800028f   Thumb Code     0  startup_stm32f401xc.o(.text)
    USART2_IRQHandler                        0x0800028f   Thumb Code     0  startup_stm32f401xc.o(.text)
    USART6_IRQHandler                        0x0800028f   Thumb Code     0  startup_stm32f401xc.o(.text)
    WWDG_IRQHandler                          0x0800028f   Thumb Code     0  startup_stm32f401xc.o(.text)
    __user_initial_stackheap                 0x08000291   Thumb Code     0  startup_stm32f401xc.o(.text)
    __aeabi_uldivmod                         0x080002b5   Thumb Code     0  lludivv7m.o(.text)
    _ll_udiv                                 0x080002b5   Thumb Code   240  lludivv7m.o(.text)
    __aeabi_memcpy                           0x080003a5   Thumb Code     0  rt_memcpy_v6.o(.text)
    __rt_memcpy                              0x080003a5   Thumb Code   138  rt_memcpy_v6.o(.text)
    _memcpy_lastbytes                        0x0800040b   Thumb Code     0  rt_memcpy_v6.o(.text)
    __aeabi_memclr4                          0x0800042f   Thumb Code     0  rt_memclr_w.o(.text)
    __aeabi_memclr8                          0x0800042f   Thumb Code     0  rt_memclr_w.o(.text)
    __rt_memclr_w                            0x0800042f   Thumb Code     0  rt_memclr_w.o(.text)
    _memset_w                                0x08000433   Thumb Code    74  rt_memclr_w.o(.text)
    __use_two_region_memory                  0x0800047d   Thumb Code     2  heapauxi.o(.text)
    __rt_heap_escrow$2region                 0x0800047f   Thumb Code     2  heapauxi.o(.text)
    __rt_heap_expand$2region                 0x08000481   Thumb Code     2  heapauxi.o(.text)
    __aeabi_memcpy4                          0x08000483   Thumb Code     0  rt_memcpy_w.o(.text)
    __aeabi_memcpy8                          0x08000483   Thumb Code     0  rt_memcpy_w.o(.text)
    __rt_memcpy_w                            0x08000483   Thumb Code   100  rt_memcpy_w.o(.text)
    _memcpy_lastbytes_aligned                0x080004cb   Thumb Code     0  rt_memcpy_w.o(.text)
    __user_setup_stackheap                   0x080004e7   Thumb Code    74  sys_stackheap_outer.o(.text)
    exit                                     0x08000531   Thumb Code    18  exit.o(.text)
    __user_libspace                          0x08000545   Thumb Code     8  libspace.o(.text)
    __user_perproc_libspace                  0x08000545   Thumb Code     0  libspace.o(.text)
    __user_perthread_libspace                0x08000545   Thumb Code     0  libspace.o(.text)
    _sys_exit                                0x0800054d   Thumb Code     8  sys_exit.o(.text)
    __I$use$semihosting                      0x08000559   Thumb Code     0  use_no_semi.o(.text)
    __use_no_semihosting_swi                 0x08000559   Thumb Code     2  use_no_semi.o(.text)
    __semihosting_library_function           0x0800055b   Thumb Code     0  indicate_semi.o(.text)
    BusFault_Handler                         0x0800055d   Thumb Code     2  stm32f4xx_it.o(.text.BusFault_Handler)
    CDC_Transmit_FS                          0x080005c9   Thumb Code    52  usbd_cdc_if.o(.text.CDC_Transmit_FS)
    DebugMon_Handler                         0x08000621   Thumb Code     2  stm32f4xx_it.o(.text.DebugMon_Handler)
    EXTI15_10_IRQHandler                     0x08000625   Thumb Code    20  stm32f4xx_it.o(.text.EXTI15_10_IRQHandler)
    Error_Handler                            0x08000639   Thumb Code    10  main.o(.text.Error_Handler)
    HAL_Delay                                0x08000679   Thumb Code    40  stm32f4xx_hal.o(.text.HAL_Delay)
    HAL_GPIO_EXTI_Callback                   0x080006a1   Thumb Code   242  main.o(.text.HAL_GPIO_EXTI_Callback)
    HAL_GPIO_EXTI_IRQHandler                 0x08000795   Thumb Code    26  stm32f4xx_hal_gpio.o(.text.HAL_GPIO_EXTI_IRQHandler)
    HAL_GPIO_Init                            0x080007b1   Thumb Code   406  stm32f4xx_hal_gpio.o(.text.HAL_GPIO_Init)
    HAL_GPIO_ReadPin                         0x08000949   Thumb Code    10  stm32f4xx_hal_gpio.o(.text.HAL_GPIO_ReadPin)
    HAL_GPIO_WritePin                        0x08000955   Thumb Code    10  stm32f4xx_hal_gpio.o(.text.HAL_GPIO_WritePin)
    HAL_GetTick                              0x08000961   Thumb Code    12  stm32f4xx_hal.o(.text.HAL_GetTick)
    HAL_IncTick                              0x0800096d   Thumb Code    26  stm32f4xx_hal.o(.text.HAL_IncTick)
    HAL_Init                                 0x08000989   Thumb Code    54  stm32f4xx_hal.o(.text.HAL_Init)
    HAL_InitTick                             0x080009c1   Thumb Code    80  stm32f4xx_hal.o(.text.HAL_InitTick)
    HAL_MspInit                              0x08000a11   Thumb Code    56  stm32f4xx_hal_msp.o(.text.HAL_MspInit)
    HAL_NVIC_DisableIRQ                      0x08000a49   Thumb Code     8  stm32f4xx_hal_cortex.o(.text.HAL_NVIC_DisableIRQ)
    HAL_NVIC_EnableIRQ                       0x08000a51   Thumb Code     8  stm32f4xx_hal_cortex.o(.text.HAL_NVIC_EnableIRQ)
    HAL_NVIC_SetPriority                     0x08000a59   Thumb Code    30  stm32f4xx_hal_cortex.o(.text.HAL_NVIC_SetPriority)
    HAL_NVIC_SetPriorityGrouping             0x08000a79   Thumb Code     8  stm32f4xx_hal_cortex.o(.text.HAL_NVIC_SetPriorityGrouping)
    HAL_PCDEx_LPM_Callback                   0x08000a81   Thumb Code     2  stm32f4xx_hal_pcd_ex.o(.text.HAL_PCDEx_LPM_Callback)
    HAL_PCDEx_SetRxFiFo                      0x08000a85   Thumb Code     8  stm32f4xx_hal_pcd_ex.o(.text.HAL_PCDEx_SetRxFiFo)
    HAL_PCDEx_SetTxFiFo                      0x08000a8d   Thumb Code    80  stm32f4xx_hal_pcd_ex.o(.text.HAL_PCDEx_SetTxFiFo)
    HAL_PCD_ConnectCallback                  0x08000add   Thumb Code    12  usbd_conf.o(.text.HAL_PCD_ConnectCallback)
    HAL_PCD_DataInStageCallback              0x08000ae9   Thumb Code    24  usbd_conf.o(.text.HAL_PCD_DataInStageCallback)
    HAL_PCD_DataOutStageCallback             0x08000b01   Thumb Code    26  usbd_conf.o(.text.HAL_PCD_DataOutStageCallback)
    HAL_PCD_DisconnectCallback               0x08000b1d   Thumb Code    12  usbd_conf.o(.text.HAL_PCD_DisconnectCallback)
    HAL_PCD_EP_Close                         0x08000b29   Thumb Code    76  stm32f4xx_hal_pcd.o(.text.HAL_PCD_EP_Close)
    HAL_PCD_EP_ClrStall                      0x08000b75   Thumb Code    98  stm32f4xx_hal_pcd.o(.text.HAL_PCD_EP_ClrStall)
    HAL_PCD_EP_GetRxCount                    0x08000bd9   Thumb Code    18  stm32f4xx_hal_pcd.o(.text.HAL_PCD_EP_GetRxCount)
    HAL_PCD_EP_Open                          0x08000bed   Thumb Code    96  stm32f4xx_hal_pcd.o(.text.HAL_PCD_EP_Open)
    HAL_PCD_EP_Receive                       0x08000c4d   Thumb Code    84  stm32f4xx_hal_pcd.o(.text.HAL_PCD_EP_Receive)
    HAL_PCD_EP_SetStall                      0x08000ca1   Thumb Code   110  stm32f4xx_hal_pcd.o(.text.HAL_PCD_EP_SetStall)
    HAL_PCD_EP_Transmit                      0x08000d11   Thumb Code    72  stm32f4xx_hal_pcd.o(.text.HAL_PCD_EP_Transmit)
    HAL_PCD_IRQHandler                       0x08000d59   Thumb Code  1106  stm32f4xx_hal_pcd.o(.text.HAL_PCD_IRQHandler)
    HAL_PCD_ISOINIncompleteCallback          0x080011ad   Thumb Code    12  usbd_conf.o(.text.HAL_PCD_ISOINIncompleteCallback)
    HAL_PCD_ISOOUTIncompleteCallback         0x080011b9   Thumb Code    12  usbd_conf.o(.text.HAL_PCD_ISOOUTIncompleteCallback)
    HAL_PCD_Init                             0x080011c5   Thumb Code   322  stm32f4xx_hal_pcd.o(.text.HAL_PCD_Init)
    HAL_PCD_MspInit                          0x08001309   Thumb Code   136  usbd_conf.o(.text.HAL_PCD_MspInit)
    HAL_PCD_ResetCallback                    0x08001391   Thumb Code    34  usbd_conf.o(.text.HAL_PCD_ResetCallback)
    HAL_PCD_ResumeCallback                   0x080013b5   Thumb Code    12  usbd_conf.o(.text.HAL_PCD_ResumeCallback)
    HAL_PCD_SOFCallback                      0x080013c1   Thumb Code    12  usbd_conf.o(.text.HAL_PCD_SOFCallback)
    HAL_PCD_SetAddress                       0x080013cd   Thumb Code    40  stm32f4xx_hal_pcd.o(.text.HAL_PCD_SetAddress)
    HAL_PCD_SetupStageCallback               0x080013f5   Thumb Code    18  usbd_conf.o(.text.HAL_PCD_SetupStageCallback)
    HAL_PCD_Start                            0x08001409   Thumb Code    62  stm32f4xx_hal_pcd.o(.text.HAL_PCD_Start)
    HAL_PCD_SuspendCallback                  0x08001449   Thumb Code    52  usbd_conf.o(.text.HAL_PCD_SuspendCallback)
    HAL_RCC_ClockConfig                      0x0800147d   Thumb Code   352  stm32f4xx_hal_rcc.o(.text.HAL_RCC_ClockConfig)
    HAL_RCC_GetHCLKFreq                      0x080015dd   Thumb Code    12  stm32f4xx_hal_rcc.o(.text.HAL_RCC_GetHCLKFreq)
    HAL_RCC_GetSysClockFreq                  0x080015e9   Thumb Code   104  stm32f4xx_hal_rcc.o(.text.HAL_RCC_GetSysClockFreq)
    HAL_RCC_OscConfig                        0x08001651   Thumb Code   840  stm32f4xx_hal_rcc.o(.text.HAL_RCC_OscConfig)
    HAL_SYSTICK_Config                       0x08001999   Thumb Code     8  stm32f4xx_hal_cortex.o(.text.HAL_SYSTICK_Config)
    HAL_TIMEx_BreakCallback                  0x080019a1   Thumb Code     2  stm32f4xx_hal_tim_ex.o(.text.HAL_TIMEx_BreakCallback)
    HAL_TIMEx_CommutCallback                 0x080019a5   Thumb Code     2  stm32f4xx_hal_tim_ex.o(.text.HAL_TIMEx_CommutCallback)
    HAL_TIMEx_MasterConfigSynchronization    0x080019a9   Thumb Code   148  stm32f4xx_hal_tim_ex.o(.text.HAL_TIMEx_MasterConfigSynchronization)
    HAL_TIM_Base_Init                        0x08001a3d   Thumb Code    90  stm32f4xx_hal_tim.o(.text.HAL_TIM_Base_Init)
    HAL_TIM_Base_MspInit                     0x08001a99   Thumb Code    70  stm32f4xx_hal_msp.o(.text.HAL_TIM_Base_MspInit)
    HAL_TIM_Base_Stop_IT                     0x08001ae1   Thumb Code    50  stm32f4xx_hal_tim.o(.text.HAL_TIM_Base_Stop_IT)
    HAL_TIM_ConfigClockSource                0x08001b15   Thumb Code   222  stm32f4xx_hal_tim.o(.text.HAL_TIM_ConfigClockSource)
    HAL_TIM_IC_CaptureCallback               0x08001bf5   Thumb Code     2  stm32f4xx_hal_tim.o(.text.HAL_TIM_IC_CaptureCallback)
    HAL_TIM_IRQHandler                       0x08001bf9   Thumb Code   362  stm32f4xx_hal_tim.o(.text.HAL_TIM_IRQHandler)
    HAL_TIM_OC_DelayElapsedCallback          0x08001d65   Thumb Code     2  stm32f4xx_hal_tim.o(.text.HAL_TIM_OC_DelayElapsedCallback)
    HAL_TIM_PWM_PulseFinishedCallback        0x08001d69   Thumb Code     2  stm32f4xx_hal_tim.o(.text.HAL_TIM_PWM_PulseFinishedCallback)
    HAL_TIM_PeriodElapsedCallback            0x08001d6d   Thumb Code    78  main.o(.text.HAL_TIM_PeriodElapsedCallback)
    HAL_TIM_TriggerCallback                  0x08001dbd   Thumb Code     2  stm32f4xx_hal_tim.o(.text.HAL_TIM_TriggerCallback)
    HardFault_Handler                        0x08001dc1   Thumb Code     2  stm32f4xx_it.o(.text.HardFault_Handler)
    MX_USB_DEVICE_Init                       0x08001f55   Thumb Code   110  usb_device.o(.text.MX_USB_DEVICE_Init)
    MemManage_Handler                        0x08001fc5   Thumb Code     2  stm32f4xx_it.o(.text.MemManage_Handler)
    NMI_Handler                              0x08001fc9   Thumb Code     2  stm32f4xx_it.o(.text.NMI_Handler)
    OTG_FS_IRQHandler                        0x08001ff9   Thumb Code    16  stm32f4xx_it.o(.text.OTG_FS_IRQHandler)
    PendSV_Handler                           0x080021f5   Thumb Code     2  stm32f4xx_it.o(.text.PendSV_Handler)
    SVC_Handler                              0x080021f9   Thumb Code     2  stm32f4xx_it.o(.text.SVC_Handler)
    SysTick_Handler                          0x08002231   Thumb Code     8  stm32f4xx_it.o(.text.SysTick_Handler)
    SystemClock_Config                       0x08002239   Thumb Code   164  main.o(.text.SystemClock_Config)
    SystemInit                               0x080022dd   Thumb Code    18  system_stm32f4xx.o(.text.SystemInit)
    TIM1_BRK_TIM9_IRQHandler                 0x080022f1   Thumb Code    16  stm32f4xx_it.o(.text.TIM1_BRK_TIM9_IRQHandler)
    TIM_Base_SetConfig                       0x08002301   Thumb Code   218  stm32f4xx_hal_tim.o(.text.TIM_Base_SetConfig)
    TIM_ETR_SetConfig                        0x080023dd   Thumb Code    22  stm32f4xx_hal_tim.o(.text.TIM_ETR_SetConfig)
    USBD_CDC_GetDeviceQualifierDescriptor    0x08002561   Thumb Code    16  usbd_cdc.o(.text.USBD_CDC_GetDeviceQualifierDescriptor)
    USBD_CDC_ReceivePacket                   0x08002639   Thumb Code    42  usbd_cdc.o(.text.USBD_CDC_ReceivePacket)
    USBD_CDC_RegisterInterface               0x08002665   Thumb Code    14  usbd_cdc.o(.text.USBD_CDC_RegisterInterface)
    USBD_CDC_SetRxBuffer                     0x08002675   Thumb Code    18  usbd_cdc.o(.text.USBD_CDC_SetRxBuffer)
    USBD_CDC_SetTxBuffer                     0x08002689   Thumb Code    22  usbd_cdc.o(.text.USBD_CDC_SetTxBuffer)
    USBD_CDC_TransmitPacket                  0x080027ad   Thumb Code    54  usbd_cdc.o(.text.USBD_CDC_TransmitPacket)
    USBD_ClrClassConfig                      0x080027e5   Thumb Code    16  usbd_core.o(.text.USBD_ClrClassConfig)
    USBD_CtlContinueRx                       0x0800281d   Thumb Code    16  usbd_ioreq.o(.text.USBD_CtlContinueRx)
    USBD_CtlContinueSendData                 0x0800282d   Thumb Code    16  usbd_ioreq.o(.text.USBD_CtlContinueSendData)
    USBD_CtlError                            0x0800283d   Thumb Code    20  usbd_ctlreq.o(.text.USBD_CtlError)
    USBD_CtlPrepareRx                        0x08002851   Thumb Code    26  usbd_ioreq.o(.text.USBD_CtlPrepareRx)
    USBD_CtlReceiveStatus                    0x0800286d   Thumb Code    22  usbd_ioreq.o(.text.USBD_CtlReceiveStatus)
    USBD_CtlSendData                         0x08002885   Thumb Code    26  usbd_ioreq.o(.text.USBD_CtlSendData)
    USBD_CtlSendStatus                       0x080028a1   Thumb Code    22  usbd_ioreq.o(.text.USBD_CtlSendStatus)
    USBD_FS_ConfigStrDescriptor              0x080028b9   Thumb Code    24  usbd_desc.o(.text.USBD_FS_ConfigStrDescriptor)
    USBD_FS_DeviceDescriptor                 0x080028dd   Thumb Code    14  usbd_desc.o(.text.USBD_FS_DeviceDescriptor)
    USBD_FS_InterfaceStrDescriptor           0x080028ed   Thumb Code    24  usbd_desc.o(.text.USBD_FS_InterfaceStrDescriptor)
    USBD_FS_LangIDStrDescriptor              0x08002915   Thumb Code    14  usbd_desc.o(.text.USBD_FS_LangIDStrDescriptor)
    USBD_FS_ManufacturerStrDescriptor        0x08002925   Thumb Code    24  usbd_desc.o(.text.USBD_FS_ManufacturerStrDescriptor)
    USBD_FS_ProductStrDescriptor             0x08002951   Thumb Code    24  usbd_desc.o(.text.USBD_FS_ProductStrDescriptor)
    USBD_FS_SerialStrDescriptor              0x08002975   Thumb Code    20  usbd_desc.o(.text.USBD_FS_SerialStrDescriptor)
    USBD_GetString                           0x08002b15   Thumb Code    68  usbd_ctlreq.o(.text.USBD_GetString)
    USBD_Get_USB_Status                      0x08002b59   Thumb Code    26  usbd_conf.o(.text.USBD_Get_USB_Status)
    USBD_Init                                0x08002b75   Thumb Code    46  usbd_core.o(.text.USBD_Init)
    USBD_LL_ClearStallEP                     0x08002ba5   Thumb Code    16  usbd_conf.o(.text.USBD_LL_ClearStallEP)
    USBD_LL_CloseEP                          0x08002bb5   Thumb Code    16  usbd_conf.o(.text.USBD_LL_CloseEP)
    USBD_LL_DataInStage                      0x08002bc5   Thumb Code   166  usbd_core.o(.text.USBD_LL_DataInStage)
    USBD_LL_DataOutStage                     0x08002c6d   Thumb Code   106  usbd_core.o(.text.USBD_LL_DataOutStage)
    USBD_LL_DevConnected                     0x08002cd9   Thumb Code     4  usbd_core.o(.text.USBD_LL_DevConnected)
    USBD_LL_DevDisconnected                  0x08002cdd   Thumb Code    24  usbd_core.o(.text.USBD_LL_DevDisconnected)
    USBD_LL_GetRxDataSize                    0x08002cf5   Thumb Code    12  usbd_conf.o(.text.USBD_LL_GetRxDataSize)
    USBD_LL_Init                             0x08002d01   Thumb Code   112  usbd_conf.o(.text.USBD_LL_Init)
    USBD_LL_IsStallEP                        0x08002d71   Thumb Code    32  usbd_conf.o(.text.USBD_LL_IsStallEP)
    USBD_LL_IsoINIncomplete                  0x08002d91   Thumb Code    30  usbd_core.o(.text.USBD_LL_IsoINIncomplete)
    USBD_LL_IsoOUTIncomplete                 0x08002db1   Thumb Code    30  usbd_core.o(.text.USBD_LL_IsoOUTIncomplete)
    USBD_LL_OpenEP                           0x08002dd1   Thumb Code    22  usbd_conf.o(.text.USBD_LL_OpenEP)
    USBD_LL_PrepareReceive                   0x08002de9   Thumb Code    16  usbd_conf.o(.text.USBD_LL_PrepareReceive)
    USBD_LL_Reset                            0x08002df9   Thumb Code    98  usbd_core.o(.text.USBD_LL_Reset)
    USBD_LL_Resume                           0x08002e5d   Thumb Code    20  usbd_core.o(.text.USBD_LL_Resume)
    USBD_LL_SOF                              0x08002e71   Thumb Code    30  usbd_core.o(.text.USBD_LL_SOF)
    USBD_LL_SetSpeed                         0x08002e91   Thumb Code     8  usbd_core.o(.text.USBD_LL_SetSpeed)
    USBD_LL_SetUSBAddress                    0x08002e99   Thumb Code    16  usbd_conf.o(.text.USBD_LL_SetUSBAddress)
    USBD_LL_SetupStage                       0x08002ea9   Thumb Code    88  usbd_core.o(.text.USBD_LL_SetupStage)
    USBD_LL_StallEP                          0x08002f01   Thumb Code    16  usbd_conf.o(.text.USBD_LL_StallEP)
    USBD_LL_Start                            0x08002f11   Thumb Code    16  usbd_conf.o(.text.USBD_LL_Start)
    USBD_LL_Suspend                          0x08002f21   Thumb Code    20  usbd_core.o(.text.USBD_LL_Suspend)
    USBD_LL_Transmit                         0x08002f35   Thumb Code    16  usbd_conf.o(.text.USBD_LL_Transmit)
    USBD_ParseSetupRequest                   0x08002f45   Thumb Code    40  usbd_ctlreq.o(.text.USBD_ParseSetupRequest)
    USBD_RegisterClass                       0x08002f6d   Thumb Code    44  usbd_core.o(.text.USBD_RegisterClass)
    USBD_SetClassConfig                      0x08002fe1   Thumb Code    18  usbd_core.o(.text.USBD_SetClassConfig)
    USBD_Start                               0x080030c9   Thumb Code     8  usbd_core.o(.text.USBD_Start)
    USBD_StdDevReq                           0x080030d1   Thumb Code   110  usbd_ctlreq.o(.text.USBD_StdDevReq)
    USBD_StdEPReq                            0x08003141   Thumb Code   310  usbd_ctlreq.o(.text.USBD_StdEPReq)
    USBD_StdItfReq                           0x08003279   Thumb Code    98  usbd_ctlreq.o(.text.USBD_StdItfReq)
    USBD_static_free                         0x080032dd   Thumb Code     2  usbd_conf.o(.text.USBD_static_free)
    USBD_static_malloc                       0x080032e1   Thumb Code    10  usbd_conf.o(.text.USBD_static_malloc)
    USB_ActivateEndpoint                     0x080032ed   Thumb Code   152  stm32f4xx_ll_usb.o(.text.USB_ActivateEndpoint)
    USB_ActivateSetup                        0x08003385   Thumb Code    32  stm32f4xx_ll_usb.o(.text.USB_ActivateSetup)
    USB_CoreInit                             0x080033a5   Thumb Code   120  stm32f4xx_ll_usb.o(.text.USB_CoreInit)
    USB_DeactivateEndpoint                   0x08003469   Thumb Code   146  stm32f4xx_ll_usb.o(.text.USB_DeactivateEndpoint)
    USB_DevConnect                           0x080034fd   Thumb Code    30  stm32f4xx_ll_usb.o(.text.USB_DevConnect)
    USB_DevDisconnect                        0x0800351d   Thumb Code    30  stm32f4xx_ll_usb.o(.text.USB_DevDisconnect)
    USB_DevInit                              0x0800353d   Thumb Code   350  stm32f4xx_ll_usb.o(.text.USB_DevInit)
    USB_DisableGlobalInt                     0x0800369d   Thumb Code    14  stm32f4xx_ll_usb.o(.text.USB_DisableGlobalInt)
    USB_EP0StartXfer                         0x080036ad   Thumb Code   250  stm32f4xx_ll_usb.o(.text.USB_EP0StartXfer)
    USB_EP0_OutStart                         0x080037a9   Thumb Code    90  stm32f4xx_ll_usb.o(.text.USB_EP0_OutStart)
    USB_EPClearStall                         0x08003805   Thumb Code    80  stm32f4xx_ll_usb.o(.text.USB_EPClearStall)
    USB_EPSetStall                           0x08003855   Thumb Code    78  stm32f4xx_ll_usb.o(.text.USB_EPSetStall)
    USB_EPStartXfer                          0x080038a5   Thumb Code   434  stm32f4xx_ll_usb.o(.text.USB_EPStartXfer)
    USB_EnableGlobalInt                      0x08003a59   Thumb Code    14  stm32f4xx_ll_usb.o(.text.USB_EnableGlobalInt)
    USB_FlushRxFifo                          0x08003a69   Thumb Code    48  stm32f4xx_ll_usb.o(.text.USB_FlushRxFifo)
    USB_FlushTxFifo                          0x08003a99   Thumb Code    48  stm32f4xx_ll_usb.o(.text.USB_FlushTxFifo)
    USB_GetDevSpeed                          0x08003ac9   Thumb Code    26  stm32f4xx_ll_usb.o(.text.USB_GetDevSpeed)
    USB_GetMode                              0x08003ae5   Thumb Code     8  stm32f4xx_ll_usb.o(.text.USB_GetMode)
    USB_ReadDevAllInEpInterrupt              0x08003aed   Thumb Code    14  stm32f4xx_ll_usb.o(.text.USB_ReadDevAllInEpInterrupt)
    USB_ReadDevAllOutEpInterrupt             0x08003afd   Thumb Code    14  stm32f4xx_ll_usb.o(.text.USB_ReadDevAllOutEpInterrupt)
    USB_ReadDevInEPInterrupt                 0x08003b0d   Thumb Code    36  stm32f4xx_ll_usb.o(.text.USB_ReadDevInEPInterrupt)
    USB_ReadDevOutEPInterrupt                0x08003b31   Thumb Code    16  stm32f4xx_ll_usb.o(.text.USB_ReadDevOutEPInterrupt)
    USB_ReadInterrupts                       0x08003b41   Thumb Code     8  stm32f4xx_ll_usb.o(.text.USB_ReadInterrupts)
    USB_ReadPacket                           0x08003b49   Thumb Code    74  stm32f4xx_ll_usb.o(.text.USB_ReadPacket)
    USB_SetCurrentMode                       0x08003b95   Thumb Code   104  stm32f4xx_ll_usb.o(.text.USB_SetCurrentMode)
    USB_SetDevAddress                        0x08003bfd   Thumb Code    34  stm32f4xx_ll_usb.o(.text.USB_SetDevAddress)
    USB_SetDevSpeed                          0x08003c21   Thumb Code    16  stm32f4xx_ll_usb.o(.text.USB_SetDevSpeed)
    USB_SetTurnaroundTime                    0x08003c31   Thumb Code   278  stm32f4xx_ll_usb.o(.text.USB_SetTurnaroundTime)
    USB_WritePacket                          0x08003d49   Thumb Code    52  stm32f4xx_ll_usb.o(.text.USB_WritePacket)
    UsageFault_Handler                       0x08003d7d   Thumb Code     2  stm32f4xx_it.o(.text.UsageFault_Handler)
    main                                     0x08003e5d   Thumb Code   150  main.o(.text.main)
    send_stop                                0x08003ef5   Thumb Code    70  main.o(.text.send_stop)
    setdir                                   0x08003f3d   Thumb Code   162  main.o(.text.setdir)
    step_run                                 0x08003fe1   Thumb Code   224  main.o(.text.step_run)
    _fp_init                                 0x080040c1   Thumb Code    26  fpinit.o(x$fpl$fpinit)
    __fplib_config_fpu_vfp                   0x080040d9   Thumb Code     0  fpinit.o(x$fpl$fpinit)
    __fplib_config_pureend_doubles           0x080040d9   Thumb Code     0  fpinit.o(x$fpl$fpinit)
    AHBPrescTable                            0x080040da   Data          16  system_stm32f4xx.o(.rodata.AHBPrescTable)
    Region$$Table$$Base                      0x080040ec   Number         0  anon$$obj.o(Region$$Table)
    Region$$Table$$Limit                     0x0800410c   Number         0  anon$$obj.o(Region$$Table)
    FS_Desc                                  0x20000000   Data          28  usbd_desc.o(.data.FS_Desc)
    SystemCoreClock                          0x2000001c   Data           4  system_stm32f4xx.o(.data.SystemCoreClock)
    USBD_CDC                                 0x20000020   Data          56  usbd_cdc.o(.data.USBD_CDC)
    USBD_FS_DeviceDesc                       0x20000130   Data          18  usbd_desc.o(.data.USBD_FS_DeviceDesc)
    USBD_Interface_fops_FS                   0x20000144   Data          20  usbd_cdc_if.o(.data.USBD_Interface_fops_FS)
    USBD_LangIDDesc                          0x20000158   Data           4  usbd_desc.o(.data.USBD_LangIDDesc)
    USBD_StringSerial                        0x2000015c   Data          26  usbd_desc.o(.data.USBD_StringSerial)
    run_flag                                 0x20000176   Data           1  main.o(.data.run_flag)
    uwTickFreq                               0x20000177   Data           1  stm32f4xx_hal.o(.data.uwTickFreq)
    uwTickPrio                               0x20000178   Data           4  stm32f4xx_hal.o(.data.uwTickPrio)
    __libspace_start                         0x20000180   Data          96  libspace.o(.bss)
    TXBuffer                                 0x200001e0   Data          20  main.o(.bss.TXBuffer)
    __temporary_stack_top$libspace           0x200001e0   Data           0  libspace.o(.bss)
    USBD_StrDesc                             0x200001f8   Data         512  usbd_desc.o(.bss.USBD_StrDesc)
    USBbuffer                                0x20000618   Data           6  main.o(.bss.USBbuffer)
    UserRxBufferFS                           0x2000061e   Data        1000  usbd_cdc_if.o(.bss.UserRxBufferFS)
    UserTxBufferFS                           0x20000a06   Data        1000  usbd_cdc_if.o(.bss.UserTxBufferFS)
    direction                                0x20000dee   Data           1  main.o(.bss.direction)
    end                                      0x20000def   Data           1  main.o(.bss.end)
    hUsbDeviceFS                             0x20000df0   Data         720  usb_device.o(.bss.hUsbDeviceFS)
    hpcd_USB_OTG_FS                          0x200010c0   Data        1032  usbd_conf.o(.bss.hpcd_USB_OTG_FS)
    htim1                                    0x200014c8   Data          72  main.o(.bss.htim1)
    irq_flag                                 0x20001510   Data           1  main.o(.bss.irq_flag)
    position_sensor                          0x20001511   Data           1  main.o(.bss.position_sensor)
    time                                     0x20001514   Data           4  main.o(.bss.time)
    time_input                               0x20001518   Data           1  main.o(.bss.time_input)
    uwTick                                   0x2000151c   Data           4  stm32f4xx_hal.o(.bss.uwTick)



==============================================================================

Memory Map of the image

  Image Entry point : 0x08000195

  Load Region LR_IROM1 (Base: 0x08000000, Size: 0x00004290, Max: 0x00040000, ABSOLUTE, COMPRESSED[0x000041d8])

    Execution Region ER_IROM1 (Exec base: 0x08000000, Load base: 0x08000000, Size: 0x0000410c, Max: 0x00040000, ABSOLUTE)

    Exec Addr    Load Addr    Size         Type   Attr      Idx    E Section Name        Object

    0x08000000   0x08000000   0x00000194   Data   RO            3    RESET               startup_stm32f401xc.o
    0x08000194   0x08000194   0x00000008   Code   RO         1417  * !!!main             c_w.l(__main.o)
    0x0800019c   0x0800019c   0x00000034   Code   RO         1594    !!!scatter          c_w.l(__scatter.o)
    0x080001d0   0x080001d0   0x0000005a   Code   RO         1592    !!dczerorl2         c_w.l(__dczerorl2.o)
    0x0800022a   0x0800022a   0x00000002   PAD
    0x0800022c   0x0800022c   0x0000001c   Code   RO         1596    !!handler_zi        c_w.l(__scatter_zi.o)
    0x08000248   0x08000248   0x00000002   Code   RO         1456    .ARM.Collect$$libinit$$00000000  c_w.l(libinit.o)
    0x0800024a   0x0800024a   0x00000004   Code   RO         1468    .ARM.Collect$$libinit$$00000001  c_w.l(libinit2.o)
    0x0800024e   0x0800024e   0x00000000   Code   RO         1471    .ARM.Collect$$libinit$$00000004  c_w.l(libinit2.o)
    0x0800024e   0x0800024e   0x00000000   Code   RO         1474    .ARM.Collect$$libinit$$0000000A  c_w.l(libinit2.o)
    0x0800024e   0x0800024e   0x00000000   Code   RO         1476    .ARM.Collect$$libinit$$0000000C  c_w.l(libinit2.o)
    0x0800024e   0x0800024e   0x00000000   Code   RO         1478    .ARM.Collect$$libinit$$0000000E  c_w.l(libinit2.o)
    0x0800024e   0x0800024e   0x00000000   Code   RO         1481    .ARM.Collect$$libinit$$00000011  c_w.l(libinit2.o)
    0x0800024e   0x0800024e   0x00000000   Code   RO         1483    .ARM.Collect$$libinit$$00000013  c_w.l(libinit2.o)
    0x0800024e   0x0800024e   0x00000000   Code   RO         1485    .ARM.Collect$$libinit$$00000015  c_w.l(libinit2.o)
    0x0800024e   0x0800024e   0x00000000   Code   RO         1487    .ARM.Collect$$libinit$$00000017  c_w.l(libinit2.o)
    0x0800024e   0x0800024e   0x00000000   Code   RO         1489    .ARM.Collect$$libinit$$00000019  c_w.l(libinit2.o)
    0x0800024e   0x0800024e   0x00000000   Code   RO         1491    .ARM.Collect$$libinit$$0000001B  c_w.l(libinit2.o)
    0x0800024e   0x0800024e   0x00000000   Code   RO         1493    .ARM.Collect$$libinit$$0000001D  c_w.l(libinit2.o)
    0x0800024e   0x0800024e   0x00000000   Code   RO         1495    .ARM.Collect$$libinit$$0000001F  c_w.l(libinit2.o)
    0x0800024e   0x0800024e   0x00000000   Code   RO         1497    .ARM.Collect$$libinit$$00000021  c_w.l(libinit2.o)
    0x0800024e   0x0800024e   0x00000000   Code   RO         1499    .ARM.Collect$$libinit$$00000023  c_w.l(libinit2.o)
    0x0800024e   0x0800024e   0x00000000   Code   RO         1501    .ARM.Collect$$libinit$$00000025  c_w.l(libinit2.o)
    0x0800024e   0x0800024e   0x00000000   Code   RO         1505    .ARM.Collect$$libinit$$0000002C  c_w.l(libinit2.o)
    0x0800024e   0x0800024e   0x00000000   Code   RO         1507    .ARM.Collect$$libinit$$0000002E  c_w.l(libinit2.o)
    0x0800024e   0x0800024e   0x00000000   Code   RO         1509    .ARM.Collect$$libinit$$00000030  c_w.l(libinit2.o)
    0x0800024e   0x0800024e   0x00000000   Code   RO         1511    .ARM.Collect$$libinit$$00000032  c_w.l(libinit2.o)
    0x0800024e   0x0800024e   0x00000002   Code   RO         1512    .ARM.Collect$$libinit$$00000033  c_w.l(libinit2.o)
    0x08000250   0x08000250   0x00000002   Code   RO         1547    .ARM.Collect$$libshutdown$$00000000  c_w.l(libshutdown.o)
    0x08000252   0x08000252   0x00000000   Code   RO         1575    .ARM.Collect$$libshutdown$$00000002  c_w.l(libshutdown2.o)
    0x08000252   0x08000252   0x00000000   Code   RO         1577    .ARM.Collect$$libshutdown$$00000004  c_w.l(libshutdown2.o)
    0x08000252   0x08000252   0x00000000   Code   RO         1580    .ARM.Collect$$libshutdown$$00000007  c_w.l(libshutdown2.o)
    0x08000252   0x08000252   0x00000000   Code   RO         1583    .ARM.Collect$$libshutdown$$0000000A  c_w.l(libshutdown2.o)
    0x08000252   0x08000252   0x00000000   Code   RO         1585    .ARM.Collect$$libshutdown$$0000000C  c_w.l(libshutdown2.o)
    0x08000252   0x08000252   0x00000000   Code   RO         1588    .ARM.Collect$$libshutdown$$0000000F  c_w.l(libshutdown2.o)
    0x08000252   0x08000252   0x00000002   Code   RO         1589    .ARM.Collect$$libshutdown$$00000010  c_w.l(libshutdown2.o)
    0x08000254   0x08000254   0x00000000   Code   RO         1419    .ARM.Collect$$rtentry$$00000000  c_w.l(__rtentry.o)
    0x08000254   0x08000254   0x00000000   Code   RO         1427    .ARM.Collect$$rtentry$$00000002  c_w.l(__rtentry2.o)
    0x08000254   0x08000254   0x00000006   Code   RO         1439    .ARM.Collect$$rtentry$$00000004  c_w.l(__rtentry4.o)
    0x0800025a   0x0800025a   0x00000000   Code   RO         1429    .ARM.Collect$$rtentry$$00000009  c_w.l(__rtentry2.o)
    0x0800025a   0x0800025a   0x00000004   Code   RO         1430    .ARM.Collect$$rtentry$$0000000A  c_w.l(__rtentry2.o)
    0x0800025e   0x0800025e   0x00000000   Code   RO         1432    .ARM.Collect$$rtentry$$0000000C  c_w.l(__rtentry2.o)
    0x0800025e   0x0800025e   0x00000008   Code   RO         1433    .ARM.Collect$$rtentry$$0000000D  c_w.l(__rtentry2.o)
    0x08000266   0x08000266   0x00000002   Code   RO         1460    .ARM.Collect$$rtexit$$00000000  c_w.l(rtexit.o)
    0x08000268   0x08000268   0x00000000   Code   RO         1518    .ARM.Collect$$rtexit$$00000002  c_w.l(rtexit2.o)
    0x08000268   0x08000268   0x00000004   Code   RO         1519    .ARM.Collect$$rtexit$$00000003  c_w.l(rtexit2.o)
    0x0800026c   0x0800026c   0x00000006   Code   RO         1520    .ARM.Collect$$rtexit$$00000004  c_w.l(rtexit2.o)
    0x08000272   0x08000272   0x00000002   PAD
    0x08000274   0x08000274   0x00000040   Code   RO            4    .text               startup_stm32f401xc.o
    0x080002b4   0x080002b4   0x000000f0   Code   RO         1409    .text               c_w.l(lludivv7m.o)
    0x080003a4   0x080003a4   0x0000008a   Code   RO         1411    .text               c_w.l(rt_memcpy_v6.o)
    0x0800042e   0x0800042e   0x0000004e   Code   RO         1413    .text               c_w.l(rt_memclr_w.o)
    0x0800047c   0x0800047c   0x00000006   Code   RO         1415    .text               c_w.l(heapauxi.o)
    0x08000482   0x08000482   0x00000064   Code   RO         1424    .text               c_w.l(rt_memcpy_w.o)
    0x080004e6   0x080004e6   0x0000004a   Code   RO         1443    .text               c_w.l(sys_stackheap_outer.o)
    0x08000530   0x08000530   0x00000012   Code   RO         1445    .text               c_w.l(exit.o)
    0x08000542   0x08000542   0x00000002   PAD
    0x08000544   0x08000544   0x00000008   Code   RO         1457    .text               c_w.l(libspace.o)
    0x0800054c   0x0800054c   0x0000000c   Code   RO         1513    .text               c_w.l(sys_exit.o)
    0x08000558   0x08000558   0x00000002   Code   RO         1536    .text               c_w.l(use_no_semi.o)
    0x0800055a   0x0800055a   0x00000000   Code   RO         1538    .text               c_w.l(indicate_semi.o)
    0x0800055a   0x0800055a   0x00000002   PAD
    0x0800055c   0x0800055c   0x00000002   Code   RO           66    .text.BusFault_Handler  stm32f4xx_it.o
    0x0800055e   0x0800055e   0x00000002   PAD
    0x08000560   0x08000560   0x00000004   Code   RO          149    .text.CDC_Control_FS  usbd_cdc_if.o
    0x08000564   0x08000564   0x00000004   Code   RO          147    .text.CDC_DeInit_FS  usbd_cdc_if.o
    0x08000568   0x08000568   0x0000002c   Code   RO          145    .text.CDC_Init_FS   usbd_cdc_if.o
    0x08000594   0x08000594   0x00000030   Code   RO          151    .text.CDC_Receive_FS  usbd_cdc_if.o
    0x080005c4   0x080005c4   0x00000004   Code   RO          153    .text.CDC_TransmitCplt_FS  usbd_cdc_if.o
    0x080005c8   0x080005c8   0x00000034   Code   RO          155    .text.CDC_Transmit_FS  usbd_cdc_if.o
    0x080005fc   0x080005fc   0x00000022   Code   RO           19    .text.DWT_Init      main.o
    0x0800061e   0x0800061e   0x00000002   PAD
    0x08000620   0x08000620   0x00000002   Code   RO           72    .text.DebugMon_Handler  stm32f4xx_it.o
    0x08000622   0x08000622   0x00000002   PAD
    0x08000624   0x08000624   0x00000014   Code   RO           80    .text.EXTI15_10_IRQHandler  stm32f4xx_it.o
    0x08000638   0x08000638   0x0000000a   Code   RO           27    .text.Error_Handler  main.o
    0x08000642   0x08000642   0x00000002   PAD
    0x08000644   0x08000644   0x00000034   Code   RO          128    .text.Get_SerialNum  usbd_desc.o
    0x08000678   0x08000678   0x00000028   Code   RO          832    .text.HAL_Delay     stm32f4xx_hal.o
    0x080006a0   0x080006a0   0x000000f2   Code   RO           31    .text.HAL_GPIO_EXTI_Callback  main.o
    0x08000792   0x08000792   0x00000002   PAD
    0x08000794   0x08000794   0x0000001a   Code   RO          604    .text.HAL_GPIO_EXTI_IRQHandler  stm32f4xx_hal_gpio.o
    0x080007ae   0x080007ae   0x00000002   PAD
    0x080007b0   0x080007b0   0x00000196   Code   RO          592    .text.HAL_GPIO_Init  stm32f4xx_hal_gpio.o
    0x08000946   0x08000946   0x00000002   PAD
    0x08000948   0x08000948   0x0000000a   Code   RO          596    .text.HAL_GPIO_ReadPin  stm32f4xx_hal_gpio.o
    0x08000952   0x08000952   0x00000002   PAD
    0x08000954   0x08000954   0x0000000a   Code   RO          598    .text.HAL_GPIO_WritePin  stm32f4xx_hal_gpio.o
    0x0800095e   0x0800095e   0x00000002   PAD
    0x08000960   0x08000960   0x0000000c   Code   RO          824    .text.HAL_GetTick   stm32f4xx_hal.o
    0x0800096c   0x0800096c   0x0000001a   Code   RO          822    .text.HAL_IncTick   stm32f4xx_hal.o
    0x08000986   0x08000986   0x00000002   PAD
    0x08000988   0x08000988   0x00000036   Code   RO          812    .text.HAL_Init      stm32f4xx_hal.o
    0x080009be   0x080009be   0x00000002   PAD
    0x080009c0   0x080009c0   0x00000050   Code   RO          814    .text.HAL_InitTick  stm32f4xx_hal.o
    0x08000a10   0x08000a10   0x00000038   Code   RO           91    .text.HAL_MspInit   stm32f4xx_hal_msp.o
    0x08000a48   0x08000a48   0x00000008   Code   RO          756    .text.HAL_NVIC_DisableIRQ  stm32f4xx_hal_cortex.o
    0x08000a50   0x08000a50   0x00000008   Code   RO          752    .text.HAL_NVIC_EnableIRQ  stm32f4xx_hal_cortex.o
    0x08000a58   0x08000a58   0x0000001e   Code   RO          744    .text.HAL_NVIC_SetPriority  stm32f4xx_hal_cortex.o
    0x08000a76   0x08000a76   0x00000002   PAD
    0x08000a78   0x08000a78   0x00000008   Code   RO          740    .text.HAL_NVIC_SetPriorityGrouping  stm32f4xx_hal_cortex.o
    0x08000a80   0x08000a80   0x00000002   Code   RO          324    .text.HAL_PCDEx_LPM_Callback  stm32f4xx_hal_pcd_ex.o
    0x08000a82   0x08000a82   0x00000002   PAD
    0x08000a84   0x08000a84   0x00000008   Code   RO          322    .text.HAL_PCDEx_SetRxFiFo  stm32f4xx_hal_pcd_ex.o
    0x08000a8c   0x08000a8c   0x00000050   Code   RO          320    .text.HAL_PCDEx_SetTxFiFo  stm32f4xx_hal_pcd_ex.o
    0x08000adc   0x08000adc   0x0000000c   Code   RO          190    .text.HAL_PCD_ConnectCallback  usbd_conf.o
    0x08000ae8   0x08000ae8   0x00000018   Code   RO          176    .text.HAL_PCD_DataInStageCallback  usbd_conf.o
    0x08000b00   0x08000b00   0x0000001a   Code   RO          174    .text.HAL_PCD_DataOutStageCallback  usbd_conf.o
    0x08000b1a   0x08000b1a   0x00000002   PAD
    0x08000b1c   0x08000b1c   0x0000000c   Code   RO          192    .text.HAL_PCD_DisconnectCallback  usbd_conf.o
    0x08000b28   0x08000b28   0x0000004c   Code   RO          292    .text.HAL_PCD_EP_Close  stm32f4xx_hal_pcd.o
    0x08000b74   0x08000b74   0x00000062   Code   RO          302    .text.HAL_PCD_EP_ClrStall  stm32f4xx_hal_pcd.o
    0x08000bd6   0x08000bd6   0x00000002   PAD
    0x08000bd8   0x08000bd8   0x00000012   Code   RO          296    .text.HAL_PCD_EP_GetRxCount  stm32f4xx_hal_pcd.o
    0x08000bea   0x08000bea   0x00000002   PAD
    0x08000bec   0x08000bec   0x00000060   Code   RO          290    .text.HAL_PCD_EP_Open  stm32f4xx_hal_pcd.o
    0x08000c4c   0x08000c4c   0x00000054   Code   RO          294    .text.HAL_PCD_EP_Receive  stm32f4xx_hal_pcd.o
    0x08000ca0   0x08000ca0   0x0000006e   Code   RO          300    .text.HAL_PCD_EP_SetStall  stm32f4xx_hal_pcd.o
    0x08000d0e   0x08000d0e   0x00000002   PAD
    0x08000d10   0x08000d10   0x00000048   Code   RO          298    .text.HAL_PCD_EP_Transmit  stm32f4xx_hal_pcd.o
    0x08000d58   0x08000d58   0x00000452   Code   RO          252    .text.HAL_PCD_IRQHandler  stm32f4xx_hal_pcd.o
    0x080011aa   0x080011aa   0x00000002   PAD
    0x080011ac   0x080011ac   0x0000000c   Code   RO          188    .text.HAL_PCD_ISOINIncompleteCallback  usbd_conf.o
    0x080011b8   0x080011b8   0x0000000c   Code   RO          186    .text.HAL_PCD_ISOOUTIncompleteCallback  usbd_conf.o
    0x080011c4   0x080011c4   0x00000142   Code   RO          240    .text.HAL_PCD_Init  stm32f4xx_hal_pcd.o
    0x08001306   0x08001306   0x00000002   PAD
    0x08001308   0x08001308   0x00000088   Code   RO          168    .text.HAL_PCD_MspInit  usbd_conf.o
    0x08001390   0x08001390   0x00000022   Code   RO          180    .text.HAL_PCD_ResetCallback  usbd_conf.o
    0x080013b2   0x080013b2   0x00000002   PAD
    0x080013b4   0x080013b4   0x0000000c   Code   RO          184    .text.HAL_PCD_ResumeCallback  usbd_conf.o
    0x080013c0   0x080013c0   0x0000000c   Code   RO          178    .text.HAL_PCD_SOFCallback  usbd_conf.o
    0x080013cc   0x080013cc   0x00000028   Code   RO          288    .text.HAL_PCD_SetAddress  stm32f4xx_hal_pcd.o
    0x080013f4   0x080013f4   0x00000012   Code   RO          172    .text.HAL_PCD_SetupStageCallback  usbd_conf.o
    0x08001406   0x08001406   0x00000002   PAD
    0x08001408   0x08001408   0x0000003e   Code   RO          248    .text.HAL_PCD_Start  stm32f4xx_hal_pcd.o
    0x08001446   0x08001446   0x00000002   PAD
    0x08001448   0x08001448   0x00000034   Code   RO          182    .text.HAL_PCD_SuspendCallback  usbd_conf.o
    0x0800147c   0x0800147c   0x00000160   Code   RO          444    .text.HAL_RCC_ClockConfig  stm32f4xx_hal_rcc.o
    0x080015dc   0x080015dc   0x0000000c   Code   RO          454    .text.HAL_RCC_GetHCLKFreq  stm32f4xx_hal_rcc.o
    0x080015e8   0x080015e8   0x00000068   Code   RO          446    .text.HAL_RCC_GetSysClockFreq  stm32f4xx_hal_rcc.o
    0x08001650   0x08001650   0x00000348   Code   RO          442    .text.HAL_RCC_OscConfig  stm32f4xx_hal_rcc.o
    0x08001998   0x08001998   0x00000008   Code   RO          764    .text.HAL_SYSTICK_Config  stm32f4xx_hal_cortex.o
    0x080019a0   0x080019a0   0x00000002   Code   RO         1227    .text.HAL_TIMEx_BreakCallback  stm32f4xx_hal_tim_ex.o
    0x080019a2   0x080019a2   0x00000002   PAD
    0x080019a4   0x080019a4   0x00000002   Code   RO         1223    .text.HAL_TIMEx_CommutCallback  stm32f4xx_hal_tim_ex.o
    0x080019a6   0x080019a6   0x00000002   PAD
    0x080019a8   0x080019a8   0x00000094   Code   RO         1217    .text.HAL_TIMEx_MasterConfigSynchronization  stm32f4xx_hal_tim_ex.o
    0x08001a3c   0x08001a3c   0x0000005a   Code   RO          903    .text.HAL_TIM_Base_Init  stm32f4xx_hal_tim.o
    0x08001a96   0x08001a96   0x00000002   PAD
    0x08001a98   0x08001a98   0x00000046   Code   RO           93    .text.HAL_TIM_Base_MspInit  stm32f4xx_hal_msp.o
    0x08001ade   0x08001ade   0x00000002   PAD
    0x08001ae0   0x08001ae0   0x00000032   Code   RO          919    .text.HAL_TIM_Base_Stop_IT  stm32f4xx_hal_tim.o
    0x08001b12   0x08001b12   0x00000002   PAD
    0x08001b14   0x08001b14   0x000000de   Code   RO         1095    .text.HAL_TIM_ConfigClockSource  stm32f4xx_hal_tim.o
    0x08001bf2   0x08001bf2   0x00000002   PAD
    0x08001bf4   0x08001bf4   0x00000002   Code   RO         1039    .text.HAL_TIM_IC_CaptureCallback  stm32f4xx_hal_tim.o
    0x08001bf6   0x08001bf6   0x00000002   PAD
    0x08001bf8   0x08001bf8   0x0000016a   Code   RO         1037    .text.HAL_TIM_IRQHandler  stm32f4xx_hal_tim.o
    0x08001d62   0x08001d62   0x00000002   PAD
    0x08001d64   0x08001d64   0x00000002   Code   RO         1041    .text.HAL_TIM_OC_DelayElapsedCallback  stm32f4xx_hal_tim.o
    0x08001d66   0x08001d66   0x00000002   PAD
    0x08001d68   0x08001d68   0x00000002   Code   RO         1043    .text.HAL_TIM_PWM_PulseFinishedCallback  stm32f4xx_hal_tim.o
    0x08001d6a   0x08001d6a   0x00000002   PAD
    0x08001d6c   0x08001d6c   0x0000004e   Code   RO           33    .text.HAL_TIM_PeriodElapsedCallback  main.o
    0x08001dba   0x08001dba   0x00000002   PAD
    0x08001dbc   0x08001dbc   0x00000002   Code   RO         1047    .text.HAL_TIM_TriggerCallback  stm32f4xx_hal_tim.o
    0x08001dbe   0x08001dbe   0x00000002   PAD
    0x08001dc0   0x08001dc0   0x00000002   Code   RO           62    .text.HardFault_Handler  stm32f4xx_it.o
    0x08001dc2   0x08001dc2   0x00000002   PAD
    0x08001dc4   0x08001dc4   0x00000036   Code   RO          130    .text.IntToUnicode  usbd_desc.o
    0x08001dfa   0x08001dfa   0x00000002   PAD
    0x08001dfc   0x08001dfc   0x000000e8   Code   RO           15    .text.MX_GPIO_Init  main.o
    0x08001ee4   0x08001ee4   0x00000070   Code   RO           17    .text.MX_TIM1_Init  main.o
    0x08001f54   0x08001f54   0x0000006e   Code   RO          105    .text.MX_USB_DEVICE_Init  usb_device.o
    0x08001fc2   0x08001fc2   0x00000002   PAD
    0x08001fc4   0x08001fc4   0x00000002   Code   RO           64    .text.MemManage_Handler  stm32f4xx_it.o
    0x08001fc6   0x08001fc6   0x00000002   PAD
    0x08001fc8   0x08001fc8   0x00000002   Code   RO           60    .text.NMI_Handler   stm32f4xx_it.o
    0x08001fca   0x08001fca   0x00000002   PAD
    0x08001fcc   0x08001fcc   0x0000002c   Code   RO          750    .text.NVIC_EncodePriority  stm32f4xx_hal_cortex.o
    0x08001ff8   0x08001ff8   0x00000010   Code   RO           82    .text.OTG_FS_IRQHandler  stm32f4xx_it.o
    0x08002008   0x08002008   0x0000004c   Code   RO          256    .text.PCD_EP_OutSetupPacket_int  stm32f4xx_hal_pcd.o
    0x08002054   0x08002054   0x000000d0   Code   RO          254    .text.PCD_EP_OutXfrComplete_int  stm32f4xx_hal_pcd.o
    0x08002124   0x08002124   0x000000d0   Code   RO          260    .text.PCD_WriteEmptyTxFifo  stm32f4xx_hal_pcd.o
    0x080021f4   0x080021f4   0x00000002   Code   RO           74    .text.PendSV_Handler  stm32f4xx_it.o
    0x080021f6   0x080021f6   0x00000002   PAD
    0x080021f8   0x080021f8   0x00000002   Code   RO           70    .text.SVC_Handler   stm32f4xx_it.o
    0x080021fa   0x080021fa   0x00000002   PAD
    0x080021fc   0x080021fc   0x00000004   Code   RO         1328    .text.SWAPBYTE      usbd_ctlreq.o
    0x08002200   0x08002200   0x0000002e   Code   RO          766    .text.SysTick_Config  stm32f4xx_hal_cortex.o
    0x0800222e   0x0800222e   0x00000002   PAD
    0x08002230   0x08002230   0x00000008   Code   RO           76    .text.SysTick_Handler  stm32f4xx_it.o
    0x08002238   0x08002238   0x000000a4   Code   RO           13    .text.SystemClock_Config  main.o
    0x080022dc   0x080022dc   0x00000012   Code   RO         1241    .text.SystemInit    system_stm32f4xx.o
    0x080022ee   0x080022ee   0x00000002   PAD
    0x080022f0   0x080022f0   0x00000010   Code   RO           78    .text.TIM1_BRK_TIM9_IRQHandler  stm32f4xx_it.o
    0x08002300   0x08002300   0x000000da   Code   RO          907    .text.TIM_Base_SetConfig  stm32f4xx_hal_tim.o
    0x080023da   0x080023da   0x00000002   PAD
    0x080023dc   0x080023dc   0x00000016   Code   RO         1093    .text.TIM_ETR_SetConfig  stm32f4xx_hal_tim.o
    0x080023f2   0x080023f2   0x00000002   PAD
    0x080023f4   0x080023f4   0x00000010   Code   RO         1099    .text.TIM_ITRx_SetConfig  stm32f4xx_hal_tim.o
    0x08002404   0x08002404   0x00000022   Code   RO         1097    .text.TIM_TI1_ConfigInputStage  stm32f4xx_hal_tim.o
    0x08002426   0x08002426   0x00000002   PAD
    0x08002428   0x08002428   0x00000024   Code   RO         1101    .text.TIM_TI2_ConfigInputStage  stm32f4xx_hal_tim.o
    0x0800244c   0x0800244c   0x0000006e   Code   RO         1373    .text.USBD_CDC_DataIn  usbd_cdc.o
    0x080024ba   0x080024ba   0x00000002   PAD
    0x080024bc   0x080024bc   0x0000002c   Code   RO         1375    .text.USBD_CDC_DataOut  usbd_cdc.o
    0x080024e8   0x080024e8   0x00000042   Code   RO         1367    .text.USBD_CDC_DeInit  usbd_cdc.o
    0x0800252a   0x0800252a   0x00000002   PAD
    0x0800252c   0x0800252c   0x00000032   Code   RO         1371    .text.USBD_CDC_EP0_RxReady  usbd_cdc.o
    0x0800255e   0x0800255e   0x00000002   PAD
    0x08002560   0x08002560   0x00000010   Code   RO         1383    .text.USBD_CDC_GetDeviceQualifierDescriptor  usbd_cdc.o
    0x08002570   0x08002570   0x00000010   Code   RO         1379    .text.USBD_CDC_GetFSCfgDesc  usbd_cdc.o
    0x08002580   0x08002580   0x00000010   Code   RO         1377    .text.USBD_CDC_GetHSCfgDesc  usbd_cdc.o
    0x08002590   0x08002590   0x00000010   Code   RO         1381    .text.USBD_CDC_GetOtherSpeedCfgDesc  usbd_cdc.o
    0x080025a0   0x080025a0   0x00000096   Code   RO         1365    .text.USBD_CDC_Init  usbd_cdc.o
    0x08002636   0x08002636   0x00000002   PAD
    0x08002638   0x08002638   0x0000002a   Code   RO         1393    .text.USBD_CDC_ReceivePacket  usbd_cdc.o
    0x08002662   0x08002662   0x00000002   PAD
    0x08002664   0x08002664   0x0000000e   Code   RO         1385    .text.USBD_CDC_RegisterInterface  usbd_cdc.o
    0x08002672   0x08002672   0x00000002   PAD
    0x08002674   0x08002674   0x00000012   Code   RO         1389    .text.USBD_CDC_SetRxBuffer  usbd_cdc.o
    0x08002686   0x08002686   0x00000002   PAD
    0x08002688   0x08002688   0x00000016   Code   RO         1387    .text.USBD_CDC_SetTxBuffer  usbd_cdc.o
    0x0800269e   0x0800269e   0x00000002   PAD
    0x080026a0   0x080026a0   0x0000010c   Code   RO         1369    .text.USBD_CDC_Setup  usbd_cdc.o
    0x080027ac   0x080027ac   0x00000036   Code   RO         1391    .text.USBD_CDC_TransmitPacket  usbd_cdc.o
    0x080027e2   0x080027e2   0x00000002   PAD
    0x080027e4   0x080027e4   0x00000010   Code   RO         1270    .text.USBD_ClrClassConfig  usbd_core.o
    0x080027f4   0x080027f4   0x00000026   Code   RO         1318    .text.USBD_ClrFeature  usbd_ctlreq.o
    0x0800281a   0x0800281a   0x00000002   PAD
    0x0800281c   0x0800281c   0x00000010   Code   RO         1349    .text.USBD_CtlContinueRx  usbd_ioreq.o
    0x0800282c   0x0800282c   0x00000010   Code   RO         1345    .text.USBD_CtlContinueSendData  usbd_ioreq.o
    0x0800283c   0x0800283c   0x00000014   Code   RO         1320    .text.USBD_CtlError  usbd_ctlreq.o
    0x08002850   0x08002850   0x0000001a   Code   RO         1347    .text.USBD_CtlPrepareRx  usbd_ioreq.o
    0x0800286a   0x0800286a   0x00000002   PAD
    0x0800286c   0x0800286c   0x00000016   Code   RO         1353    .text.USBD_CtlReceiveStatus  usbd_ioreq.o
    0x08002882   0x08002882   0x00000002   PAD
    0x08002884   0x08002884   0x0000001a   Code   RO         1343    .text.USBD_CtlSendData  usbd_ioreq.o
    0x0800289e   0x0800289e   0x00000002   PAD
    0x080028a0   0x080028a0   0x00000016   Code   RO         1351    .text.USBD_CtlSendStatus  usbd_ioreq.o
    0x080028b6   0x080028b6   0x00000002   PAD
    0x080028b8   0x080028b8   0x00000024   Code   RO          124    .text.USBD_FS_ConfigStrDescriptor  usbd_desc.o
    0x080028dc   0x080028dc   0x0000000e   Code   RO          114    .text.USBD_FS_DeviceDescriptor  usbd_desc.o
    0x080028ea   0x080028ea   0x00000002   PAD
    0x080028ec   0x080028ec   0x00000028   Code   RO          126    .text.USBD_FS_InterfaceStrDescriptor  usbd_desc.o
    0x08002914   0x08002914   0x0000000e   Code   RO          116    .text.USBD_FS_LangIDStrDescriptor  usbd_desc.o
    0x08002922   0x08002922   0x00000002   PAD
    0x08002924   0x08002924   0x0000002c   Code   RO          118    .text.USBD_FS_ManufacturerStrDescriptor  usbd_desc.o
    0x08002950   0x08002950   0x00000024   Code   RO          120    .text.USBD_FS_ProductStrDescriptor  usbd_desc.o
    0x08002974   0x08002974   0x00000014   Code   RO          122    .text.USBD_FS_SerialStrDescriptor  usbd_desc.o
    0x08002988   0x08002988   0x00000030   Code   RO         1312    .text.USBD_GetConfig  usbd_ctlreq.o
    0x080029b8   0x080029b8   0x00000106   Code   RO         1306    .text.USBD_GetDescriptor  usbd_ctlreq.o
    0x08002abe   0x08002abe   0x00000002   PAD
    0x08002ac0   0x08002ac0   0x0000001e   Code   RO         1332    .text.USBD_GetLen   usbd_ctlreq.o
    0x08002ade   0x08002ade   0x00000002   PAD
    0x08002ae0   0x08002ae0   0x00000032   Code   RO         1314    .text.USBD_GetStatus  usbd_ctlreq.o
    0x08002b12   0x08002b12   0x00000002   PAD
    0x08002b14   0x08002b14   0x00000044   Code   RO         1330    .text.USBD_GetString  usbd_ctlreq.o
    0x08002b58   0x08002b58   0x0000001a   Code   RO          198    .text.USBD_Get_USB_Status  usbd_conf.o
    0x08002b72   0x08002b72   0x00000002   PAD
    0x08002b74   0x08002b74   0x0000002e   Code   RO         1256    .text.USBD_Init     usbd_core.o
    0x08002ba2   0x08002ba2   0x00000002   PAD
    0x08002ba4   0x08002ba4   0x00000010   Code   RO          212    .text.USBD_LL_ClearStallEP  usbd_conf.o
    0x08002bb4   0x08002bb4   0x00000010   Code   RO          206    .text.USBD_LL_CloseEP  usbd_conf.o
    0x08002bc4   0x08002bc4   0x000000a6   Code   RO         1276    .text.USBD_LL_DataInStage  usbd_core.o
    0x08002c6a   0x08002c6a   0x00000002   PAD
    0x08002c6c   0x08002c6c   0x0000006a   Code   RO         1274    .text.USBD_LL_DataOutStage  usbd_core.o
    0x08002cd6   0x08002cd6   0x00000002   PAD
    0x08002cd8   0x08002cd8   0x00000004   Code   RO         1292    .text.USBD_LL_DevConnected  usbd_core.o
    0x08002cdc   0x08002cdc   0x00000018   Code   RO         1294    .text.USBD_LL_DevDisconnected  usbd_core.o
    0x08002cf4   0x08002cf4   0x0000000c   Code   RO          222    .text.USBD_LL_GetRxDataSize  usbd_conf.o
    0x08002d00   0x08002d00   0x00000070   Code   RO          194    .text.USBD_LL_Init  usbd_conf.o
    0x08002d70   0x08002d70   0x00000020   Code   RO          214    .text.USBD_LL_IsStallEP  usbd_conf.o
    0x08002d90   0x08002d90   0x0000001e   Code   RO         1288    .text.USBD_LL_IsoINIncomplete  usbd_core.o
    0x08002dae   0x08002dae   0x00000002   PAD
    0x08002db0   0x08002db0   0x0000001e   Code   RO         1290    .text.USBD_LL_IsoOUTIncomplete  usbd_core.o
    0x08002dce   0x08002dce   0x00000002   PAD
    0x08002dd0   0x08002dd0   0x00000016   Code   RO          204    .text.USBD_LL_OpenEP  usbd_conf.o
    0x08002de6   0x08002de6   0x00000002   PAD
    0x08002de8   0x08002de8   0x00000010   Code   RO          220    .text.USBD_LL_PrepareReceive  usbd_conf.o
    0x08002df8   0x08002df8   0x00000062   Code   RO         1278    .text.USBD_LL_Reset  usbd_core.o
    0x08002e5a   0x08002e5a   0x00000002   PAD
    0x08002e5c   0x08002e5c   0x00000014   Code   RO         1284    .text.USBD_LL_Resume  usbd_core.o
    0x08002e70   0x08002e70   0x0000001e   Code   RO         1286    .text.USBD_LL_SOF   usbd_core.o
    0x08002e8e   0x08002e8e   0x00000002   PAD
    0x08002e90   0x08002e90   0x00000008   Code   RO         1280    .text.USBD_LL_SetSpeed  usbd_core.o
    0x08002e98   0x08002e98   0x00000010   Code   RO          216    .text.USBD_LL_SetUSBAddress  usbd_conf.o
    0x08002ea8   0x08002ea8   0x00000058   Code   RO         1272    .text.USBD_LL_SetupStage  usbd_core.o
    0x08002f00   0x08002f00   0x00000010   Code   RO          210    .text.USBD_LL_StallEP  usbd_conf.o
    0x08002f10   0x08002f10   0x00000010   Code   RO          200    .text.USBD_LL_Start  usbd_conf.o
    0x08002f20   0x08002f20   0x00000014   Code   RO         1282    .text.USBD_LL_Suspend  usbd_core.o
    0x08002f34   0x08002f34   0x00000010   Code   RO          218    .text.USBD_LL_Transmit  usbd_conf.o
    0x08002f44   0x08002f44   0x00000028   Code   RO         1326    .text.USBD_ParseSetupRequest  usbd_ctlreq.o
    0x08002f6c   0x08002f6c   0x0000002c   Code   RO         1260    .text.USBD_RegisterClass  usbd_core.o
    0x08002f98   0x08002f98   0x00000046   Code   RO         1308    .text.USBD_SetAddress  usbd_ctlreq.o
    0x08002fde   0x08002fde   0x00000002   PAD
    0x08002fe0   0x08002fe0   0x00000012   Code   RO         1268    .text.USBD_SetClassConfig  usbd_core.o
    0x08002ff2   0x08002ff2   0x00000002   PAD
    0x08002ff4   0x08002ff4   0x000000ba   Code   RO         1310    .text.USBD_SetConfig  usbd_ctlreq.o
    0x080030ae   0x080030ae   0x00000002   PAD
    0x080030b0   0x080030b0   0x00000016   Code   RO         1316    .text.USBD_SetFeature  usbd_ctlreq.o
    0x080030c6   0x080030c6   0x00000002   PAD
    0x080030c8   0x080030c8   0x00000008   Code   RO         1262    .text.USBD_Start    usbd_core.o
    0x080030d0   0x080030d0   0x0000006e   Code   RO         1304    .text.USBD_StdDevReq  usbd_ctlreq.o
    0x0800313e   0x0800313e   0x00000002   PAD
    0x08003140   0x08003140   0x00000136   Code   RO         1324    .text.USBD_StdEPReq  usbd_ctlreq.o
    0x08003276   0x08003276   0x00000002   PAD
    0x08003278   0x08003278   0x00000062   Code   RO         1322    .text.USBD_StdItfReq  usbd_ctlreq.o
    0x080032da   0x080032da   0x00000002   PAD
    0x080032dc   0x080032dc   0x00000002   Code   RO          226    .text.USBD_static_free  usbd_conf.o
    0x080032de   0x080032de   0x00000002   PAD
    0x080032e0   0x080032e0   0x0000000a   Code   RO          224    .text.USBD_static_malloc  usbd_conf.o
    0x080032ea   0x080032ea   0x00000002   PAD
    0x080032ec   0x080032ec   0x00000098   Code   RO          360    .text.USB_ActivateEndpoint  stm32f4xx_ll_usb.o
    0x08003384   0x08003384   0x00000020   Code   RO          400    .text.USB_ActivateSetup  stm32f4xx_ll_usb.o
    0x080033a4   0x080033a4   0x00000078   Code   RO          336    .text.USB_CoreInit  stm32f4xx_ll_usb.o
    0x0800341c   0x0800341c   0x0000004c   Code   RO          338    .text.USB_CoreReset  stm32f4xx_ll_usb.o
    0x08003468   0x08003468   0x00000092   Code   RO          364    .text.USB_DeactivateEndpoint  stm32f4xx_ll_usb.o
    0x080034fa   0x080034fa   0x00000002   PAD
    0x080034fc   0x080034fc   0x0000001e   Code   RO          384    .text.USB_DevConnect  stm32f4xx_ll_usb.o
    0x0800351a   0x0800351a   0x00000002   PAD
    0x0800351c   0x0800351c   0x0000001e   Code   RO          386    .text.USB_DevDisconnect  stm32f4xx_ll_usb.o
    0x0800353a   0x0800353a   0x00000002   PAD
    0x0800353c   0x0800353c   0x0000015e   Code   RO          350    .text.USB_DevInit   stm32f4xx_ll_usb.o
    0x0800369a   0x0800369a   0x00000002   PAD
    0x0800369c   0x0800369c   0x0000000e   Code   RO          344    .text.USB_DisableGlobalInt  stm32f4xx_ll_usb.o
    0x080036aa   0x080036aa   0x00000002   PAD
    0x080036ac   0x080036ac   0x000000fa   Code   RO          372    .text.USB_EP0StartXfer  stm32f4xx_ll_usb.o
    0x080037a6   0x080037a6   0x00000002   PAD
    0x080037a8   0x080037a8   0x0000005a   Code   RO          402    .text.USB_EP0_OutStart  stm32f4xx_ll_usb.o
    0x08003802   0x08003802   0x00000002   PAD
    0x08003804   0x08003804   0x00000050   Code   RO          378    .text.USB_EPClearStall  stm32f4xx_ll_usb.o
    0x08003854   0x08003854   0x0000004e   Code   RO          376    .text.USB_EPSetStall  stm32f4xx_ll_usb.o
    0x080038a2   0x080038a2   0x00000002   PAD
    0x080038a4   0x080038a4   0x000001b2   Code   RO          368    .text.USB_EPStartXfer  stm32f4xx_ll_usb.o
    0x08003a56   0x08003a56   0x00000002   PAD
    0x08003a58   0x08003a58   0x0000000e   Code   RO          342    .text.USB_EnableGlobalInt  stm32f4xx_ll_usb.o
    0x08003a66   0x08003a66   0x00000002   PAD
    0x08003a68   0x08003a68   0x00000030   Code   RO          356    .text.USB_FlushRxFifo  stm32f4xx_ll_usb.o
    0x08003a98   0x08003a98   0x00000030   Code   RO          354    .text.USB_FlushTxFifo  stm32f4xx_ll_usb.o
    0x08003ac8   0x08003ac8   0x0000001a   Code   RO          358    .text.USB_GetDevSpeed  stm32f4xx_ll_usb.o
    0x08003ae2   0x08003ae2   0x00000002   PAD
    0x08003ae4   0x08003ae4   0x00000008   Code   RO          348    .text.USB_GetMode   stm32f4xx_ll_usb.o
    0x08003aec   0x08003aec   0x0000000e   Code   RO          392    .text.USB_ReadDevAllInEpInterrupt  stm32f4xx_ll_usb.o
    0x08003afa   0x08003afa   0x00000002   PAD
    0x08003afc   0x08003afc   0x0000000e   Code   RO          390    .text.USB_ReadDevAllOutEpInterrupt  stm32f4xx_ll_usb.o
    0x08003b0a   0x08003b0a   0x00000002   PAD
    0x08003b0c   0x08003b0c   0x00000024   Code   RO          396    .text.USB_ReadDevInEPInterrupt  stm32f4xx_ll_usb.o
    0x08003b30   0x08003b30   0x00000010   Code   RO          394    .text.USB_ReadDevOutEPInterrupt  stm32f4xx_ll_usb.o
    0x08003b40   0x08003b40   0x00000008   Code   RO          388    .text.USB_ReadInterrupts  stm32f4xx_ll_usb.o
    0x08003b48   0x08003b48   0x0000004a   Code   RO          374    .text.USB_ReadPacket  stm32f4xx_ll_usb.o
    0x08003b92   0x08003b92   0x00000002   PAD
    0x08003b94   0x08003b94   0x00000068   Code   RO          346    .text.USB_SetCurrentMode  stm32f4xx_ll_usb.o
    0x08003bfc   0x08003bfc   0x00000022   Code   RO          382    .text.USB_SetDevAddress  stm32f4xx_ll_usb.o
    0x08003c1e   0x08003c1e   0x00000002   PAD
    0x08003c20   0x08003c20   0x00000010   Code   RO          352    .text.USB_SetDevSpeed  stm32f4xx_ll_usb.o
    0x08003c30   0x08003c30   0x00000116   Code   RO          340    .text.USB_SetTurnaroundTime  stm32f4xx_ll_usb.o
    0x08003d46   0x08003d46   0x00000002   PAD
    0x08003d48   0x08003d48   0x00000034   Code   RO          370    .text.USB_WritePacket  stm32f4xx_ll_usb.o
    0x08003d7c   0x08003d7c   0x00000002   Code   RO           68    .text.UsageFault_Handler  stm32f4xx_it.o
    0x08003d7e   0x08003d7e   0x00000002   PAD
    0x08003d80   0x08003d80   0x00000010   Code   RO           35    .text.__NVIC_ClearPendingIRQ  main.o
    0x08003d90   0x08003d90   0x00000028   Code   RO          758    .text.__NVIC_DisableIRQ  stm32f4xx_hal_cortex.o
    0x08003db8   0x08003db8   0x00000020   Code   RO          754    .text.__NVIC_EnableIRQ  stm32f4xx_hal_cortex.o
    0x08003dd8   0x08003dd8   0x00000010   Code   RO          746    .text.__NVIC_GetPriorityGrouping  stm32f4xx_hal_cortex.o
    0x08003de8   0x08003de8   0x00000022   Code   RO          748    .text.__NVIC_SetPriority  stm32f4xx_hal_cortex.o
    0x08003e0a   0x08003e0a   0x00000002   PAD
    0x08003e0c   0x08003e0c   0x00000020   Code   RO          742    .text.__NVIC_SetPriorityGrouping  stm32f4xx_hal_cortex.o
    0x08003e2c   0x08003e2c   0x00000030   Code   RO           23    .text.delay_us      main.o
    0x08003e5c   0x08003e5c   0x00000096   Code   RO           11    .text.main          main.o
    0x08003ef2   0x08003ef2   0x00000002   PAD
    0x08003ef4   0x08003ef4   0x00000046   Code   RO           29    .text.send_stop     main.o
    0x08003f3a   0x08003f3a   0x00000002   PAD
    0x08003f3c   0x08003f3c   0x000000a2   Code   RO           21    .text.setdir        main.o
    0x08003fde   0x08003fde   0x00000002   PAD
    0x08003fe0   0x08003fe0   0x000000e0   Code   RO           25    .text.step_run      main.o
    0x080040c0   0x080040c0   0x0000001a   Code   RO         1530    x$fpl$fpinit        fz_wm.l(fpinit.o)
    0x080040da   0x080040da   0x00000010   Data   RO         1246    .rodata.AHBPrescTable  system_stm32f4xx.o
    0x080040ea   0x080040ea   0x00000002   PAD
    0x080040ec   0x080040ec   0x00000020   Data   RO         1591    Region$$Table       anon$$obj.o


    Execution Region RW_IRAM1 (Exec base: 0x20000000, Load base: 0x08004110, Size: 0x00001b20, Max: 0x00010000, ABSOLUTE, COMPRESSED[0x000000c8])

    Exec Addr    Load Addr    Size         Type   Attr      Idx    E Section Name        Object

    0x20000000   COMPRESSED   0x0000001c   Data   RW          132    .data.FS_Desc       usbd_desc.o
    0x2000001c   COMPRESSED   0x00000004   Data   RW         1245    .data.SystemCoreClock  system_stm32f4xx.o
    0x20000020   COMPRESSED   0x00000038   Data   RW         1395    .data.USBD_CDC      usbd_cdc.o
    0x20000058   COMPRESSED   0x00000043   Data   RW         1397    .data.USBD_CDC_CfgFSDesc  usbd_cdc.o
    0x2000009b   COMPRESSED   0x00000001   PAD
    0x2000009c   COMPRESSED   0x00000043   Data   RW         1398    .data.USBD_CDC_CfgHSDesc  usbd_cdc.o
    0x200000df   COMPRESSED   0x00000001   PAD
    0x200000e0   COMPRESSED   0x0000000a   Data   RW         1396    .data.USBD_CDC_DeviceQualifierDesc  usbd_cdc.o
    0x200000ea   COMPRESSED   0x00000002   PAD
    0x200000ec   COMPRESSED   0x00000043   Data   RW         1399    .data.USBD_CDC_OtherSpeedCfgDesc  usbd_cdc.o
    0x2000012f   COMPRESSED   0x00000001   PAD
    0x20000130   COMPRESSED   0x00000012   Data   RW          133    .data.USBD_FS_DeviceDesc  usbd_desc.o
    0x20000142   COMPRESSED   0x00000002   PAD
    0x20000144   COMPRESSED   0x00000014   Data   RW          157    .data.USBD_Interface_fops_FS  usbd_cdc_if.o
    0x20000158   COMPRESSED   0x00000004   Data   RW          134    .data.USBD_LangIDDesc  usbd_desc.o
    0x2000015c   COMPRESSED   0x0000001a   Data   RW          135    .data.USBD_StringSerial  usbd_desc.o
    0x20000176   COMPRESSED   0x00000001   Data   RW           42    .data.run_flag      main.o
    0x20000177   COMPRESSED   0x00000001   Data   RW          867    .data.uwTickFreq    stm32f4xx_hal.o
    0x20000178   COMPRESSED   0x00000004   Data   RW          866    .data.uwTickPrio    stm32f4xx_hal.o
    0x2000017c   COMPRESSED   0x00000004   PAD
    0x20000180        -       0x00000060   Zero   RW         1458    .bss                c_w.l(libspace.o)
    0x200001e0        -       0x00000014   Zero   RW           49    .bss.TXBuffer       main.o
    0x200001f4        -       0x00000001   Zero   RW         1334    .bss.USBD_SetConfig.cfgidx  usbd_ctlreq.o
    0x200001f5   COMPRESSED   0x00000003   PAD
    0x200001f8        -       0x00000200   Zero   RW          136    .bss.USBD_StrDesc   usbd_desc.o
    0x200003f8        -       0x00000220   Zero   RW          231    .bss.USBD_static_malloc.mem  usbd_conf.o
    0x20000618        -       0x00000006   Zero   RW           39    .bss.USBbuffer      main.o
    0x2000061e        -       0x000003e8   Zero   RW          158    .bss.UserRxBufferFS  usbd_cdc_if.o
    0x20000a06        -       0x000003e8   Zero   RW          159    .bss.UserTxBufferFS  usbd_cdc_if.o
    0x20000dee        -       0x00000001   Zero   RW           44    .bss.direction      main.o
    0x20000def        -       0x00000001   Zero   RW           45    .bss.end            main.o
    0x20000df0        -       0x000002d0   Zero   RW          107    .bss.hUsbDeviceFS   usb_device.o
    0x200010c0        -       0x00000408   Zero   RW          230    .bss.hpcd_USB_OTG_FS  usbd_conf.o
    0x200014c8        -       0x00000048   Zero   RW           50    .bss.htim1          main.o
    0x20001510        -       0x00000001   Zero   RW           47    .bss.irq_flag       main.o
    0x20001511        -       0x00000001   Zero   RW           41    .bss.position_sensor  main.o
    0x20001512   COMPRESSED   0x00000002   PAD
    0x20001514        -       0x00000004   Zero   RW           40    .bss.time           main.o
    0x20001518        -       0x00000001   Zero   RW           46    .bss.time_input     main.o
    0x20001519   COMPRESSED   0x00000003   PAD
    0x2000151c        -       0x00000004   Zero   RW          868    .bss.uwTick         stm32f4xx_hal.o
    0x20001520        -       0x00000200   Zero   RW            2    HEAP                startup_stm32f401xc.o
    0x20001720        -       0x00000400   Zero   RW            1    STACK               startup_stm32f401xc.o


==============================================================================

Image component sizes


      Code (inc. data)   RO Data    RW Data    ZI Data      Debug   Object Name

      1542          0          0          1        107      12033   main.o
        64         26        404          0       1536        828   startup_stm32f401xc.o
       212          0          0          5          4       6831   stm32f4xx_hal.o
       306          0          0          0          0      10207   stm32f4xx_hal_cortex.o
       452          0          0          0          0       5242   stm32f4xx_hal_gpio.o
       126          0          0          0          0       6191   stm32f4xx_hal_msp.o
      2576          0          0          0          0      14949   stm32f4xx_hal_pcd.o
        90          0          0          0          0       4269   stm32f4xx_hal_pcd_ex.o
      1308          0          0          0          0       7341   stm32f4xx_hal_rcc.o
      1058          0          0          0          0      44692   stm32f4xx_hal_tim.o
       152          0          0          0          0      19029   stm32f4xx_hal_tim_ex.o
        76          0          0          0          0       2554   stm32f4xx_it.o
      2672          0          0          0          0      22910   stm32f4xx_ll_usb.o
        18          0         16          4          0       2681   system_stm32f4xx.o
       110          0          0          0        720       2970   usb_device.o
       902         12          0        267          0      10763   usbd_cdc.o
       156          0          0         20       2000       2977   usbd_cdc_if.o
       690          0          0          0       1576      15900   usbd_conf.o
       756          0          0          0          0       8167   usbd_core.o
      1356         24          0          0          1       9882   usbd_ctlreq.o
       310         60          0         76        512       3442   usbd_desc.o
       128          0          0          0          0       4578   usbd_ioreq.o

    ----------------------------------------------------------------------
     15268        122        454        380       6468     218436   Object Totals
         0          0         32          0          0          0   (incl. Generated)
       208          0          2          7         12          0   (incl. Padding)

    ----------------------------------------------------------------------

      Code (inc. data)   RO Data    RW Data    ZI Data      Debug   Library Member Name

        90          0          0          0          0          0   __dczerorl2.o
         8          0          0          0          0         68   __main.o
         0          0          0          0          0          0   __rtentry.o
        12          0          0          0          0          0   __rtentry2.o
         6          0          0          0          0          0   __rtentry4.o
        52          8          0          0          0          0   __scatter.o
        28          0          0          0          0          0   __scatter_zi.o
        18          0          0          0          0         80   exit.o
         6          0          0          0          0        152   heapauxi.o
         0          0          0          0          0          0   indicate_semi.o
         2          0          0          0          0          0   libinit.o
         6          0          0          0          0          0   libinit2.o
         2          0          0          0          0          0   libshutdown.o
         2          0          0          0          0          0   libshutdown2.o
         8          4          0          0         96         68   libspace.o
       240          0          0          0          0        100   lludivv7m.o
        78          0          0          0          0         80   rt_memclr_w.o
       138          0          0          0          0         68   rt_memcpy_v6.o
       100          0          0          0          0         80   rt_memcpy_w.o
         2          0          0          0          0          0   rtexit.o
        10          0          0          0          0          0   rtexit2.o
        12          4          0          0          0         68   sys_exit.o
        74          0          0          0          0         80   sys_stackheap_outer.o
         2          0          0          0          0         68   use_no_semi.o
        26          0          0          0          0        116   fpinit.o

    ----------------------------------------------------------------------
       930         16          0          0         96       1028   Library Totals
         8          0          0          0          0          0   (incl. Padding)

    ----------------------------------------------------------------------

      Code (inc. data)   RO Data    RW Data    ZI Data      Debug   Library Name

       896         16          0          0         96        912   c_w.l
        26          0          0          0          0        116   fz_wm.l

    ----------------------------------------------------------------------
       930         16          0          0         96       1028   Library Totals

    ----------------------------------------------------------------------

==============================================================================


      Code (inc. data)   RO Data    RW Data    ZI Data      Debug   

     16198        138        454        380       6564     218700   Grand Totals
     16198        138        454        200       6564     218700   ELF Image Totals (compressed)
     16198        138        454        200          0          0   ROM Totals

==============================================================================

    Total RO  Size (Code + RO Data)                16652 (  16.26kB)
    Total RW  Size (RW Data + ZI Data)              6944 (   6.78kB)
    Total ROM Size (Code + RO Data + RW Data)      16852 (  16.46kB)

==============================================================================

